Archive member included to satisfy reference by file (symbol)

c:/nxp/s32ds.3.5/s32ds/build_tools/gcc_v10.2/gcc-10.2-arm32-eabi/bin/../lib/gcc/arm-none-eabi/10.2.0/../../../../arm-none-eabi/lib/thumb/v7e-m+fp/hard\libc_nano.a(lib_a-memmove.o)
                              ./RTD/src/Siul2_Port_Ip.o (memmove)
c:/nxp/s32ds.3.5/s32ds/build_tools/gcc_v10.2/gcc-10.2-arm32-eabi/bin/../lib/gcc/arm-none-eabi/10.2.0/../../../../arm-none-eabi/lib/thumb/v7e-m+fp/hard\libc_nano.a(lib_a-memset.o)
                              ./Project_Settings/Startup_Code/startup.o (memset)

Discarded input sections

 .group         0x00000000        0xc ./Project_Settings/Startup_Code/exceptions.o
 .group         0x00000000        0xc ./Project_Settings/Startup_Code/exceptions.o
 .group         0x00000000        0xc ./Project_Settings/Startup_Code/exceptions.o
 .group         0x00000000        0xc ./Project_Settings/Startup_Code/exceptions.o
 .group         0x00000000        0xc ./Project_Settings/Startup_Code/exceptions.o
 .group         0x00000000        0xc ./Project_Settings/Startup_Code/exceptions.o
 .group         0x00000000        0xc ./Project_Settings/Startup_Code/exceptions.o
 .group         0x00000000        0xc ./Project_Settings/Startup_Code/exceptions.o
 .group         0x00000000        0xc ./Project_Settings/Startup_Code/exceptions.o
 .group         0x00000000        0xc ./Project_Settings/Startup_Code/exceptions.o
 .group         0x00000000        0xc ./Project_Settings/Startup_Code/exceptions.o
 .group         0x00000000        0xc ./Project_Settings/Startup_Code/exceptions.o
 .group         0x00000000        0xc ./Project_Settings/Startup_Code/exceptions.o
 .group         0x00000000        0xc ./Project_Settings/Startup_Code/exceptions.o
 .group         0x00000000        0xc ./Project_Settings/Startup_Code/exceptions.o
 .group         0x00000000        0xc ./Project_Settings/Startup_Code/exceptions.o
 .group         0x00000000        0xc ./Project_Settings/Startup_Code/exceptions.o
 .group         0x00000000        0xc ./Project_Settings/Startup_Code/exceptions.o
 .group         0x00000000        0xc ./Project_Settings/Startup_Code/exceptions.o
 .group         0x00000000        0xc ./Project_Settings/Startup_Code/exceptions.o
 .group         0x00000000        0xc ./Project_Settings/Startup_Code/exceptions.o
 .group         0x00000000        0xc ./Project_Settings/Startup_Code/exceptions.o
 .group         0x00000000        0xc ./Project_Settings/Startup_Code/exceptions.o
 .group         0x00000000        0xc ./Project_Settings/Startup_Code/exceptions.o
 .group         0x00000000        0xc ./Project_Settings/Startup_Code/exceptions.o
 .group         0x00000000        0xc ./Project_Settings/Startup_Code/exceptions.o
 .group         0x00000000        0xc ./Project_Settings/Startup_Code/nvic.o
 .group         0x00000000        0xc ./Project_Settings/Startup_Code/nvic.o
 .group         0x00000000        0xc ./Project_Settings/Startup_Code/nvic.o
 .group         0x00000000        0xc ./Project_Settings/Startup_Code/nvic.o
 .group         0x00000000        0xc ./Project_Settings/Startup_Code/nvic.o
 .group         0x00000000        0xc ./Project_Settings/Startup_Code/nvic.o
 .group         0x00000000        0xc ./Project_Settings/Startup_Code/nvic.o
 .group         0x00000000        0xc ./Project_Settings/Startup_Code/nvic.o
 .group         0x00000000        0xc ./Project_Settings/Startup_Code/nvic.o
 .group         0x00000000        0xc ./Project_Settings/Startup_Code/nvic.o
 .group         0x00000000        0xc ./Project_Settings/Startup_Code/nvic.o
 .group         0x00000000        0xc ./Project_Settings/Startup_Code/nvic.o
 .group         0x00000000        0xc ./Project_Settings/Startup_Code/nvic.o
 .group         0x00000000        0xc ./Project_Settings/Startup_Code/nvic.o
 .group         0x00000000        0xc ./Project_Settings/Startup_Code/nvic.o
 .group         0x00000000        0xc ./Project_Settings/Startup_Code/nvic.o
 .group         0x00000000        0xc ./Project_Settings/Startup_Code/nvic.o
 .group         0x00000000        0xc ./Project_Settings/Startup_Code/nvic.o
 .group         0x00000000        0xc ./Project_Settings/Startup_Code/nvic.o
 .group         0x00000000        0xc ./Project_Settings/Startup_Code/nvic.o
 .group         0x00000000        0xc ./Project_Settings/Startup_Code/nvic.o
 .group         0x00000000        0xc ./Project_Settings/Startup_Code/nvic.o
 .group         0x00000000        0xc ./Project_Settings/Startup_Code/nvic.o
 .group         0x00000000        0xc ./Project_Settings/Startup_Code/nvic.o
 .group         0x00000000        0xc ./Project_Settings/Startup_Code/nvic.o
 .group         0x00000000        0xc ./Project_Settings/Startup_Code/nvic.o
 .group         0x00000000        0xc ./Project_Settings/Startup_Code/nvic.o
 .group         0x00000000        0xc ./Project_Settings/Startup_Code/nvic.o
 .group         0x00000000        0xc ./Project_Settings/Startup_Code/nvic.o
[...]
Memory Configuration

Name             Origin             Length             Attributes
int_flash_c0     0x00400000         0x00100000
int_flash_c1     0x00500000         0x000d4000
int_itcm         0x00000000         0x00008000
int_dtcm         0x20000000         0x0000f000
int_stack_dtcm   0x2000f000         0x00001000
int_sram_c0      0x20400000         0x00003f00
int_sram_fls_rsv_c0 0x20403f00         0x00000100
int_sram_no_cacheable_c0 0x20404000         0x00002000
ram_end_c0       0x20406000         0x00000000
int_sram_c1      0x20406000         0x00001f00
int_sram_fls_rsv_c1 0x20407f00         0x00000100
int_sram_no_cacheable_c1 0x20408000         0x00004000
ram_end_c1       0x2040c000         0x00000000
int_sram_shareable 0x2040c000         0x00004000
ram_rsvd2        0x20410000         0x00000000
*default*        0x00000000         0xffffffff

Linker script and memory map

LOAD ./Project_Settings/Startup_Code/Vector_Table.o
LOAD ./Project_Settings/Startup_Code/exceptions.o
LOAD ./Project_Settings/Startup_Code/nvic.o
LOAD ./Project_Settings/Startup_Code/startup.o
LOAD ./Project_Settings/Startup_Code/startup_cm7.o
LOAD ./Project_Settings/Startup_Code/system.o
LOAD ./RTD/src/Adc_Sar_Ip.o
LOAD ./RTD/src/Adc_Sar_Ip_Irq.o
LOAD ./RTD/src/Clock_Ip.o
LOAD ./RTD/src/Clock_Ip_Data.o
LOAD ./RTD/src/Clock_Ip_Divider.o
LOAD ./RTD/src/Clock_Ip_DividerTrigger.o
LOAD ./RTD/src/Clock_Ip_ExtOsc.o
LOAD ./RTD/src/Clock_Ip_FracDiv.o
LOAD ./RTD/src/Clock_Ip_Frequency.o
LOAD ./RTD/src/Clock_Ip_Gate.o
LOAD ./RTD/src/Clock_Ip_IntOsc.o
LOAD ./RTD/src/Clock_Ip_Irq.o
LOAD ./RTD/src/Clock_Ip_Monitor.o
LOAD ./RTD/src/Clock_Ip_Pll.o
LOAD ./RTD/src/Clock_Ip_ProgFreqSwitch.o
LOAD ./RTD/src/Clock_Ip_Selector.o
LOAD ./RTD/src/Clock_Ip_Specific.o
LOAD ./RTD/src/Det.o
LOAD ./RTD/src/Det_stub.o
LOAD ./RTD/src/FlexCAN_Ip.o
LOAD ./RTD/src/FlexCAN_Ip_HwAccess.o
LOAD ./RTD/src/FlexCAN_Ip_Irq.o
LOAD ./RTD/src/Igf_Port_Ip.o
LOAD ./RTD/src/IntCtrl_Ip.o
LOAD ./RTD/src/Lpspi_Ip.o
LOAD ./RTD/src/Lpspi_Ip_Irq.o
LOAD ./RTD/src/Lpuart_Uart_Ip.o
LOAD ./RTD/src/Lpuart_Uart_Ip_Irq.o
LOAD ./RTD/src/OsIf_Interrupts.o
LOAD ./RTD/src/OsIf_Timer.o
LOAD ./RTD/src/OsIf_Timer_System.o
LOAD ./RTD/src/OsIf_Timer_System_Internal_Systick.o
LOAD ./RTD/src/SchM_Adc.o
LOAD ./RTD/src/SchM_Can_43_FLEXCAN.o
LOAD ./RTD/src/SchM_Dio.o
LOAD ./RTD/src/SchM_Mcu.o
LOAD ./RTD/src/SchM_Port.o
LOAD ./RTD/src/SchM_Spi.o
LOAD ./RTD/src/SchM_Uart.o
LOAD ./RTD/src/Siul2_Dio_Ip.o
LOAD ./RTD/src/Siul2_Port_Ip.o
LOAD ./RTD/src/Tspc_Port_Ip.o
LOAD ./board/Siul2_Port_Ip_Cfg.o
LOAD ./board/Tspc_Port_Ip_Cfg.o
LOAD ./generate/src/Adc_Sar_Ip_BOARD_InitPeripherals_PBcfg.o
LOAD ./generate/src/Clock_Ip_Cfg.o
LOAD ./generate/src/FlexCAN_Ip_Sa_BOARD_InitPeripherals_PBcfg.o
LOAD ./generate/src/Igf_Port_Ip_Cfg.o
LOAD ./generate/src/IntCtrl_Ip_Cfg.o
LOAD ./generate/src/Lpspi_Ip_Sa_BOARD_InitPeripherals_PBcfg.o
LOAD ./generate/src/Lpuart_Uart_Ip_Sa_BOARD_InitPeripherals_PBcfg.o
LOAD ./generate/src/OsIf_Cfg.o
LOAD ./src/EAL/EAL_DIO/eal_dio.o
LOAD ./src/EAL/EAL_DIO/eal_dio_cfg.o
LOAD ./src/HAL/HAL_ADC/hal_adc.o
LOAD ./src/HAL/HAL_CAN/hal_can.o
LOAD ./src/HAL/HAL_DIO/hal_dio.o
LOAD ./src/HAL/HAL_IIC/hal_iic.o
LOAD ./src/HAL/HAL_SPI/hal_spi.o
LOAD ./src/HAL/HAL_UART/hal_uart.o
LOAD ./src/RTE/rte.o
LOAD ./src/SER/Init/ser_init.o
LOAD ./src/main.o
LOAD c:/nxp/s32ds.3.5/s32ds/build_tools/gcc_v10.2/gcc-10.2-arm32-eabi/bin/../lib/gcc/arm-none-eabi/10.2.0/../../../../arm-none-eabi/lib/thumb/v7e-m+fp/hard\libc_nano.a
LOAD c:/nxp/s32ds.3.5/s32ds/build_tools/gcc_v10.2/gcc-10.2-arm32-eabi/bin/../lib/gcc/arm-none-eabi/10.2.0/../../../../arm-none-eabi/lib/thumb/v7e-m+fp/hard\libm.a
LOAD c:/nxp/s32ds.3.5/s32ds/build_tools/gcc_v10.2/gcc-10.2-arm32-eabi/bin/../lib/gcc/arm-none-eabi/10.2.0/thumb/v7e-m+fp/hard\libgcc.a
START GROUP
LOAD c:/nxp/s32ds.3.5/s32ds/build_tools/gcc_v10.2/gcc-10.2-arm32-eabi/bin/../lib/gcc/arm-none-eabi/10.2.0/thumb/v7e-m+fp/hard\libgcc.a
LOAD c:/nxp/s32ds.3.5/s32ds/build_tools/gcc_v10.2/gcc-10.2-arm32-eabi/bin/../lib/gcc/arm-none-eabi/10.2.0/../../../../arm-none-eabi/lib/thumb/v7e-m+fp/hard\libg_nano.a
LOAD c:/nxp/s32ds.3.5/s32ds/build_tools/gcc_v10.2/gcc-10.2-arm32-eabi/bin/../lib/gcc/arm-none-eabi/10.2.0/../../../../arm-none-eabi/lib/thumb/v7e-m+fp/hard\libc_nano.a
END GROUP
START GROUP
LOAD c:/nxp/s32ds.3.5/s32ds/build_tools/gcc_v10.2/gcc-10.2-arm32-eabi/bin/../lib/gcc/arm-none-eabi/10.2.0/thumb/v7e-m+fp/hard\libgcc.a
LOAD c:/nxp/s32ds.3.5/s32ds/build_tools/gcc_v10.2/gcc-10.2-arm32-eabi/bin/../lib/gcc/arm-none-eabi/10.2.0/../../../../arm-none-eabi/lib/thumb/v7e-m+fp/hard\libc_nano.a
LOAD c:/nxp/s32ds.3.5/s32ds/build_tools/gcc_v10.2/gcc-10.2-arm32-eabi/bin/../lib/gcc/arm-none-eabi/10.2.0/../../../../arm-none-eabi/lib/thumb/v7e-m+fp/hard\libnosys.a
END GROUP
START GROUP
LOAD c:/nxp/s32ds.3.5/s32ds/build_tools/gcc_v10.2/gcc-10.2-arm32-eabi/bin/../lib/gcc/arm-none-eabi/10.2.0/thumb/v7e-m+fp/hard\libgcc.a
LOAD c:/nxp/s32ds.3.5/s32ds/build_tools/gcc_v10.2/gcc-10.2-arm32-eabi/bin/../lib/gcc/arm-none-eabi/10.2.0/../../../../arm-none-eabi/lib/thumb/v7e-m+fp/hard\libc_nano.a
LOAD c:/nxp/s32ds.3.5/s32ds/build_tools/gcc_v10.2/gcc-10.2-arm32-eabi/bin/../lib/gcc/arm-none-eabi/10.2.0/../../../../arm-none-eabi/lib/thumb/v7e-m+fp/hard\libnosys.a
END GROUP
                0x00001000                HEAP_SIZE = DEFINED (__heap_size__)?__heap_size__:0x1000

.flash          0x00400000     0xf89c
 *(.boot_header)
 .boot_header   0x00400000       0x30 ./Project_Settings/Startup_Code/startup_cm7.o
                0x00400800                . = ALIGN (0x800)
 *fill*         0x00400030      0x7d0 
                0x00400800                __text_start = .
                0x00400800                __interrupts_init_start = .
 *(.intc_vector)
 .intc_vector   0x00400800      0x408 ./Project_Settings/Startup_Code/Vector_Table.o
                0x00400800                VTABLE
                0x00400c08                . = ALIGN (0x4)
                0x00400c08                __interrupts_init_end = .
 *(.core_loop)
 .core_loop     0x00400c08        0xc ./Project_Settings/Startup_Code/startup_cm7.o
                0x00400c08                _core_loop
                0x00400c14                . = ALIGN (0x4)
 *(.startup)
 *fill*         0x00400c14        0xc 
 .startup       0x00400c20      0x1cc ./Project_Settings/Startup_Code/startup_cm7.o
                0x00400c20                Reset_Handler
                0x00400c20                _start
                0x00400d7a                MCAL_LTB_TRACE_OFF
                0x00400d7c                _end_of_eunit_test
                0x00400dec                . = ALIGN (0x4)
 *(.text.startup)
 .text.startup  0x00400dec       0x10 ./src/main.o
                0x00400dec                main
                0x00400dfc                . = ALIGN (0x4)
 *(.text)
 .text          0x00400dfc        0x0 ./Project_Settings/Startup_Code/Vector_Table.o
 .text          0x00400dfc        0x0 ./Project_Settings/Startup_Code/exceptions.o
 .text          0x00400dfc        0x0 ./Project_Settings/Startup_Code/nvic.o
 .text          0x00400dfc        0x0 ./Project_Settings/Startup_Code/startup.o
 .text          0x00400dfc        0x0 ./Project_Settings/Startup_Code/startup_cm7.o
 .text          0x00400dfc       0x10 ./Project_Settings/Startup_Code/system.o
                0x00400dfc                Sys_GetCoreID
 .text          0x00400e0c        0x0 ./RTD/src/Adc_Sar_Ip.o
 .text          0x00400e0c        0x0 ./RTD/src/Adc_Sar_Ip_Irq.o
 .text          0x00400e0c        0x0 ./RTD/src/Clock_Ip.o
 .text          0x00400e0c        0x0 ./RTD/src/Clock_Ip_Data.o
 .text          0x00400e0c        0x0 ./RTD/src/Clock_Ip_Divider.o
 .text          0x00400e0c        0x0 ./RTD/src/Clock_Ip_DividerTrigger.o
 .text          0x00400e0c        0x0 ./RTD/src/Clock_Ip_ExtOsc.o
 .text          0x00400e0c        0x0 ./RTD/src/Clock_Ip_FracDiv.o
 .text          0x00400e0c        0x0 ./RTD/src/Clock_Ip_Frequency.o
 .text          0x00400e0c        0x0 ./RTD/src/Clock_Ip_Gate.o
 .text          0x00400e0c        0x0 ./RTD/src/Clock_Ip_IntOsc.o
 .text          0x00400e0c        0x0 ./RTD/src/Clock_Ip_Irq.o
 .text          0x00400e0c        0x0 ./RTD/src/Clock_Ip_Monitor.o
 .text          0x00400e0c        0x0 ./RTD/src/Clock_Ip_Pll.o
 .text          0x00400e0c        0x0 ./RTD/src/Clock_Ip_ProgFreqSwitch.o
 .text          0x00400e0c        0x0 ./RTD/src/Clock_Ip_Selector.o
 .text          0x00400e0c        0x0 ./RTD/src/Clock_Ip_Specific.o
 .text          0x00400e0c        0x0 ./RTD/src/Det.o
 .text          0x00400e0c        0x0 ./RTD/src/Det_stub.o
 .text          0x00400e0c       0x14 ./RTD/src/FlexCAN_Ip.o
 .text          0x00400e20       0x14 ./RTD/src/FlexCAN_Ip_HwAccess.o
 .text          0x00400e34        0x0 ./RTD/src/FlexCAN_Ip_Irq.o
 .text          0x00400e34        0x0 ./RTD/src/Igf_Port_Ip.o
 .text          0x00400e34       0x14 ./RTD/src/IntCtrl_Ip.o
 .text          0x00400e48       0x14 ./RTD/src/Lpspi_Ip.o
 .text          0x00400e5c        0x0 ./RTD/src/Lpspi_Ip_Irq.o
 .text          0x00400e5c       0x14 ./RTD/src/Lpuart_Uart_Ip.o
 .text          0x00400e70        0x0 ./RTD/src/Lpuart_Uart_Ip_Irq.o
 .text          0x00400e70        0x0 ./RTD/src/OsIf_Interrupts.o
 .text          0x00400e70        0x0 ./RTD/src/OsIf_Timer.o
 .text          0x00400e70        0x0 ./RTD/src/OsIf_Timer_System.o
 .text          0x00400e70        0x0 ./RTD/src/OsIf_Timer_System_Internal_Systick.o
 .text          0x00400e70        0x6 ./RTD/src/SchM_Adc.o
                0x00400e70                Adc_schm_read_msr
 .text          0x00400e76        0x6 ./RTD/src/SchM_Can_43_FLEXCAN.o
                0x00400e76                Can_43_FLEXCAN_schm_read_msr
 .text          0x00400e7c        0x6 ./RTD/src/SchM_Dio.o
                0x00400e7c                Dio_schm_read_msr
 .text          0x00400e82        0x6 ./RTD/src/SchM_Mcu.o
                0x00400e82                Mcu_schm_read_msr
 .text          0x00400e88        0x6 ./RTD/src/SchM_Port.o
                0x00400e88                Port_schm_read_msr
 .text          0x00400e8e        0x6 ./RTD/src/SchM_Spi.o
                0x00400e8e                Spi_schm_read_msr
 .text          0x00400e94        0x6 ./RTD/src/SchM_Uart.o
                0x00400e94                Uart_schm_read_msr
 .text          0x00400e9a       0x14 ./RTD/src/Siul2_Dio_Ip.o
 .text          0x00400eae       0x14 ./RTD/src/Siul2_Port_Ip.o
 .text          0x00400ec2        0x0 ./RTD/src/Tspc_Port_Ip.o
 .text          0x00400ec2        0x0 ./board/Siul2_Port_Ip_Cfg.o
 .text          0x00400ec2        0x0 ./board/Tspc_Port_Ip_Cfg.o
 .text          0x00400ec2        0x0 ./generate/src/Adc_Sar_Ip_BOARD_InitPeripherals_PBcfg.o
 .text          0x00400ec2        0x0 ./generate/src/Clock_Ip_Cfg.o
 .text          0x00400ec2        0x0 ./generate/src/FlexCAN_Ip_Sa_BOARD_InitPeripherals_PBcfg.o
 .text          0x00400ec2        0x0 ./generate/src/Igf_Port_Ip_Cfg.o
 .text          0x00400ec2        0x0 ./generate/src/IntCtrl_Ip_Cfg.o
 .text          0x00400ec2        0x0 ./generate/src/Lpspi_Ip_Sa_BOARD_InitPeripherals_PBcfg.o
 .text          0x00400ec2        0x0 ./generate/src/Lpuart_Uart_Ip_Sa_BOARD_InitPeripherals_PBcfg.o
 .text          0x00400ec2        0x0 ./generate/src/OsIf_Cfg.o
 *fill*         0x00400ec2        0x2 
 .text          0x00400ec4      0x238 ./src/EAL/EAL_DIO/eal_dio.o
                0x00400ec4                EAL_DIO_GetCombinedPinStatus
                0x00400f40                EAL_DIO_UpdateCombinedPinStatus
 .text          0x004010fc        0x0 ./src/EAL/EAL_DIO/eal_dio_cfg.o
 .text          0x004010fc       0x3a ./src/HAL/HAL_ADC/hal_adc.o
                0x004010fc                HAL_ADC_Init
                0x0040112c                HAL_ADC_SwConTrig
                0x00401132                HAL_ADC0_EndOfChainNotif
                0x00401134                HAL_ADC1_EndOfChainNotif
 *fill*         0x00401136        0x2 
 .text          0x00401138       0x78 ./src/HAL/HAL_CAN/hal_can.o
                0x00401138                HAL_CAN_Init
                0x0040114c                HAL_CAN_SendData
                0x0040118a                HAL_CAN_ReceiveData
 .text          0x004011b0       0x2c ./src/HAL/HAL_DIO/hal_dio.o
                0x004011b0                HAL_DIO_PinInit
                0x004011bc                HAL_DIO_GetPinStatus
                0x004011ca                HAL_DIO_UpdatePinStatus
 .text          0x004011dc        0x0 ./src/HAL/HAL_IIC/hal_iic.o
 .text          0x004011dc       0x40 ./src/HAL/HAL_SPI/hal_spi.o
                0x004011dc                hal_spi_init
                0x0040120c                hal_spi_TxRxTransferData
 .text          0x0040121c       0x58 ./src/HAL/HAL_UART/hal_uart.o
                0x0040121c                HAL_Uart_Init
                0x00401228                HAL_Uart_SendData
                0x0040124e                HAL_Uart_ReceiveData
 .text          0x00401274        0x0 ./src/RTE/rte.o
 .text          0x00401274        0xc ./src/SER/Init/ser_init.o
                0x00401274                software_Initilization
                0x00401276                Hardware_Initilization
 .text          0x00401280        0x0 ./src/main.o
 .text          0x00401280        0x0 c:/nxp/s32ds.3.5/s32ds/build_tools/gcc_v10.2/gcc-10.2-arm32-eabi/bin/../lib/gcc/arm-none-eabi/10.2.0/../../../../arm-none-eabi/lib/thumb/v7e-m+fp/hard\libc_nano.a(lib_a-memmove.o)
 .text          0x00401280        0x0 c:/nxp/s32ds.3.5/s32ds/build_tools/gcc_v10.2/gcc-10.2-arm32-eabi/bin/../lib/gcc/arm-none-eabi/10.2.0/../../../../arm-none-eabi/lib/thumb/v7e-m+fp/hard\libc_nano.a(lib_a-memset.o)
 *(.text*)
 .text.memmove  0x00401280       0x34 c:/nxp/s32ds.3.5/s32ds/build_tools/gcc_v10.2/gcc-10.2-arm32-eabi/bin/../lib/gcc/arm-none-eabi/10.2.0/../../../../arm-none-eabi/lib/thumb/v7e-m+fp/hard\libc_nano.a(lib_a-memmove.o)
                0x00401280                memmove
 .text.memset   0x004012b4       0x10 c:/nxp/s32ds.3.5/s32ds/build_tools/gcc_v10.2/gcc-10.2-arm32-eabi/bin/../lib/gcc/arm-none-eabi/10.2.0/../../../../arm-none-eabi/lib/thumb/v7e-m+fp/hard\libc_nano.a(lib_a-memset.o)
                0x004012b4                memset
                0x004012c4                . = ALIGN (0x4)
 *(.mcal_text)
 .mcal_text     0x004012c4       0x14 ./Project_Settings/Startup_Code/exceptions.o
                0x004012c4                NMI_Handler
                0x004012c6                HardFault_Handler
                0x004012c8                MemManage_Handler
                0x004012ca                BusFault_Handler
                0x004012cc                UsageFault_Handler
                0x004012ce                SVC_Handler
                0x004012d0                DebugMon_Handler
                0x004012d2                PendSV_Handler
                0x004012d4                SysTick_Handler
                0x004012d6                undefined_handler
 .mcal_text     0x004012d8       0x52 ./Project_Settings/Startup_Code/nvic.o
                0x004012d8                NVIC_SetPriorityGrouping
                0x004012ec                NVIC_EnableIRQ
                0x00401304                NVIC_DisableIRQ
                0x0040131c                NVIC_SetPriority
 *fill*         0x0040132a        0x2 
 .mcal_text     0x0040132c       0xe8 ./Project_Settings/Startup_Code/startup.o
                0x0040132c                init_data_bss
                0x004013b8                init_data_bss_core2
 .mcal_text     0x00401414      0x2ec ./Project_Settings/Startup_Code/system.o
                0x00401414                startup_go_to_user_mode
                0x00401416                default_interrupt_routine
                0x00401418                SystemInit
 .mcal_text     0x00401700     0x1424 ./RTD/src/Adc_Sar_Ip.o
                0x00401924                Adc_Sar_Ip_IRQHandler
                0x00401b0c                Adc_Sar_Ip_ChainConfig
                0x00401b18                Adc_Sar_Ip_EnableChannel
                0x00401b6c                Adc_Sar_Ip_DisableChannel
                0x00401bc4                Adc_Sar_Ip_SetResolution
                0x00401bf0                Adc_Sar_Ip_StartConversion
                0x00401c24                Adc_Sar_Ip_GetStatusFlags
                0x00401c88                Adc_Sar_Ip_ClearStatusFlags
                0x00401cac                Adc_Sar_Ip_GetConvDataToArray
                0x00401cbe                Adc_Sar_Ip_GetConvResultsToArray
                0x00401cce                Adc_Sar_Ip_GetConvData
                0x00401d08                Adc_Sar_Ip_GetConvResult
                0x00401d58                Adc_Sar_Ip_Powerup
                0x00401dbc                Adc_Sar_Ip_Powerdown
                0x00401e24                Adc_Sar_Ip_DoCalibration
                0x00401f34                Adc_Sar_Ip_EnableNotifications
                0x00401f68                Adc_Sar_Ip_DisableNotifications
                0x00401fa0                Adc_Sar_Ip_EnableChannelNotifications
                0x00401ffc                Adc_Sar_Ip_DisableChannelNotifications
                0x00402060                Adc_Sar_Ip_SetSampleTimes
                0x00402088                Adc_Sar_Ip_SetAveraging
                0x004020c8                Adc_Sar_Ip_SetClockMode
                0x0040214c                Adc_Sar_Ip_AbortConversion
                0x0040216c                Adc_Sar_Ip_AbortChain
                0x004021e0                Adc_Sar_Ip_SetPresamplingSource
                0x00402230                Adc_Sar_Ip_EnableChannelPresampling
                0x00402274                Adc_Sar_Ip_DisableChannelPresampling
                0x004022bc                Adc_Sar_Ip_EnablePresampleConversion
                0x004022f0                Adc_Sar_Ip_DisablePresampleConversion
                0x00402324                Adc_Sar_Ip_EnableDma
                0x00402344                Adc_Sar_Ip_DisableDma
                0x00402364                Adc_Sar_Ip_EnableChannelDma
                0x00402398                Adc_Sar_Ip_DisableChannelDma
                0x004023d0                Adc_Sar_Ip_DisableChannelDmaAll
                0x00402424                Adc_Sar_Ip_SetDmaClearSource
                0x00402454                Adc_Sar_Ip_SetWdgThreshold
                0x004024fc                Adc_Sar_Ip_Init
                0x00402900                Adc_Sar_Ip_Deinit
                0x00402a24                Adc_Sar_Ip_SetConversionMode
                0x00402a58                Adc_Sar_Ip_SetCtuMode
                0x00402acc                Adc_Sar_Ip_SetExternalTrigger
                0x00402b10                Adc_Sar_Ip_GetDataAddress
 .mcal_text     0x00402b24        0xc ./RTD/src/Adc_Sar_Ip_Irq.o
                0x00402b24                Adc_Sar_0_Isr
                0x00402b2a                Adc_Sar_1_Isr
 .mcal_text     0x00402b30      0x88c ./RTD/src/Clock_Ip.o
                0x00402b32                Clock_Ip_InitClock
                0x004030e0                Clock_Ip_GetPllStatus
                0x00403184                Clock_Ip_DistributePll
                0x00403270                Clock_Ip_Init
                0x00403294                Clock_Ip_DisableClockMonitor
                0x004032b8                Clock_Ip_InstallNotificationsCallback
                0x004032c4                Clock_Ip_DisableModuleClock
                0x004032ec                Clock_Ip_EnableModuleClock
                0x00403314                Clock_Ip_DisableFircInStandby
                0x0040332c                Clock_Ip_EnableFircInStandby
                0x00403344                Clock_Ip_DisableSircInStandby
                0x0040335c                Clock_Ip_EnableSircInStandby
                0x00403374                Clock_Ip_ReportClockErrors
                0x00403380                Clock_Ip_StartTimeout
                0x004033a0                Clock_Ip_TimeoutExpired
 .mcal_text     0x004033bc      0x120 ./RTD/src/Clock_Ip_Divider.o
 .mcal_text     0x004034dc       0x9c ./RTD/src/Clock_Ip_DividerTrigger.o
 .mcal_text     0x00403578      0x1c4 ./RTD/src/Clock_Ip_ExtOsc.o
 .mcal_text     0x0040373c        0x6 ./RTD/src/Clock_Ip_FracDiv.o
 .mcal_text     0x00403742        0x2 ./RTD/src/Clock_Ip_Frequency.o
                0x00403742                Clock_Ip_SetExternalSignalFrequency
 .mcal_text     0x00403744      0x128 ./RTD/src/Clock_Ip_Gate.o
 .mcal_text     0x0040386c      0x104 ./RTD/src/Clock_Ip_IntOsc.o
 .mcal_text     0x00403970        0x4 ./RTD/src/Clock_Ip_Irq.o
                0x00403970                Mcu_Cmu_ClockFail_IRQHandler
 .mcal_text     0x00403974      0x204 ./RTD/src/Clock_Ip_Monitor.o
                0x00403b20                Clock_Ip_CMU_GetInterruptStatus
                0x00403b34                Clock_Ip_CMU_ClockFailInt
 .mcal_text     0x00403b78      0x17c ./RTD/src/Clock_Ip_Pll.o
 .mcal_text     0x00403cf4      0x154 ./RTD/src/Clock_Ip_ProgFreqSwitch.o
 .mcal_text     0x00403e48      0x3dc ./RTD/src/Clock_Ip_Selector.o
                0x004041f8                Clock_Ip_SetRtcRtccClksel_TrustedCall
 .mcal_text     0x00404224      0x2c8 ./RTD/src/Clock_Ip_Specific.o
                0x00404224                Clock_Ip_McMeEnterKey
                0x00404238                Clock_Ip_PowerClockIpModules
                0x00404438                DisableFircInStandbyMode
                0x00404448                EnableFircInStandbyMode
                0x00404464                DisableSircInStandbyMode
                0x00404474                EnableSircInStandbyMode
                0x00404490                Clock_Ip_Command
                0x004044e0                Clock_Ip_FLASH_SetFlashIWS
                0x004044e4                Clock_Ip_SetFlashWaitStates
                0x004044e8                Clock_Ip_SetRamWaitStates
 .mcal_text     0x004044ec       0xa4 ./RTD/src/Det.o
                0x004044ec                Det_Init
                0x004044ee                Det_ReportError
                0x00404524                Det_ReportRuntimeError
                0x00404558                Det_ReportTransientFault
                0x0040458c                Det_Start
 .mcal_text     0x00404590      0x21c ./RTD/src/Det_stub.o
                0x00404590                Det_TestLastReportError
                0x004045f8                Det_TestLastReportRuntimeError
                0x00404660                Det_TestLastReportTransientFault
                0x004046c8                Det_TestNoError
                0x00404714                Det_TestNoRuntimeError
                0x00404760                Det_TestNoTransientFault
 .mcal_text     0x004047ac     0x2134 ./RTD/src/FlexCAN_Ip.o
                0x00404f70                FlexCAN_Ip_Init_Privileged
                0x00405178                FlexCAN_Ip_Send
                0x004051f0                FlexCAN_Ip_ConfigRxMb
                0x00405284                FlexCAN_Ip_Receive
                0x004052d4                FlexCAN_Ip_ReceiveBlocking
                0x004053c0                FlexCAN_Ip_RxFifo
                0x00405408                FlexCAN_Ip_RxFifoBlocking
                0x004054f8                FlexCAN_Ip_ConfigRxFifo_Privileged
                0x00405564                FlexCAN_Ip_ConfigEnhancedRxFifo_Privileged
                0x004055d4                FlexCAN_Ip_ConfigRemoteResponseMb
                0x00405694                FlexCAN_Ip_GetTransferStatus
                0x004056d8                FlexCAN_IRQHandler
                0x004058a0                FlexCAN_Ip_ClearErrorStatus
                0x004058bc                FlexCAN_Ip_GetErrorStatus
                0x004058d8                FlexCAN_Ip_GetControllerTxErrorCounter
                0x004058f8                FlexCAN_Ip_GetControllerRxErrorCounter
                0x00405918                FlexCAN_Busoff_Error_IRQHandler
                0x004059f0                FlexCAN_Ip_SendBlocking
                0x00405ae8                FlexCAN_Ip_SetRxMbGlobalMask_Privileged
                0x00405b3c                FlexCAN_Ip_EnterFreezeMode_Privileged
                0x00405b4c                FlexCAN_Ip_ExitFreezeMode_Privileged
                0x00405b5c                FlexCAN_Ip_SetRxIndividualMask_Privileged
                0x00405bd4                FlexCAN_Ip_SetRxFifoGlobalMask_Privileged
                0x00405c2c                FlexCAN_Ip_Deinit_Privileged
                0x00405d1c                FlexCAN_Ip_MainFunctionRead
                0x00405dbc                FlexCAN_Ip_MainFunctionBusOff_Privileged
                0x00405e00                FlexCAN_Ip_MainFunctionWrite
                0x00405eb0                FlexCAN_Ip_GetStopMode_Privileged
                0x00405ec4                FlexCAN_Ip_GetStartMode_Privileged
                0x00405edc                FlexCAN_Ip_SetStartMode_Privileged
                0x00405f10                FlexCAN_Ip_SetStopMode_Privileged
                0x00405f40                FlexCAN_Ip_SetRxMaskType_Privileged
                0x00405fac                FlexCAN_Ip_SetBitrate_Privileged
                0x00406050                FlexCAN_Ip_GetBitrate
                0x00406104                FlexCAN_Ip_ClearTDCFail
                0x0040614c                FlexCAN_Ip_GetTDCFail
                0x00406180                FlexCAN_Ip_GetTDCValue
                0x004061b4                FlexCAN_Ip_SetBitrateCbt_Privileged
                0x0040627c                FlexCAN_Ip_GetBitrateFD
                0x00406318                FlexCAN_Ip_SetTDCOffset_Privileged
                0x004063c4                FlexCAN_Ip_SetTxArbitrationStartDelay_Privileged
                0x00406430                FlexCAN_Ip_GetBuffStatusFlag
                0x00406464                FlexCAN_Ip_ClearBuffStatusFlag
                0x00406494                FlexCAN_Ip_EnableInterrupts_Privileged
                0x004064f0                FlexCAN_Ip_DisableInterrupts_Privileged
                0x00406540                FlexCAN_Ip_SetErrorInt_Privileged
                0x004065d8                FlexCAN_Ip_AbortTransfer
                0x00406734                FlexCAN_Ip_SetRxMb14Mask_Privileged
                0x0040678c                FlexCAN_Ip_SetRxMb15Mask_Privileged
                0x004067e4                FlexCAN_Ip_SetListenOnlyMode_Privileged
                0x00406854                FlexCAN_Ip_GetListenOnlyMode
                0x00406868                FlexCAN_Ip_ManualBusOffRecovery
 .mcal_text     0x004068e0      0xdc4 ./RTD/src/FlexCAN_Ip_HwAccess.o
                0x00406912                FlexCAN_ComputePayloadSize
                0x0040692c                FlexCAN_GetMsgBuffRegion
                0x00406988                FlexCAN_GetMaxMbNum
                0x004069b4                FlexCAN_EnterFreezeMode
                0x00406a14                FlexCAN_Enable
                0x00406a5e                FlexCAN_ExitFreezeMode
                0x00406ab0                FlexCAN_Disable
                0x00406b00                FlexCAN_SetErrIntCmd
                0x00406b68                FlexCAN_Init
                0x00406c48                FlexCAN_EnableRxFifo
                0x00406c96                FlexCAN_SetPayloadSize
                0x00406ce6                FlexCAN_GetMbPayloadSize
                0x00406d12                FlexCAN_LockRxMsgBuff
                0x00406d1c                FlexCAN_SetMsgBuffIntCmd
                0x00406dac                FLEXCAN_ClearMsgBuffIntCmd
                0x00406e0c                FlexCAN_DisableInterrupts
                0x00406e20                FlexCAN_EnableInterrupts
                0x00406e44                FlexCAN_SetRxMsgBuff
                0x00406ed0                FlexCAN_GetMsgBuffTimestamp
                0x00406edc                FlexCAN_GetMsgBuff
                0x00406f72                FlexCAN_SetTxMsgBuff
                0x00407080                FlexCAN_SetMaxMsgBuffNum
                0x00407116                FlexCAN_SetOperationMode
                0x00407154                FlexCAN_SetRxFifoFilter
                0x004072fc                FlexCAN_ReadRxFifo
                0x00407364                FlexCAN_ReadEnhancedRxFifo
                0x004073f4                FlexCAN_IsMbOutOfRange
                0x00407416                FlexCAN_IsEnhancedRxFifoAvailable
                0x00407424                FlexCAN_EnableEnhancedRxFifo
                0x004074b2                FlexCAN_SetEnhancedRxFifoFilter
                0x00407614                FlexCAN_ConfigCtrlOptions
                0x00407690                FlexCAN_ResetImaskBuff
 .mcal_text     0x004076a4       0x6c ./RTD/src/FlexCAN_Ip_Irq.o
                0x004076a4                CAN0_ORED_IRQHandler
                0x004076aa                CAN0_ORED_0_31_MB_IRQHandler
                0x004076b6                CAN0_ORED_32_63_MB_IRQHandler
                0x004076c2                CAN1_ORED_IRQHandler
                0x004076c8                CAN1_ORED_0_31_MB_IRQHandler
                0x004076d4                CAN1_ORED_32_63_MB_IRQHandler
                0x004076e0                CAN2_ORED_IRQHandler
                0x004076e6                CAN2_ORED_0_31_MB_IRQHandler
                0x004076f2                CAN2_ORED_32_63_MB_IRQHandler
                0x004076fe                CAN3_ORED_IRQHandler
                0x00407704                CAN3_ORED_0_31_MB_IRQHandler
 .mcal_text     0x00407710      0x360 ./RTD/src/IntCtrl_Ip.o
                0x00407710                IntCtrl_Ip_InstallHandlerPrivileged
                0x00407760                IntCtrl_Ip_EnableIrqPrivileged
                0x00407790                IntCtrl_Ip_DisableIrqPrivileged
                0x004077c0                IntCtrl_Ip_SetPriorityPrivileged
                0x004077f4                IntCtrl_Ip_GetPriorityPrivileged
                0x00407818                IntCtrl_Ip_ClearPendingPrivileged
                0x00407848                IntCtrl_Ip_SetPendingPrivileged
                0x00407878                IntCtrl_Ip_GetPendingPrivileged
                0x004078a8                IntCtrl_Ip_GetActivePrivileged
                0x004078d8                IntCtrl_Ip_ClearDirectedCpuInterruptPrivileged
                0x0040790c                IntCtrl_Ip_GetDirectedCpuInterruptPrivileged
                0x00407944                IntCtrl_Ip_GenerateDirectedCpuInterruptPrivileged
                0x004079b4                IntCtrl_Ip_Init
                0x00407a20                IntCtrl_Ip_InstallHandler
                0x00407a24                IntCtrl_Ip_EnableIrq
                0x00407a28                IntCtrl_Ip_DisableIrq
                0x00407a2c                IntCtrl_Ip_SetPriority
                0x00407a30                IntCtrl_Ip_GetPriority
                0x00407a34                IntCtrl_Ip_ClearPending
                0x00407a38                IntCtrl_Ip_SetPending
                0x00407a3c                IntCtrl_Ip_GetPending
                0x00407a4a                IntCtrl_Ip_GetActive
                0x00407a58                IntCtrl_Ip_ClearDirectedCpuInterrupt
                0x00407a5c                IntCtrl_Ip_GetDirectedCpuInterrupt
                0x00407a6a                IntCtrl_Ip_GenerateDirectedCpuInterrupt
 .mcal_text     0x00407a70      0x8cc ./RTD/src/Lpspi_Ip.o
                0x00407d82                Lpspi_Ip_DeInit
                0x00407dcc                Lpspi_Ip_SyncTransmit
                0x00408040                Lpspi_Ip_AsyncTransmit
                0x004080e8                Lpspi_Ip_ManageBuffers
                0x00408138                Lpspi_Ip_UpdateFrameSize
                0x00408184                Lpspi_Ip_UpdateLsb
                0x004081b8                Lpspi_Ip_UpdateDefaultTransmitData
                0x004081ec                Lpspi_Ip_UpdateTransferMode
                0x00408220                Lpspi_Ip_Init
                0x00408288                Lpspi_Ip_Cancel
                0x004082e8                Lpspi_Ip_IrqHandler
                0x0040831c                Lpspi_Ip_GetStatus
 .mcal_text     0x0040833c        0x6 ./RTD/src/Lpspi_Ip_Irq.o
                0x0040833c                Lpspi_Ip_LPSPI_0_IRQHandler
 *fill*         0x00408342        0x2 
 .mcal_text     0x00408344      0xdd4 ./RTD/src/Lpuart_Uart_Ip.o
                0x004085a8                Lpuart_Uart_Ip_Init
                0x004086f8                Lpuart_Uart_Ip_Deinit
                0x0040879c                Lpuart_Uart_Ip_SyncSend
                0x00408888                Lpuart_Uart_Ip_AsyncSend
                0x00408948                Lpuart_Uart_Ip_GetTransmitStatus
                0x004089b0                Lpuart_Uart_Ip_AbortSendingData
                0x00408a18                Lpuart_Uart_Ip_SyncReceive
                0x00408b8c                Lpuart_Uart_Ip_AsyncReceive
                0x00408c84                Lpuart_Uart_Ip_GetReceiveStatus
                0x00408cec                Lpuart_Uart_Ip_AbortReceivingData
                0x00408d64                Lpuart_Uart_Ip_SetBaudRate
                0x00408e64                Lpuart_Uart_Ip_GetBaudRate
                0x00408e90                Lpuart_Uart_Ip_SetTxBuffer
                0x00408ec4                Lpuart_Uart_Ip_SetRxBuffer
                0x00408ef8                Lpuart_Uart_Ip_IrqHandler
 .mcal_text     0x00409118        0x6 ./RTD/src/Lpuart_Uart_Ip_Irq.o
                0x00409118                LPUART_UART_IP_0_IRQHandler
 .mcal_text     0x0040911e       0x1e ./RTD/src/OsIf_Timer.o
                0x0040911e                OsIf_Init
                0x00409126                OsIf_GetCounter
                0x0040912a                OsIf_GetElapsed
                0x00409132                OsIf_SetTimerFrequency
                0x00409134                OsIf_MicrosToTicks
 .mcal_text     0x0040913c       0x42 ./RTD/src/OsIf_Timer_System_Internal_Systick.o
                0x0040913c                OsIf_Timer_System_Internal_Init
                0x00409152                OsIf_Timer_System_Internal_GetCounter
                0x0040915e                OsIf_Timer_System_Internal_GetElapsed
 *fill*         0x0040917e        0x2 
 .mcal_text     0x00409180     0x2648 ./RTD/src/SchM_Adc.o
                0x00409180                SchM_Enter_Adc_ADC_EXCLUSIVE_AREA_00
                0x004091b4                SchM_Exit_Adc_ADC_EXCLUSIVE_AREA_00
                0x004091e4                SchM_Enter_Adc_ADC_EXCLUSIVE_AREA_01
                0x00409218                SchM_Exit_Adc_ADC_EXCLUSIVE_AREA_01
                0x00409248                SchM_Enter_Adc_ADC_EXCLUSIVE_AREA_02
                0x0040927c                SchM_Exit_Adc_ADC_EXCLUSIVE_AREA_02
                0x004092ac                SchM_Enter_Adc_ADC_EXCLUSIVE_AREA_03
                0x004092e0                SchM_Exit_Adc_ADC_EXCLUSIVE_AREA_03
                0x00409310                SchM_Enter_Adc_ADC_EXCLUSIVE_AREA_04
                0x00409344                SchM_Exit_Adc_ADC_EXCLUSIVE_AREA_04
                0x00409374                SchM_Enter_Adc_ADC_EXCLUSIVE_AREA_05
                0x004093a8                SchM_Exit_Adc_ADC_EXCLUSIVE_AREA_05
                0x004093d8                SchM_Enter_Adc_ADC_EXCLUSIVE_AREA_10
                0x0040940c                SchM_Exit_Adc_ADC_EXCLUSIVE_AREA_10
                0x0040943c                SchM_Enter_Adc_ADC_EXCLUSIVE_AREA_100
                0x00409470                SchM_Exit_Adc_ADC_EXCLUSIVE_AREA_100
                0x004094a0                SchM_Enter_Adc_ADC_EXCLUSIVE_AREA_101
                0x004094d4                SchM_Exit_Adc_ADC_EXCLUSIVE_AREA_101
                0x00409504                SchM_Enter_Adc_ADC_EXCLUSIVE_AREA_102
                0x00409538                SchM_Exit_Adc_ADC_EXCLUSIVE_AREA_102
                0x00409568                SchM_Enter_Adc_ADC_EXCLUSIVE_AREA_103
                0x0040959c                SchM_Exit_Adc_ADC_EXCLUSIVE_AREA_103
                0x004095cc                SchM_Enter_Adc_ADC_EXCLUSIVE_AREA_11
                0x00409600                SchM_Exit_Adc_ADC_EXCLUSIVE_AREA_11
                0x00409630                SchM_Enter_Adc_ADC_EXCLUSIVE_AREA_12
                0x00409664                SchM_Exit_Adc_ADC_EXCLUSIVE_AREA_12
                0x00409694                SchM_Enter_Adc_ADC_EXCLUSIVE_AREA_13
                0x004096c8                SchM_Exit_Adc_ADC_EXCLUSIVE_AREA_13
                0x004096f8                SchM_Enter_Adc_ADC_EXCLUSIVE_AREA_14
                0x0040972c                SchM_Exit_Adc_ADC_EXCLUSIVE_AREA_14
                0x0040975c                SchM_Enter_Adc_ADC_EXCLUSIVE_AREA_15
                0x00409790                SchM_Exit_Adc_ADC_EXCLUSIVE_AREA_15
                0x004097c0                SchM_Enter_Adc_ADC_EXCLUSIVE_AREA_16
                0x004097f4                SchM_Exit_Adc_ADC_EXCLUSIVE_AREA_16
                0x00409824                SchM_Enter_Adc_ADC_EXCLUSIVE_AREA_17
                0x00409858                SchM_Exit_Adc_ADC_EXCLUSIVE_AREA_17
                0x00409888                SchM_Enter_Adc_ADC_EXCLUSIVE_AREA_18
                0x004098bc                SchM_Exit_Adc_ADC_EXCLUSIVE_AREA_18
                0x004098ec                SchM_Enter_Adc_ADC_EXCLUSIVE_AREA_19
                0x00409920                SchM_Exit_Adc_ADC_EXCLUSIVE_AREA_19
                0x00409950                SchM_Enter_Adc_ADC_EXCLUSIVE_AREA_20
                0x00409984                SchM_Exit_Adc_ADC_EXCLUSIVE_AREA_20
                0x004099b4                SchM_Enter_Adc_ADC_EXCLUSIVE_AREA_21
                0x004099e8                SchM_Exit_Adc_ADC_EXCLUSIVE_AREA_21
                0x00409a18                SchM_Enter_Adc_ADC_EXCLUSIVE_AREA_22
                0x00409a4c                SchM_Exit_Adc_ADC_EXCLUSIVE_AREA_22
                0x00409a7c                SchM_Enter_Adc_ADC_EXCLUSIVE_AREA_23
                0x00409ab0                SchM_Exit_Adc_ADC_EXCLUSIVE_AREA_23
                0x00409ae0                SchM_Enter_Adc_ADC_EXCLUSIVE_AREA_24
                0x00409b14                SchM_Exit_Adc_ADC_EXCLUSIVE_AREA_24
                0x00409b44                SchM_Enter_Adc_ADC_EXCLUSIVE_AREA_25
                0x00409b78                SchM_Exit_Adc_ADC_EXCLUSIVE_AREA_25
                0x00409ba8                SchM_Enter_Adc_ADC_EXCLUSIVE_AREA_26
                0x00409bdc                SchM_Exit_Adc_ADC_EXCLUSIVE_AREA_26
                0x00409c0c                SchM_Enter_Adc_ADC_EXCLUSIVE_AREA_27
                0x00409c40                SchM_Exit_Adc_ADC_EXCLUSIVE_AREA_27
                0x00409c70                SchM_Enter_Adc_ADC_EXCLUSIVE_AREA_28
                0x00409ca4                SchM_Exit_Adc_ADC_EXCLUSIVE_AREA_28
                0x00409cd4                SchM_Enter_Adc_ADC_EXCLUSIVE_AREA_29
                0x00409d08                SchM_Exit_Adc_ADC_EXCLUSIVE_AREA_29
                0x00409d38                SchM_Enter_Adc_ADC_EXCLUSIVE_AREA_30
                0x00409d6c                SchM_Exit_Adc_ADC_EXCLUSIVE_AREA_30
                0x00409d9c                SchM_Enter_Adc_ADC_EXCLUSIVE_AREA_31
                0x00409dd0                SchM_Exit_Adc_ADC_EXCLUSIVE_AREA_31
                0x00409e00                SchM_Enter_Adc_ADC_EXCLUSIVE_AREA_32
                0x00409e34                SchM_Exit_Adc_ADC_EXCLUSIVE_AREA_32
                0x00409e64                SchM_Enter_Adc_ADC_EXCLUSIVE_AREA_33
                0x00409e98                SchM_Exit_Adc_ADC_EXCLUSIVE_AREA_33
                0x00409ec8                SchM_Enter_Adc_ADC_EXCLUSIVE_AREA_34
                0x00409efc                SchM_Exit_Adc_ADC_EXCLUSIVE_AREA_34
                0x00409f2c                SchM_Enter_Adc_ADC_EXCLUSIVE_AREA_35
                0x00409f60                SchM_Exit_Adc_ADC_EXCLUSIVE_AREA_35
                0x00409f90                SchM_Enter_Adc_ADC_EXCLUSIVE_AREA_36
                0x00409fc4                SchM_Exit_Adc_ADC_EXCLUSIVE_AREA_36
                0x00409ff4                SchM_Enter_Adc_ADC_EXCLUSIVE_AREA_37
                0x0040a028                SchM_Exit_Adc_ADC_EXCLUSIVE_AREA_37
                0x0040a058                SchM_Enter_Adc_ADC_EXCLUSIVE_AREA_38
                0x0040a08c                SchM_Exit_Adc_ADC_EXCLUSIVE_AREA_38
                0x0040a0bc                SchM_Enter_Adc_ADC_EXCLUSIVE_AREA_39
                0x0040a0f0                SchM_Exit_Adc_ADC_EXCLUSIVE_AREA_39
                0x0040a120                SchM_Enter_Adc_ADC_EXCLUSIVE_AREA_40
                0x0040a154                SchM_Exit_Adc_ADC_EXCLUSIVE_AREA_40
                0x0040a184                SchM_Enter_Adc_ADC_EXCLUSIVE_AREA_41
                0x0040a1b8                SchM_Exit_Adc_ADC_EXCLUSIVE_AREA_41
                0x0040a1e8                SchM_Enter_Adc_ADC_EXCLUSIVE_AREA_42
                0x0040a21c                SchM_Exit_Adc_ADC_EXCLUSIVE_AREA_42
                0x0040a24c                SchM_Enter_Adc_ADC_EXCLUSIVE_AREA_43
                0x0040a280                SchM_Exit_Adc_ADC_EXCLUSIVE_AREA_43
                0x0040a2b0                SchM_Enter_Adc_ADC_EXCLUSIVE_AREA_44
                0x0040a2e4                SchM_Exit_Adc_ADC_EXCLUSIVE_AREA_44
                0x0040a314                SchM_Enter_Adc_ADC_EXCLUSIVE_AREA_45
                0x0040a348                SchM_Exit_Adc_ADC_EXCLUSIVE_AREA_45
                0x0040a378                SchM_Enter_Adc_ADC_EXCLUSIVE_AREA_46
                0x0040a3ac                SchM_Exit_Adc_ADC_EXCLUSIVE_AREA_46
                0x0040a3dc                SchM_Enter_Adc_ADC_EXCLUSIVE_AREA_47
                0x0040a410                SchM_Exit_Adc_ADC_EXCLUSIVE_AREA_47
                0x0040a440                SchM_Enter_Adc_ADC_EXCLUSIVE_AREA_48
                0x0040a474                SchM_Exit_Adc_ADC_EXCLUSIVE_AREA_48
                0x0040a4a4                SchM_Enter_Adc_ADC_EXCLUSIVE_AREA_49
                0x0040a4d8                SchM_Exit_Adc_ADC_EXCLUSIVE_AREA_49
                0x0040a508                SchM_Enter_Adc_ADC_EXCLUSIVE_AREA_50
                0x0040a53c                SchM_Exit_Adc_ADC_EXCLUSIVE_AREA_50
                0x0040a56c                SchM_Enter_Adc_ADC_EXCLUSIVE_AREA_51
                0x0040a5a0                SchM_Exit_Adc_ADC_EXCLUSIVE_AREA_51
                0x0040a5d0                SchM_Enter_Adc_ADC_EXCLUSIVE_AREA_54
                0x0040a604                SchM_Exit_Adc_ADC_EXCLUSIVE_AREA_54
                0x0040a634                SchM_Enter_Adc_ADC_EXCLUSIVE_AREA_55
                0x0040a668                SchM_Exit_Adc_ADC_EXCLUSIVE_AREA_55
                0x0040a698                SchM_Enter_Adc_ADC_EXCLUSIVE_AREA_56
                0x0040a6cc                SchM_Exit_Adc_ADC_EXCLUSIVE_AREA_56
                0x0040a6fc                SchM_Enter_Adc_ADC_EXCLUSIVE_AREA_57
                0x0040a730                SchM_Exit_Adc_ADC_EXCLUSIVE_AREA_57
                0x0040a760                SchM_Enter_Adc_ADC_EXCLUSIVE_AREA_58
                0x0040a794                SchM_Exit_Adc_ADC_EXCLUSIVE_AREA_58
                0x0040a7c4                SchM_Enter_Adc_ADC_EXCLUSIVE_AREA_59
                0x0040a7f8                SchM_Exit_Adc_ADC_EXCLUSIVE_AREA_59
                0x0040a828                SchM_Enter_Adc_ADC_EXCLUSIVE_AREA_60
                0x0040a85c                SchM_Exit_Adc_ADC_EXCLUSIVE_AREA_60
                0x0040a88c                SchM_Enter_Adc_ADC_EXCLUSIVE_AREA_61
                0x0040a8c0                SchM_Exit_Adc_ADC_EXCLUSIVE_AREA_61
                0x0040a8f0                SchM_Enter_Adc_ADC_EXCLUSIVE_AREA_62
                0x0040a924                SchM_Exit_Adc_ADC_EXCLUSIVE_AREA_62
                0x0040a954                SchM_Enter_Adc_ADC_EXCLUSIVE_AREA_63
                0x0040a988                SchM_Exit_Adc_ADC_EXCLUSIVE_AREA_63
                0x0040a9b8                SchM_Enter_Adc_ADC_EXCLUSIVE_AREA_64
                0x0040a9ec                SchM_Exit_Adc_ADC_EXCLUSIVE_AREA_64
                0x0040aa1c                SchM_Enter_Adc_ADC_EXCLUSIVE_AREA_65
                0x0040aa50                SchM_Exit_Adc_ADC_EXCLUSIVE_AREA_65
                0x0040aa80                SchM_Enter_Adc_ADC_EXCLUSIVE_AREA_66
                0x0040aab4                SchM_Exit_Adc_ADC_EXCLUSIVE_AREA_66
                0x0040aae4                SchM_Enter_Adc_ADC_EXCLUSIVE_AREA_67
                0x0040ab18                SchM_Exit_Adc_ADC_EXCLUSIVE_AREA_67
                0x0040ab48                SchM_Enter_Adc_ADC_EXCLUSIVE_AREA_68
                0x0040ab7c                SchM_Exit_Adc_ADC_EXCLUSIVE_AREA_68
                0x0040abac                SchM_Enter_Adc_ADC_EXCLUSIVE_AREA_69
                0x0040abe0                SchM_Exit_Adc_ADC_EXCLUSIVE_AREA_69
                0x0040ac10                SchM_Enter_Adc_ADC_EXCLUSIVE_AREA_70
                0x0040ac44                SchM_Exit_Adc_ADC_EXCLUSIVE_AREA_70
                0x0040ac74                SchM_Enter_Adc_ADC_EXCLUSIVE_AREA_71
                0x0040aca8                SchM_Exit_Adc_ADC_EXCLUSIVE_AREA_71
                0x0040acd8                SchM_Enter_Adc_ADC_EXCLUSIVE_AREA_72
                0x0040ad0c                SchM_Exit_Adc_ADC_EXCLUSIVE_AREA_72
                0x0040ad3c                SchM_Enter_Adc_ADC_EXCLUSIVE_AREA_73
                0x0040ad70                SchM_Exit_Adc_ADC_EXCLUSIVE_AREA_73
                0x0040ada0                SchM_Enter_Adc_ADC_EXCLUSIVE_AREA_74
                0x0040add4                SchM_Exit_Adc_ADC_EXCLUSIVE_AREA_74
                0x0040ae04                SchM_Enter_Adc_ADC_EXCLUSIVE_AREA_75
                0x0040ae38                SchM_Exit_Adc_ADC_EXCLUSIVE_AREA_75
                0x0040ae68                SchM_Enter_Adc_ADC_EXCLUSIVE_AREA_76
                0x0040ae9c                SchM_Exit_Adc_ADC_EXCLUSIVE_AREA_76
                0x0040aecc                SchM_Enter_Adc_ADC_EXCLUSIVE_AREA_77
                0x0040af00                SchM_Exit_Adc_ADC_EXCLUSIVE_AREA_77
                0x0040af30                SchM_Enter_Adc_ADC_EXCLUSIVE_AREA_78
                0x0040af64                SchM_Exit_Adc_ADC_EXCLUSIVE_AREA_78
                0x0040af94                SchM_Enter_Adc_ADC_EXCLUSIVE_AREA_79
                0x0040afc8                SchM_Exit_Adc_ADC_EXCLUSIVE_AREA_79
                0x0040aff8                SchM_Enter_Adc_ADC_EXCLUSIVE_AREA_80
                0x0040b02c                SchM_Exit_Adc_ADC_EXCLUSIVE_AREA_80
                0x0040b05c                SchM_Enter_Adc_ADC_EXCLUSIVE_AREA_81
                0x0040b090                SchM_Exit_Adc_ADC_EXCLUSIVE_AREA_81
                0x0040b0c0                SchM_Enter_Adc_ADC_EXCLUSIVE_AREA_82
                0x0040b0f4                SchM_Exit_Adc_ADC_EXCLUSIVE_AREA_82
                0x0040b124                SchM_Enter_Adc_ADC_EXCLUSIVE_AREA_83
                0x0040b158                SchM_Exit_Adc_ADC_EXCLUSIVE_AREA_83
                0x0040b188                SchM_Enter_Adc_ADC_EXCLUSIVE_AREA_84
                0x0040b1bc                SchM_Exit_Adc_ADC_EXCLUSIVE_AREA_84
                0x0040b1ec                SchM_Enter_Adc_ADC_EXCLUSIVE_AREA_85
                0x0040b220                SchM_Exit_Adc_ADC_EXCLUSIVE_AREA_85
                0x0040b250                SchM_Enter_Adc_ADC_EXCLUSIVE_AREA_86
                0x0040b284                SchM_Exit_Adc_ADC_EXCLUSIVE_AREA_86
                0x0040b2b4                SchM_Enter_Adc_ADC_EXCLUSIVE_AREA_87
                0x0040b2e8                SchM_Exit_Adc_ADC_EXCLUSIVE_AREA_87
                0x0040b318                SchM_Enter_Adc_ADC_EXCLUSIVE_AREA_88
                0x0040b34c                SchM_Exit_Adc_ADC_EXCLUSIVE_AREA_88
                0x0040b37c                SchM_Enter_Adc_ADC_EXCLUSIVE_AREA_89
                0x0040b3b0                SchM_Exit_Adc_ADC_EXCLUSIVE_AREA_89
                0x0040b3e0                SchM_Enter_Adc_ADC_EXCLUSIVE_AREA_90
                0x0040b414                SchM_Exit_Adc_ADC_EXCLUSIVE_AREA_90
                0x0040b444                SchM_Enter_Adc_ADC_EXCLUSIVE_AREA_91
                0x0040b478                SchM_Exit_Adc_ADC_EXCLUSIVE_AREA_91
                0x0040b4a8                SchM_Enter_Adc_ADC_EXCLUSIVE_AREA_92
                0x0040b4dc                SchM_Exit_Adc_ADC_EXCLUSIVE_AREA_92
                0x0040b50c                SchM_Enter_Adc_ADC_EXCLUSIVE_AREA_93
                0x0040b540                SchM_Exit_Adc_ADC_EXCLUSIVE_AREA_93
                0x0040b570                SchM_Enter_Adc_ADC_EXCLUSIVE_AREA_94
                0x0040b5a4                SchM_Exit_Adc_ADC_EXCLUSIVE_AREA_94
                0x0040b5d4                SchM_Enter_Adc_ADC_EXCLUSIVE_AREA_95
                0x0040b608                SchM_Exit_Adc_ADC_EXCLUSIVE_AREA_95
                0x0040b638                SchM_Enter_Adc_ADC_EXCLUSIVE_AREA_96
                0x0040b66c                SchM_Exit_Adc_ADC_EXCLUSIVE_AREA_96
                0x0040b69c                SchM_Enter_Adc_ADC_EXCLUSIVE_AREA_97
                0x0040b6d0                SchM_Exit_Adc_ADC_EXCLUSIVE_AREA_97
                0x0040b700                SchM_Enter_Adc_ADC_EXCLUSIVE_AREA_98
                0x0040b734                SchM_Exit_Adc_ADC_EXCLUSIVE_AREA_98
                0x0040b764                SchM_Enter_Adc_ADC_EXCLUSIVE_AREA_99
                0x0040b798                SchM_Exit_Adc_ADC_EXCLUSIVE_AREA_99
 .mcal_text     0x0040b7c8      0x834 ./RTD/src/SchM_Can_43_FLEXCAN.o
                0x0040b7c8                SchM_Enter_Can_43_FLEXCAN_CAN_EXCLUSIVE_AREA_00
                0x0040b7fc                SchM_Exit_Can_43_FLEXCAN_CAN_EXCLUSIVE_AREA_00
                0x0040b82c                SchM_Enter_Can_43_FLEXCAN_CAN_EXCLUSIVE_AREA_01
                0x0040b860                SchM_Exit_Can_43_FLEXCAN_CAN_EXCLUSIVE_AREA_01
                0x0040b890                SchM_Enter_Can_43_FLEXCAN_CAN_EXCLUSIVE_AREA_02
                0x0040b8c4                SchM_Exit_Can_43_FLEXCAN_CAN_EXCLUSIVE_AREA_02
                0x0040b8f4                SchM_Enter_Can_43_FLEXCAN_CAN_EXCLUSIVE_AREA_03
                0x0040b928                SchM_Exit_Can_43_FLEXCAN_CAN_EXCLUSIVE_AREA_03
                0x0040b958                SchM_Enter_Can_43_FLEXCAN_CAN_EXCLUSIVE_AREA_04
                0x0040b98c                SchM_Exit_Can_43_FLEXCAN_CAN_EXCLUSIVE_AREA_04
                0x0040b9bc                SchM_Enter_Can_43_FLEXCAN_CAN_EXCLUSIVE_AREA_05
                0x0040b9f0                SchM_Exit_Can_43_FLEXCAN_CAN_EXCLUSIVE_AREA_05
                0x0040ba20                SchM_Enter_Can_43_FLEXCAN_CAN_EXCLUSIVE_AREA_06
                0x0040ba54                SchM_Exit_Can_43_FLEXCAN_CAN_EXCLUSIVE_AREA_06
                0x0040ba84                SchM_Enter_Can_43_FLEXCAN_CAN_EXCLUSIVE_AREA_07
                0x0040bab8                SchM_Exit_Can_43_FLEXCAN_CAN_EXCLUSIVE_AREA_07
                0x0040bae8                SchM_Enter_Can_43_FLEXCAN_CAN_EXCLUSIVE_AREA_08
                0x0040bb1c                SchM_Exit_Can_43_FLEXCAN_CAN_EXCLUSIVE_AREA_08
                0x0040bb4c                SchM_Enter_Can_43_FLEXCAN_CAN_EXCLUSIVE_AREA_09
                0x0040bb80                SchM_Exit_Can_43_FLEXCAN_CAN_EXCLUSIVE_AREA_09
                0x0040bbb0                SchM_Enter_Can_43_FLEXCAN_CAN_EXCLUSIVE_AREA_10
                0x0040bbe4                SchM_Exit_Can_43_FLEXCAN_CAN_EXCLUSIVE_AREA_10
                0x0040bc14                SchM_Enter_Can_43_FLEXCAN_CAN_EXCLUSIVE_AREA_11
                0x0040bc48                SchM_Exit_Can_43_FLEXCAN_CAN_EXCLUSIVE_AREA_11
                0x0040bc78                SchM_Enter_Can_43_FLEXCAN_CAN_EXCLUSIVE_AREA_12
                0x0040bcac                SchM_Exit_Can_43_FLEXCAN_CAN_EXCLUSIVE_AREA_12
                0x0040bcdc                SchM_Enter_Can_43_FLEXCAN_CAN_EXCLUSIVE_AREA_13
                0x0040bd10                SchM_Exit_Can_43_FLEXCAN_CAN_EXCLUSIVE_AREA_13
                0x0040bd40                SchM_Enter_Can_43_FLEXCAN_CAN_EXCLUSIVE_AREA_14
                0x0040bd74                SchM_Exit_Can_43_FLEXCAN_CAN_EXCLUSIVE_AREA_14
                0x0040bda4                SchM_Enter_Can_43_FLEXCAN_CAN_EXCLUSIVE_AREA_15
                0x0040bdd8                SchM_Exit_Can_43_FLEXCAN_CAN_EXCLUSIVE_AREA_15
                0x0040be08                SchM_Enter_Can_43_FLEXCAN_CAN_EXCLUSIVE_AREA_16
                0x0040be3c                SchM_Exit_Can_43_FLEXCAN_CAN_EXCLUSIVE_AREA_16
                0x0040be6c                SchM_Enter_Can_43_FLEXCAN_CAN_EXCLUSIVE_AREA_17
                0x0040bea0                SchM_Exit_Can_43_FLEXCAN_CAN_EXCLUSIVE_AREA_17
                0x0040bed0                SchM_Enter_Can_43_FLEXCAN_CAN_EXCLUSIVE_AREA_18
                0x0040bf04                SchM_Exit_Can_43_FLEXCAN_CAN_EXCLUSIVE_AREA_18
                0x0040bf34                SchM_Enter_Can_43_FLEXCAN_CAN_EXCLUSIVE_AREA_19
                0x0040bf68                SchM_Exit_Can_43_FLEXCAN_CAN_EXCLUSIVE_AREA_19
                0x0040bf98                SchM_Enter_Can_43_FLEXCAN_CAN_EXCLUSIVE_AREA_20
                0x0040bfcc                SchM_Exit_Can_43_FLEXCAN_CAN_EXCLUSIVE_AREA_20
 .mcal_text     0x0040bffc       0xc8 ./RTD/src/SchM_Dio.o
                0x0040bffc                SchM_Enter_Dio_DIO_EXCLUSIVE_AREA_00
                0x0040c030                SchM_Exit_Dio_DIO_EXCLUSIVE_AREA_00
                0x0040c060                SchM_Enter_Dio_DIO_EXCLUSIVE_AREA_01
                0x0040c094                SchM_Exit_Dio_DIO_EXCLUSIVE_AREA_01
 .mcal_text     0x0040c0c4      0x12c ./RTD/src/SchM_Mcu.o
                0x0040c0c4                SchM_Enter_Mcu_MCU_EXCLUSIVE_AREA_00
                0x0040c0f8                SchM_Exit_Mcu_MCU_EXCLUSIVE_AREA_00
                0x0040c128                SchM_Enter_Mcu_MCU_EXCLUSIVE_AREA_01
                0x0040c15c                SchM_Exit_Mcu_MCU_EXCLUSIVE_AREA_01
                0x0040c18c                SchM_Enter_Mcu_MCU_EXCLUSIVE_AREA_02
                0x0040c1c0                SchM_Exit_Mcu_MCU_EXCLUSIVE_AREA_02
 .mcal_text     0x0040c1f0      0xaf0 ./RTD/src/SchM_Port.o
                0x0040c1f0                SchM_Enter_Port_PORT_EXCLUSIVE_AREA_00
                0x0040c224                SchM_Exit_Port_PORT_EXCLUSIVE_AREA_00
                0x0040c254                SchM_Enter_Port_PORT_EXCLUSIVE_AREA_01
                0x0040c288                SchM_Exit_Port_PORT_EXCLUSIVE_AREA_01
                0x0040c2b8                SchM_Enter_Port_PORT_EXCLUSIVE_AREA_02
                0x0040c2ec                SchM_Exit_Port_PORT_EXCLUSIVE_AREA_02
                0x0040c31c                SchM_Enter_Port_PORT_EXCLUSIVE_AREA_03
                0x0040c350                SchM_Exit_Port_PORT_EXCLUSIVE_AREA_03
                0x0040c380                SchM_Enter_Port_PORT_EXCLUSIVE_AREA_04
                0x0040c3b4                SchM_Exit_Port_PORT_EXCLUSIVE_AREA_04
                0x0040c3e4                SchM_Enter_Port_PORT_EXCLUSIVE_AREA_05
                0x0040c418                SchM_Exit_Port_PORT_EXCLUSIVE_AREA_05
                0x0040c448                SchM_Enter_Port_PORT_EXCLUSIVE_AREA_06
                0x0040c47c                SchM_Exit_Port_PORT_EXCLUSIVE_AREA_06
                0x0040c4ac                SchM_Enter_Port_PORT_EXCLUSIVE_AREA_07
                0x0040c4e0                SchM_Exit_Port_PORT_EXCLUSIVE_AREA_07
                0x0040c510                SchM_Enter_Port_PORT_EXCLUSIVE_AREA_08
                0x0040c544                SchM_Exit_Port_PORT_EXCLUSIVE_AREA_08
                0x0040c574                SchM_Enter_Port_PORT_EXCLUSIVE_AREA_09
                0x0040c5a8                SchM_Exit_Port_PORT_EXCLUSIVE_AREA_09
                0x0040c5d8                SchM_Enter_Port_PORT_EXCLUSIVE_AREA_10
                0x0040c60c                SchM_Exit_Port_PORT_EXCLUSIVE_AREA_10
                0x0040c63c                SchM_Enter_Port_PORT_EXCLUSIVE_AREA_11
                0x0040c670                SchM_Exit_Port_PORT_EXCLUSIVE_AREA_11
                0x0040c6a0                SchM_Enter_Port_PORT_EXCLUSIVE_AREA_12
                0x0040c6d4                SchM_Exit_Port_PORT_EXCLUSIVE_AREA_12
                0x0040c704                SchM_Enter_Port_PORT_EXCLUSIVE_AREA_13
                0x0040c738                SchM_Exit_Port_PORT_EXCLUSIVE_AREA_13
                0x0040c768                SchM_Enter_Port_PORT_EXCLUSIVE_AREA_14
                0x0040c79c                SchM_Exit_Port_PORT_EXCLUSIVE_AREA_14
                0x0040c7cc                SchM_Enter_Port_PORT_EXCLUSIVE_AREA_15
                0x0040c800                SchM_Exit_Port_PORT_EXCLUSIVE_AREA_15
                0x0040c830                SchM_Enter_Port_PORT_EXCLUSIVE_AREA_16
                0x0040c864                SchM_Exit_Port_PORT_EXCLUSIVE_AREA_16
                0x0040c894                SchM_Enter_Port_PORT_EXCLUSIVE_AREA_17
                0x0040c8c8                SchM_Exit_Port_PORT_EXCLUSIVE_AREA_17
                0x0040c8f8                SchM_Enter_Port_PORT_EXCLUSIVE_AREA_18
                0x0040c92c                SchM_Exit_Port_PORT_EXCLUSIVE_AREA_18
                0x0040c95c                SchM_Enter_Port_PORT_EXCLUSIVE_AREA_19
                0x0040c990                SchM_Exit_Port_PORT_EXCLUSIVE_AREA_19
                0x0040c9c0                SchM_Enter_Port_PORT_EXCLUSIVE_AREA_20
                0x0040c9f4                SchM_Exit_Port_PORT_EXCLUSIVE_AREA_20
                0x0040ca24                SchM_Enter_Port_PORT_EXCLUSIVE_AREA_21
                0x0040ca58                SchM_Exit_Port_PORT_EXCLUSIVE_AREA_21
                0x0040ca88                SchM_Enter_Port_PORT_EXCLUSIVE_AREA_22
                0x0040cabc                SchM_Exit_Port_PORT_EXCLUSIVE_AREA_22
                0x0040caec                SchM_Enter_Port_PORT_EXCLUSIVE_AREA_23
                0x0040cb20                SchM_Exit_Port_PORT_EXCLUSIVE_AREA_23
                0x0040cb50                SchM_Enter_Port_PORT_EXCLUSIVE_AREA_24
                0x0040cb84                SchM_Exit_Port_PORT_EXCLUSIVE_AREA_24
                0x0040cbb4                SchM_Enter_Port_PORT_EXCLUSIVE_AREA_25
                0x0040cbe8                SchM_Exit_Port_PORT_EXCLUSIVE_AREA_25
                0x0040cc18                SchM_Enter_Port_PORT_EXCLUSIVE_AREA_26
                0x0040cc4c                SchM_Exit_Port_PORT_EXCLUSIVE_AREA_26
                0x0040cc7c                SchM_Enter_Port_PORT_EXCLUSIVE_AREA_27
                0x0040ccb0                SchM_Exit_Port_PORT_EXCLUSIVE_AREA_27
 .mcal_text     0x0040cce0      0x76c ./RTD/src/SchM_Spi.o
                0x0040cce0                SchM_Enter_Spi_SPI_EXCLUSIVE_AREA_00
                0x0040cd14                SchM_Exit_Spi_SPI_EXCLUSIVE_AREA_00
                0x0040cd44                SchM_Enter_Spi_SPI_EXCLUSIVE_AREA_01
                0x0040cd78                SchM_Exit_Spi_SPI_EXCLUSIVE_AREA_01
                0x0040cda8                SchM_Enter_Spi_SPI_EXCLUSIVE_AREA_02
                0x0040cddc                SchM_Exit_Spi_SPI_EXCLUSIVE_AREA_02
                0x0040ce0c                SchM_Enter_Spi_SPI_EXCLUSIVE_AREA_03
                0x0040ce40                SchM_Exit_Spi_SPI_EXCLUSIVE_AREA_03
                0x0040ce70                SchM_Enter_Spi_SPI_EXCLUSIVE_AREA_04
                0x0040cea4                SchM_Exit_Spi_SPI_EXCLUSIVE_AREA_04
                0x0040ced4                SchM_Enter_Spi_SPI_EXCLUSIVE_AREA_05
                0x0040cf08                SchM_Exit_Spi_SPI_EXCLUSIVE_AREA_05
                0x0040cf38                SchM_Enter_Spi_SPI_EXCLUSIVE_AREA_06
                0x0040cf6c                SchM_Exit_Spi_SPI_EXCLUSIVE_AREA_06
                0x0040cf9c                SchM_Enter_Spi_SPI_EXCLUSIVE_AREA_07
                0x0040cfd0                SchM_Exit_Spi_SPI_EXCLUSIVE_AREA_07
                0x0040d000                SchM_Enter_Spi_SPI_EXCLUSIVE_AREA_08
                0x0040d034                SchM_Exit_Spi_SPI_EXCLUSIVE_AREA_08
                0x0040d064                SchM_Enter_Spi_SPI_EXCLUSIVE_AREA_09
                0x0040d098                SchM_Exit_Spi_SPI_EXCLUSIVE_AREA_09
                0x0040d0c8                SchM_Enter_Spi_SPI_EXCLUSIVE_AREA_10
                0x0040d0fc                SchM_Exit_Spi_SPI_EXCLUSIVE_AREA_10
                0x0040d12c                SchM_Enter_Spi_SPI_EXCLUSIVE_AREA_11
                0x0040d160                SchM_Exit_Spi_SPI_EXCLUSIVE_AREA_11
                0x0040d190                SchM_Enter_Spi_SPI_EXCLUSIVE_AREA_12
                0x0040d1c4                SchM_Exit_Spi_SPI_EXCLUSIVE_AREA_12
                0x0040d1f4                SchM_Enter_Spi_SPI_EXCLUSIVE_AREA_13
                0x0040d228                SchM_Exit_Spi_SPI_EXCLUSIVE_AREA_13
                0x0040d258                SchM_Enter_Spi_SPI_EXCLUSIVE_AREA_14
                0x0040d28c                SchM_Exit_Spi_SPI_EXCLUSIVE_AREA_14
                0x0040d2bc                SchM_Enter_Spi_SPI_EXCLUSIVE_AREA_15
                0x0040d2f0                SchM_Exit_Spi_SPI_EXCLUSIVE_AREA_15
                0x0040d320                SchM_Enter_Spi_SPI_EXCLUSIVE_AREA_16
                0x0040d354                SchM_Exit_Spi_SPI_EXCLUSIVE_AREA_16
                0x0040d384                SchM_Enter_Spi_SPI_EXCLUSIVE_AREA_17
                0x0040d3b8                SchM_Exit_Spi_SPI_EXCLUSIVE_AREA_17
                0x0040d3e8                SchM_Enter_Spi_SPI_EXCLUSIVE_AREA_18
                0x0040d41c                SchM_Exit_Spi_SPI_EXCLUSIVE_AREA_18
 .mcal_text     0x0040d44c      0x384 ./RTD/src/SchM_Uart.o
                0x0040d44c                SchM_Enter_Uart_UART_EXCLUSIVE_AREA_00
                0x0040d480                SchM_Exit_Uart_UART_EXCLUSIVE_AREA_00
                0x0040d4b0                SchM_Enter_Uart_UART_EXCLUSIVE_AREA_01
                0x0040d4e4                SchM_Exit_Uart_UART_EXCLUSIVE_AREA_01
                0x0040d514                SchM_Enter_Uart_UART_EXCLUSIVE_AREA_02
                0x0040d548                SchM_Exit_Uart_UART_EXCLUSIVE_AREA_02
                0x0040d578                SchM_Enter_Uart_UART_EXCLUSIVE_AREA_03
                0x0040d5ac                SchM_Exit_Uart_UART_EXCLUSIVE_AREA_03
                0x0040d5dc                SchM_Enter_Uart_UART_EXCLUSIVE_AREA_04
                0x0040d610                SchM_Exit_Uart_UART_EXCLUSIVE_AREA_04
                0x0040d640                SchM_Enter_Uart_UART_EXCLUSIVE_AREA_05
                0x0040d674                SchM_Exit_Uart_UART_EXCLUSIVE_AREA_05
                0x0040d6a4                SchM_Enter_Uart_UART_EXCLUSIVE_AREA_06
                0x0040d6d8                SchM_Exit_Uart_UART_EXCLUSIVE_AREA_06
                0x0040d708                SchM_Enter_Uart_UART_EXCLUSIVE_AREA_07
                0x0040d73c                SchM_Exit_Uart_UART_EXCLUSIVE_AREA_07
                0x0040d76c                SchM_Enter_Uart_UART_EXCLUSIVE_AREA_08
                0x0040d7a0                SchM_Exit_Uart_UART_EXCLUSIVE_AREA_08
 .mcal_text     0x0040d7d0      0x190 ./RTD/src/Siul2_Dio_Ip.o
                0x0040d806                Siul2_Dio_Ip_WritePin
                0x0040d85a                Siul2_Dio_Ip_WritePins
                0x0040d872                Siul2_Dio_Ip_GetPinsOutput
                0x0040d88a                Siul2_Dio_Ip_SetPins
                0x0040d8a8                Siul2_Dio_Ip_ClearPins
                0x0040d8c8                Siul2_Dio_Ip_TogglePins
                0x0040d8e6                Siul2_Dio_Ip_ReadPins
                0x0040d900                Siul2_Dio_Ip_ReadPin
                0x0040d932                Siul2_Dio_Ip_MaskedWritePins
 .mcal_text     0x0040d960      0x458 ./RTD/src/Siul2_Port_Ip.o
                0x0040dab4                Siul2_Port_Ip_Init
                0x0040dae4                Siul2_Port_Ip_SetPullSel
                0x0040db40                Siul2_Port_Ip_SetOutputBuffer
                0x0040dba6                Siul2_Port_Ip_SetInputBuffer
                0x0040dc16                Siul2_Port_Ip_SetPinDirection
                0x0040dc8e                Siul2_Port_Ip_RevertPinConfiguration
                0x0040dcf0                Siul2_Port_Ip_GetPinConfiguration
 .mcal_text     0x0040ddb8       0xd0 ./RTD/src/Tspc_Port_Ip.o
                0x0040ddb8                Tspc_Port_Ip_EnableObeGroup
                0x0040dde8                Tspc_Port_Ip_ConfigureObeGroup
                0x0040de88                . = ALIGN (0x4)
 *(.acmcu_code_rom)
                0x0040de88                . = ALIGN (0x4)
                0x0040de88                __acfls_code_rom_start = .
 *(.acfls_code_rom)
 .acfls_code_rom
                0x0040de88       0x40 ./RTD/src/Clock_Ip_Specific.o
                0x0040de88                Clock_Ip_PRAMCSetRamIWS
 .acfls_code_rom.__stub
                0x0040dec8        0x8 linker stubs
                0x0040ded0                . = ALIGN (0x4)
                0x0040ded0                __acfls_code_rom_end = .
 *(.init)
                0x0040ded0                . = ALIGN (0x4)
 *(.fini)
                0x0040ded0                . = ALIGN (0x4)
 *(.rodata)
 .rodata        0x0040ded0       0x18 ./RTD/src/Adc_Sar_Ip.o
                0x0040ded0                Adc_Sar_Ip_apxAdcBase
 .rodata        0x0040dee8        0x3 ./RTD/src/Clock_Ip_IntOsc.o
 .rodata        0x0040deeb       0x48 ./RTD/src/FlexCAN_Ip_HwAccess.o
 *fill*         0x0040df33        0x1 
 .rodata        0x0040df34       0x30 ./RTD/src/Lpuart_Uart_Ip.o
 .rodata        0x0040df64        0x4 ./RTD/src/Siul2_Port_Ip.o
                0x0040df64                Port_au32Siul2BaseAddr
 *(.rodata*)
                0x0040df68                . = ALIGN (0x4)
 *(.mcal_const_cfg)
 .mcal_const_cfg
                0x0040df68       0xbc ./board/Siul2_Port_Ip_Cfg.o
                0x0040df68                g_pin_mux_InitConfigArr0
 .mcal_const_cfg
                0x0040e024       0x90 ./generate/src/Adc_Sar_Ip_BOARD_InitPeripherals_PBcfg.o
                0x0040e024                AdcHwUnit_0_BOARD_InitPeripherals
 .mcal_const_cfg
                0x0040e0b4      0x548 ./generate/src/Clock_Ip_Cfg.o
                0x0040e0b4                Clock_Ip_aClockConfig
 .mcal_const_cfg
                0x0040e5fc       0x64 ./generate/src/FlexCAN_Ip_Sa_BOARD_InitPeripherals_PBcfg.o
                0x0040e5fc                FlexCAN_Config0_BOARD_InitPeripherals
 .mcal_const_cfg
                0x0040e660       0x24 ./generate/src/Lpspi_Ip_Sa_BOARD_InitPeripherals_PBcfg.o
                0x0040e660                Lpspi_Ip_PhyUnitConfig_SpiPhyUnit_0_Instance_0_BOARD_InitPeripherals
                0x0040e674                Lpspi_Ip_DeviceAttributes_SpiExternalDevice_0_Instance_0_BOARD_InitPeripherals
 .mcal_const_cfg
                0x0040e684       0x28 ./generate/src/Lpuart_Uart_Ip_Sa_BOARD_InitPeripherals_PBcfg.o
                0x0040e684                Lpuart_Uart_Ip_xHwConfigPB_0_BOARD_INITPERIPHERALS
                0x0040e6ac                . = ALIGN (0x4)
 *(.mcal_const)
 .mcal_const    0x0040e6ac       0x24 ./RTD/src/Adc_Sar_Ip.o
 .mcal_const    0x0040e6d0     0x1012 ./RTD/src/Clock_Ip_Data.o
                0x0040e6d0                Clock_Ip_axGateInfo
                0x0040eda8                Clock_Ip_axFeatureExtensions
                0x0040efc8                Clock_Ip_aeHwDfsName
                0x0040efcc                Clock_Ip_aeHwPllName
                0x0040efd0                Clock_Ip_aeSourceTypeClockName
                0x0040f028                Clock_Ip_apxMcMeTriggerPartitions
                0x0040f038                Clock_Ip_apxMcMeGetPartitions
                0x0040f048                Clock_Ip_apxMcMeSetPartitions
                0x0040f058                Clock_Ip_axCmuInfo
                0x0040f0c8                Clock_Ip_aeCmuNames
                0x0040f0e4                Clock_Ip_apxCmu
                0x0040f100                Clock_Ip_apxPll
                0x0040f110                Clock_Ip_apxXosc
                0x0040f118                Clock_Ip_apxCgmPcfs
                0x0040f11c                Clock_Ip_apxCgm
                0x0040f16c                Clock_Ip_au16SelectorEntryRtcHardwareValue
                0x0040f198                Clock_Ip_au16SelectorEntryHardwareValue
                0x0040f1c4                Clock_Ip_au8SoftwareMuxResetValue
                0x0040f23e                Clock_Ip_au8ClockFeatures
                0x0040f688                Clock_Ip_au8CmuCallbackIndex
                0x0040f691                Clock_Ip_au8PcfsCallbackIndex
                0x0040f69a                Clock_Ip_au8SelectorCallbackIndex
                0x0040f6a3                Clock_Ip_au8PllCallbackIndex
                0x0040f6ac                Clock_Ip_au8FractionalDividerCallbackIndex
                0x0040f6b5                Clock_Ip_au8GateCallbackIndex
                0x0040f6be                Clock_Ip_au8IrcoscCallbackIndex
                0x0040f6c7                Clock_Ip_au8XoscCallbackIndex
                0x0040f6d0                Clock_Ip_au8DividerTriggerCallbackIndex
                0x0040f6d9                Clock_Ip_au8DividerCallbackIndex
 *fill*         0x0040f6e2        0x2 
 .mcal_const    0x0040f6e4       0x10 ./RTD/src/Clock_Ip_Divider.o
                0x0040f6e4                Clock_Ip_axDividerCallbacks
 .mcal_const    0x0040f6f4       0x10 ./RTD/src/Clock_Ip_DividerTrigger.o
                0x0040f6f4                Clock_Ip_axDividerTriggerCallbacks
 .mcal_const    0x0040f704       0x3c ./RTD/src/Clock_Ip_ExtOsc.o
                0x0040f704                Clock_Ip_axExtOscCallbacks
 .mcal_const    0x0040f740        0xc ./RTD/src/Clock_Ip_FracDiv.o
                0x0040f740                Clock_Ip_axFracDivCallbacks
 .mcal_const    0x0040f74c       0x10 ./RTD/src/Clock_Ip_Gate.o
                0x0040f74c                Clock_Ip_axGateCallbacks
 .mcal_const    0x0040f75c       0x30 ./RTD/src/Clock_Ip_IntOsc.o
                0x0040f75c                Clock_Ip_axIntOscCallbacks
 .mcal_const    0x0040f78c       0x20 ./RTD/src/Clock_Ip_Monitor.o
                0x0040f78c                Clock_Ip_axCmuCallbacks
 .mcal_const    0x0040f7ac       0x28 ./RTD/src/Clock_Ip_Pll.o
                0x0040f7ac                Clock_Ip_axPllCallbacks
 .mcal_const    0x0040f7d4        0x8 ./RTD/src/Clock_Ip_ProgFreqSwitch.o
                0x0040f7d4                Clock_Ip_axPcfsCallbacks
 .mcal_const    0x0040f7dc       0x28 ./RTD/src/Clock_Ip_Selector.o
                0x0040f7dc                Clock_Ip_axSelectorCallbacks
 .mcal_const    0x0040f804       0x10 ./RTD/src/FlexCAN_Ip.o
 .mcal_const    0x0040f814       0x10 ./RTD/src/Lpspi_Ip.o
 .mcal_const    0x0040f824       0x10 ./RTD/src/Lpuart_Uart_Ip.o
                0x0040f834                . = ALIGN (0x4)
                0x0040f834                __init_table = .
 *(.init_table)
 .init_table    0x0040f834       0x4c ./Project_Settings/Startup_Code/startup_cm7.o
                0x0040f880                . = ALIGN (0x4)
                0x0040f880                __zero_table = .
 *(.zero_table)
 .zero_table    0x0040f880       0x1c ./Project_Settings/Startup_Code/startup_cm7.o

.glue_7         0x0040f89c        0x0
 .glue_7        0x0040f89c        0x0 linker stubs

.glue_7t        0x0040f89c        0x0
 .glue_7t       0x0040f89c        0x0 linker stubs

.vfp11_veneer   0x0040f89c        0x0
 .vfp11_veneer  0x0040f89c        0x0 linker stubs

.v4_bx          0x0040f89c        0x0
 .v4_bx         0x0040f89c        0x0 linker stubs

.iplt           0x0040f89c        0x0
 .iplt          0x0040f89c        0x0 ./Project_Settings/Startup_Code/Vector_Table.o

.rel.dyn        0x0040f89c        0x0
 .rel.iplt      0x0040f89c        0x0 ./Project_Settings/Startup_Code/Vector_Table.o
                0x0040f89c                . = ALIGN (0x4)
                0x0040f89c                __text_end = .
                0x0040f89c                __sram_data_rom = __text_end

.sram_data      0x20400000       0xa0 load address 0x0040f89c
                0x20400000                . = ALIGN (0x4)
                0x20400000                __sram_data_begin__ = .
                0x20400000                . = ALIGN (0x4)
 *(.ramcode)
 .ramcode       0x20400000       0x90 ./RTD/src/Clock_Ip_Specific.o
                0x20400090                . = ALIGN (0x4)
 *(.data)
 .data          0x20400090        0x0 ./Project_Settings/Startup_Code/Vector_Table.o
 .data          0x20400090        0x0 ./Project_Settings/Startup_Code/exceptions.o
 .data          0x20400090        0x0 ./Project_Settings/Startup_Code/nvic.o
 .data          0x20400090        0x0 ./Project_Settings/Startup_Code/startup.o
 .data          0x20400090        0x0 ./Project_Settings/Startup_Code/startup_cm7.o
 .data          0x20400090        0x0 ./Project_Settings/Startup_Code/system.o
 .data          0x20400090        0x0 ./RTD/src/Adc_Sar_Ip.o
 .data          0x20400090        0x0 ./RTD/src/Adc_Sar_Ip_Irq.o
 .data          0x20400090        0x4 ./RTD/src/Clock_Ip.o
 .data          0x20400094        0x0 ./RTD/src/Clock_Ip_Data.o
 .data          0x20400094        0x0 ./RTD/src/Clock_Ip_Divider.o
 .data          0x20400094        0x0 ./RTD/src/Clock_Ip_DividerTrigger.o
 .data          0x20400094        0x0 ./RTD/src/Clock_Ip_ExtOsc.o
 .data          0x20400094        0x0 ./RTD/src/Clock_Ip_FracDiv.o
 .data          0x20400094        0x0 ./RTD/src/Clock_Ip_Frequency.o
 .data          0x20400094        0x0 ./RTD/src/Clock_Ip_Gate.o
 .data          0x20400094        0x0 ./RTD/src/Clock_Ip_IntOsc.o
 .data          0x20400094        0x0 ./RTD/src/Clock_Ip_Irq.o
 .data          0x20400094        0x0 ./RTD/src/Clock_Ip_Monitor.o
 .data          0x20400094        0x0 ./RTD/src/Clock_Ip_Pll.o
 .data          0x20400094        0x0 ./RTD/src/Clock_Ip_ProgFreqSwitch.o
 .data          0x20400094        0x0 ./RTD/src/Clock_Ip_Selector.o
 .data          0x20400094        0x0 ./RTD/src/Clock_Ip_Specific.o
 .data          0x20400094        0x0 ./RTD/src/Det.o
 .data          0x20400094        0x0 ./RTD/src/Det_stub.o
 .data          0x20400094        0x0 ./RTD/src/FlexCAN_Ip.o
 .data          0x20400094        0x0 ./RTD/src/FlexCAN_Ip_HwAccess.o
 .data          0x20400094        0x0 ./RTD/src/FlexCAN_Ip_Irq.o
 .data          0x20400094        0x0 ./RTD/src/Igf_Port_Ip.o
 .data          0x20400094        0x0 ./RTD/src/IntCtrl_Ip.o
 .data          0x20400094        0x0 ./RTD/src/Lpspi_Ip.o
 .data          0x20400094        0x0 ./RTD/src/Lpspi_Ip_Irq.o
 .data          0x20400094        0x0 ./RTD/src/Lpuart_Uart_Ip.o
 .data          0x20400094        0x0 ./RTD/src/Lpuart_Uart_Ip_Irq.o
 .data          0x20400094        0x0 ./RTD/src/OsIf_Interrupts.o
 .data          0x20400094        0x0 ./RTD/src/OsIf_Timer.o
 .data          0x20400094        0x0 ./RTD/src/OsIf_Timer_System.o
 .data          0x20400094        0x0 ./RTD/src/OsIf_Timer_System_Internal_Systick.o
 .data          0x20400094        0x0 ./RTD/src/SchM_Adc.o
 .data          0x20400094        0x0 ./RTD/src/SchM_Can_43_FLEXCAN.o
 .data          0x20400094        0x0 ./RTD/src/SchM_Dio.o
 .data          0x20400094        0x0 ./RTD/src/SchM_Mcu.o
 .data          0x20400094        0x0 ./RTD/src/SchM_Port.o
 .data          0x20400094        0x0 ./RTD/src/SchM_Spi.o
 .data          0x20400094        0x0 ./RTD/src/SchM_Uart.o
 .data          0x20400094        0x0 ./RTD/src/Siul2_Dio_Ip.o
 .data          0x20400094        0x0 ./RTD/src/Siul2_Port_Ip.o
 .data          0x20400094        0x0 ./RTD/src/Tspc_Port_Ip.o
 .data          0x20400094        0x0 ./board/Siul2_Port_Ip_Cfg.o
 .data          0x20400094        0x0 ./board/Tspc_Port_Ip_Cfg.o
 .data          0x20400094        0x0 ./generate/src/Adc_Sar_Ip_BOARD_InitPeripherals_PBcfg.o
 .data          0x20400094        0x0 ./generate/src/Clock_Ip_Cfg.o
 .data          0x20400094        0x0 ./generate/src/FlexCAN_Ip_Sa_BOARD_InitPeripherals_PBcfg.o
 .data          0x20400094        0x0 ./generate/src/Igf_Port_Ip_Cfg.o
 .data          0x20400094        0x0 ./generate/src/IntCtrl_Ip_Cfg.o
 .data          0x20400094        0x0 ./generate/src/Lpspi_Ip_Sa_BOARD_InitPeripherals_PBcfg.o
 .data          0x20400094        0x0 ./generate/src/Lpuart_Uart_Ip_Sa_BOARD_InitPeripherals_PBcfg.o
 .data          0x20400094        0x0 ./generate/src/OsIf_Cfg.o
 .data          0x20400094        0x0 ./src/EAL/EAL_DIO/eal_dio.o
 .data          0x20400094        0x0 ./src/EAL/EAL_DIO/eal_dio_cfg.o
 .data          0x20400094        0x0 ./src/HAL/HAL_ADC/hal_adc.o
 .data          0x20400094        0x0 ./src/HAL/HAL_CAN/hal_can.o
 .data          0x20400094        0x0 ./src/HAL/HAL_DIO/hal_dio.o
 .data          0x20400094        0x0 ./src/HAL/HAL_IIC/hal_iic.o
 .data          0x20400094        0x0 ./src/HAL/HAL_SPI/hal_spi.o
 .data          0x20400094        0x0 ./src/HAL/HAL_UART/hal_uart.o
 .data          0x20400094        0x0 ./src/RTE/rte.o
 .data          0x20400094        0x0 ./src/SER/Init/ser_init.o
 .data          0x20400094        0x0 ./src/main.o
 .data          0x20400094        0x0 c:/nxp/s32ds.3.5/s32ds/build_tools/gcc_v10.2/gcc-10.2-arm32-eabi/bin/../lib/gcc/arm-none-eabi/10.2.0/../../../../arm-none-eabi/lib/thumb/v7e-m+fp/hard\libc_nano.a(lib_a-memmove.o)
 .data          0x20400094        0x0 c:/nxp/s32ds.3.5/s32ds/build_tools/gcc_v10.2/gcc-10.2-arm32-eabi/bin/../lib/gcc/arm-none-eabi/10.2.0/../../../../arm-none-eabi/lib/thumb/v7e-m+fp/hard\libc_nano.a(lib_a-memset.o)
 *(.data*)
                0x20400094                . = ALIGN (0x4)
 *(.mcal_data)
 .mcal_data     0x20400094        0x4 ./RTD/src/Siul2_Dio_Ip.o
                0x20400094                Siul2_Dio_Ip_au32BaseAdresses
 .mcal_data     0x20400098        0x8 ./generate/src/Lpspi_Ip_Sa_BOARD_InitPeripherals_PBcfg.o
                0x204000a0                . = ALIGN (0x4)
                0x204000a0                __sram_data_end__ = .
                0x0040f93c                __sram_data_rom_end = (__sram_data_rom + (__sram_data_end__ - __sram_data_begin__))

.sram_bss       0x204000a0      0x9a8 load address 0x0040f93c
                0x204000a0                . = ALIGN (0x10)
                0x204000a0                __sram_bss_start = .
 *(.bss)
 .bss           0x204000a0        0x0 ./Project_Settings/Startup_Code/Vector_Table.o
 .bss           0x204000a0        0x0 ./Project_Settings/Startup_Code/exceptions.o
 .bss           0x204000a0        0x0 ./Project_Settings/Startup_Code/nvic.o
 .bss           0x204000a0        0x0 ./Project_Settings/Startup_Code/startup.o
 .bss           0x204000a0        0x0 ./Project_Settings/Startup_Code/startup_cm7.o
 .bss           0x204000a0       0x78 ./Project_Settings/Startup_Code/system.o
                0x204000a0                rbar
                0x204000dc                rasr
 .bss           0x20400118        0x0 ./RTD/src/Adc_Sar_Ip.o
 .bss           0x20400118        0x0 ./RTD/src/Adc_Sar_Ip_Irq.o
 .bss           0x20400118        0x0 ./RTD/src/Clock_Ip.o
 .bss           0x20400118        0x0 ./RTD/src/Clock_Ip_Data.o
 .bss           0x20400118        0x0 ./RTD/src/Clock_Ip_Divider.o
 .bss           0x20400118        0x0 ./RTD/src/Clock_Ip_DividerTrigger.o
 .bss           0x20400118        0x0 ./RTD/src/Clock_Ip_ExtOsc.o
 .bss           0x20400118        0x0 ./RTD/src/Clock_Ip_FracDiv.o
 .bss           0x20400118        0x0 ./RTD/src/Clock_Ip_Frequency.o
 .bss           0x20400118        0x0 ./RTD/src/Clock_Ip_Gate.o
 .bss           0x20400118        0x0 ./RTD/src/Clock_Ip_IntOsc.o
 .bss           0x20400118        0x0 ./RTD/src/Clock_Ip_Irq.o
 .bss           0x20400118        0x0 ./RTD/src/Clock_Ip_Monitor.o
 .bss           0x20400118        0x0 ./RTD/src/Clock_Ip_Pll.o
 .bss           0x20400118        0x0 ./RTD/src/Clock_Ip_ProgFreqSwitch.o
 .bss           0x20400118        0x0 ./RTD/src/Clock_Ip_Selector.o
 .bss           0x20400118        0x0 ./RTD/src/Clock_Ip_Specific.o
 .bss           0x20400118        0x0 ./RTD/src/Det.o
 .bss           0x20400118        0x0 ./RTD/src/Det_stub.o
 .bss           0x20400118        0x0 ./RTD/src/FlexCAN_Ip.o
 .bss           0x20400118        0x0 ./RTD/src/FlexCAN_Ip_HwAccess.o
 .bss           0x20400118        0x0 ./RTD/src/FlexCAN_Ip_Irq.o
 .bss           0x20400118        0x0 ./RTD/src/Igf_Port_Ip.o
 .bss           0x20400118        0x0 ./RTD/src/IntCtrl_Ip.o
 .bss           0x20400118        0x0 ./RTD/src/Lpspi_Ip.o
 .bss           0x20400118        0x0 ./RTD/src/Lpspi_Ip_Irq.o
 .bss           0x20400118        0x0 ./RTD/src/Lpuart_Uart_Ip.o
 .bss           0x20400118        0x0 ./RTD/src/Lpuart_Uart_Ip_Irq.o
 .bss           0x20400118        0x0 ./RTD/src/OsIf_Interrupts.o
 .bss           0x20400118        0x0 ./RTD/src/OsIf_Timer.o
 .bss           0x20400118        0x0 ./RTD/src/OsIf_Timer_System.o
 .bss           0x20400118        0x0 ./RTD/src/OsIf_Timer_System_Internal_Systick.o
 .bss           0x20400118        0x0 ./RTD/src/SchM_Adc.o
 .bss           0x20400118        0x0 ./RTD/src/SchM_Can_43_FLEXCAN.o
 .bss           0x20400118        0x0 ./RTD/src/SchM_Dio.o
 .bss           0x20400118        0x0 ./RTD/src/SchM_Mcu.o
 .bss           0x20400118        0x0 ./RTD/src/SchM_Port.o
 .bss           0x20400118        0x0 ./RTD/src/SchM_Spi.o
 .bss           0x20400118        0x0 ./RTD/src/SchM_Uart.o
 .bss           0x20400118        0x0 ./RTD/src/Siul2_Dio_Ip.o
 .bss           0x20400118        0x0 ./RTD/src/Siul2_Port_Ip.o
 .bss           0x20400118        0x0 ./RTD/src/Tspc_Port_Ip.o
 .bss           0x20400118        0x0 ./board/Siul2_Port_Ip_Cfg.o
 .bss           0x20400118        0x0 ./board/Tspc_Port_Ip_Cfg.o
 .bss           0x20400118        0x0 ./generate/src/Adc_Sar_Ip_BOARD_InitPeripherals_PBcfg.o
 .bss           0x20400118        0x0 ./generate/src/Clock_Ip_Cfg.o
 .bss           0x20400118        0x0 ./generate/src/FlexCAN_Ip_Sa_BOARD_InitPeripherals_PBcfg.o
 .bss           0x20400118        0x0 ./generate/src/Igf_Port_Ip_Cfg.o
 .bss           0x20400118        0x0 ./generate/src/IntCtrl_Ip_Cfg.o
 .bss           0x20400118        0x0 ./generate/src/Lpspi_Ip_Sa_BOARD_InitPeripherals_PBcfg.o
 .bss           0x20400118        0x0 ./generate/src/Lpuart_Uart_Ip_Sa_BOARD_InitPeripherals_PBcfg.o
 .bss           0x20400118        0x0 ./generate/src/OsIf_Cfg.o
 .bss           0x20400118        0x0 ./src/EAL/EAL_DIO/eal_dio.o
 .bss           0x20400118        0x5 ./src/EAL/EAL_DIO/eal_dio_cfg.o
                0x20400118                eal_dio_Output_st
                0x2040011c                eal_dio_Input_st
 .bss           0x2040011d        0x0 ./src/HAL/HAL_ADC/hal_adc.o
 .bss           0x2040011d        0x0 ./src/HAL/HAL_CAN/hal_can.o
 .bss           0x2040011d        0x0 ./src/HAL/HAL_DIO/hal_dio.o
 .bss           0x2040011d        0x0 ./src/HAL/HAL_IIC/hal_iic.o
 .bss           0x2040011d        0x0 ./src/HAL/HAL_SPI/hal_spi.o
 .bss           0x2040011d        0x0 ./src/HAL/HAL_UART/hal_uart.o
 .bss           0x2040011d        0x0 ./src/RTE/rte.o
 .bss           0x2040011d        0x0 ./src/SER/Init/ser_init.o
 *fill*         0x2040011d        0x3 
 .bss           0x20400120        0x4 ./src/main.o
                0x20400120                exit_code
 .bss           0x20400124        0x0 c:/nxp/s32ds.3.5/s32ds/build_tools/gcc_v10.2/gcc-10.2-arm32-eabi/bin/../lib/gcc/arm-none-eabi/10.2.0/../../../../arm-none-eabi/lib/thumb/v7e-m+fp/hard\libc_nano.a(lib_a-memmove.o)
 .bss           0x20400124        0x0 c:/nxp/s32ds.3.5/s32ds/build_tools/gcc_v10.2/gcc-10.2-arm32-eabi/bin/../lib/gcc/arm-none-eabi/10.2.0/../../../../arm-none-eabi/lib/thumb/v7e-m+fp/hard\libc_nano.a(lib_a-memset.o)
 *(.bss*)
                0x20400130                . = ALIGN (0x10)
 *fill*         0x20400124        0xc 
 *(.mcal_bss)
 .mcal_bss      0x20400130        0x4 ./Project_Settings/Startup_Code/system.o
                0x20400130                RESET_CATCH_CORE
 .mcal_bss      0x20400134      0x348 ./RTD/src/Adc_Sar_Ip.o
 .mcal_bss      0x2040047c       0x85 ./RTD/src/Clock_Ip.o
                0x20400480                Clock_Ip_FreqIds
                0x204004fc                Clock_Ip_pxConfig
 *fill*         0x20400501        0x3 
 .mcal_bss      0x20400504       0x10 ./RTD/src/Clock_Ip_Monitor.o
 .mcal_bss      0x20400514        0x4 ./RTD/src/Clock_Ip_ProgFreqSwitch.o
 .mcal_bss      0x20400518        0xc ./RTD/src/Clock_Ip_Specific.o
 .mcal_bss      0x20400524       0x10 ./RTD/src/FlexCAN_Ip.o
 .mcal_bss      0x20400534       0xa0 ./RTD/src/FlexCAN_Ip_HwAccess.o
 .mcal_bss      0x204005d4       0x3c ./RTD/src/Lpspi_Ip.o
                0x204005d4                Lpspi_Ip_apxStateStructureArray
 .mcal_bss      0x20400610        0x8 ./RTD/src/Siul2_Port_Ip.o
 .mcal_bss      0x20400618      0x430 ./generate/src/FlexCAN_Ip_Sa_BOARD_InitPeripherals_PBcfg.o
                0x20400618                FlexCAN_BOARD_InitPeripherals_State0
                0x20400a48                . = ALIGN (0x4)
                0x20400a48                __sram_bss_end = .

.heap           0x20400a48     0x1000 load address 0x004102e4
                0x00000000                . = (. + ALIGN (0x4))
                0x20400a48                _end = .
                0x20400a48                end = .
                0x20400a48                _heap_start = .
                0x00001000                . = (. + HEAP_SIZE)
 *fill*         0x20400a48     0x1000 
                0x20401a48                _heap_end = .

.acfls_code_ram
                0x20403f00        0x0
                0x20403f00                acfls_code_ram_start = .
 *(.acfls_code_ram)
                0x20403f00                acfls_code_ram_stop = .
                0x0040f93c                __non_cacheable_data_rom = __sram_data_rom_end

.non_cacheable_data
                0x20404000      0x104 load address 0x0040f93c
                0x20404000                . = ALIGN (0x4)
                0x20404000                __non_cacheable_data_start__ = .
 *(.int_results)
                0x20404100                . = (. + 0x100)
 *fill*         0x20404000      0x100 
                0x20404100                . = ALIGN (0x4)
 *(.mcal_data_no_cacheable)
                0x20404100                . = ALIGN (0x4)
 *(.mcal_const_no_cacheable)
                0x20404100                . = ALIGN (0x4)
                0x20404100                HSE_LOOP_ADDR = .
                0x20404100        0x4 LONG 0x0
                0x20404104                __non_cacheable_data_end__ = .
                0x0040fa40                __non_cacheable_data_rom_end = (__non_cacheable_data_rom + (__non_cacheable_data_end__ - __non_cacheable_data_start__))

.igot.plt       0x20404104        0x0 load address 0x0040fa40
 .igot.plt      0x20404104        0x0 ./Project_Settings/Startup_Code/Vector_Table.o

.non_cacheable_bss
                0x20404104     0x1708 load address 0x0040fa40
                0x20404110                . = ALIGN (0x10)
 *fill*         0x20404104        0xc 
                0x20404110                __non_cacheable_bss_start = .
 *(.mcal_bss_no_cacheable)
 .mcal_bss_no_cacheable
                0x20404110       0x3c ./RTD/src/Det.o
                0x20404110                Det_TransientModuleId
                0x20404118                Det_ApiId
                0x2040411c                Det_TransientInstanceId
                0x20404120                Det_ErrorId
                0x20404124                Det_TransientApiId
                0x20404128                Det_RuntimeModuleId
                0x20404130                Det_TransientFaultId
                0x20404134                Det_RuntimeInstanceId
                0x20404138                Det_RuntimeApiId
                0x2040413c                Det_ModuleId
                0x20404144                Det_RuntimeErrorId
                0x20404148                Det_InstanceId
 .mcal_bss_no_cacheable
                0x2040414c       0x40 ./RTD/src/Lpuart_Uart_Ip.o
                0x2040414c                Lpuart_Uart_Ip_apStateStructure
                0x2040417c                Lpuart_Uart_Ip_apUserConfig
 .mcal_bss_no_cacheable
                0x2040418c      0xc40 ./RTD/src/SchM_Adc.o
 .mcal_bss_no_cacheable
                0x20404dcc      0x2a0 ./RTD/src/SchM_Can_43_FLEXCAN.o
 .mcal_bss_no_cacheable
                0x2040506c       0x40 ./RTD/src/SchM_Dio.o
 .mcal_bss_no_cacheable
                0x204050ac       0x60 ./RTD/src/SchM_Mcu.o
 .mcal_bss_no_cacheable
                0x2040510c      0x380 ./RTD/src/SchM_Port.o
 .mcal_bss_no_cacheable
                0x2040548c      0x260 ./RTD/src/SchM_Spi.o
 .mcal_bss_no_cacheable
                0x204056ec      0x120 ./RTD/src/SchM_Uart.o
                0x2040580c                . = ALIGN (0x4)
                0x2040580c                __non_cacheable_bss_end = .
                0x0040fa40                __shareable_data_rom = __non_cacheable_data_rom_end

.shareable_data
                0x2040c000        0x0 load address 0x0040fa40
                0x2040c000                . = ALIGN (0x4)
                0x2040c000                __shareable_data_start__ = .
 *(.mcal_shared_data)
                0x2040c000                . = ALIGN (0x4)
                0x2040c000                __shareable_data_end__ = .
                0x0040fa40                __shareable_data_rom_end = (__shareable_data_rom + (__shareable_data_end__ - __shareable_data_start__))

.int_vector     0x20000000      0x408
                0x20000000                . = ALIGN (0x800)
                0x20000000                __interrupts_ram_start = .
                0x20000408                . = (. + (__interrupts_init_end - __interrupts_init_start))
 *fill*         0x20000000      0x408 
                0x20000408                . = ALIGN (0x4)
                0x20000408                __interrupts_ram_end = .
                0x0040fa40                __tcm_data_rom = __shareable_data_rom_end

.data_tcm_data  0x20000408        0x0 load address 0x0040fa40
                0x20000408                . = ALIGN (0x4)
                0x20000408                __dtcm_data_start__ = .
 *(.dtcm_data*)
                0x20000408                . = ALIGN (0x4)
                0x20000408                __dtcm_data_end__ = .
                0x0040fa40                __tcm_data_rom_end = (__tcm_data_rom + (__dtcm_data_end__ - __dtcm_data_start__))

.bss_tcm_data   0x20000408        0x0
                0x20000408                . = ALIGN (0x4)
                0x20000408                __dtcm_bss_start__ = .
 *(.dtcm_bss*)
                0x20000408                . = ALIGN (0x4)
                0x20000408                __dtcm_bss_end__ = .
                0x0040fa40                __tcm_code_rom_start = __tcm_data_rom_end

.itcm_text      0x00000000        0x0 load address 0x0040fa40
                0x00000000                . = ALIGN (0x4)
                0x00000000                __itcm_start__ = .
 *(.itcm_text*)
                0x00000000                . = ALIGN (0x4)
                0x00000000                __itcm_end__ = .
                0x0040fa40                __tcm_code_rom_end = (__tcm_code_rom_start + (__itcm_end__ - __itcm_start__))

.shareable_bss  0x2040c000        0x0
                0x2040c000                . = ALIGN (0x10)
                0x2040c000                __shareable_bss_start = .
 *(.mcal_shared_bss)
                0x2040c000                . = ALIGN (0x4)
                0x2040c000                __shareable_bss_end = .
                0x2000f000                __Stack_dtcm_end = ORIGIN (int_stack_dtcm)
                0x20010000                __Stack_dtcm_start = (ORIGIN (int_stack_dtcm) + LENGTH (int_stack_dtcm))
                0x20400000                __INT_SRAM_START = ORIGIN (int_sram_c0)
                0x20406000                __INT_SRAM_END = ORIGIN (ram_end_c0)
                0x00000000                __INT_ITCM_START = ORIGIN (int_itcm)
                0x00008000                __INT_ITCM_END = (ORIGIN (int_itcm) + LENGTH (int_itcm))
                0x20000000                __INT_DTCM_START = ORIGIN (int_dtcm)
                0x20010000                __INT_DTCM_END = ((ORIGIN (int_dtcm) + LENGTH (int_dtcm)) + LENGTH (int_stack_dtcm))
                0x2040c000                __RAM_SHAREABLE_START = ORIGIN (int_sram_shareable)
                0x20410000                __RAM_SHAREABLE_END = (ORIGIN (int_sram_shareable) + LENGTH (int_sram_shareable))
                0x0000000e                __RAM_SHAREABLE_SIZE = 0xe
                0x0040fa40                __ROM_SHAREABLE_START = __shareable_data_rom
                0x0040fa40                __ROM_SHAREABLE_END = __shareable_data_rom_end
                0x20404000                __RAM_NO_CACHEABLE_START = ORIGIN (int_sram_no_cacheable_c0)
                0x20406000                __RAM_NO_CACHEABLE_END = (ORIGIN (int_sram_no_cacheable_c0) + LENGTH (int_sram_no_cacheable_c0))
                0x0000000d                __RAM_NO_CACHEABLE_SIZE = 0xd
                0x0040f93c                __ROM_NO_CACHEABLE_START = __non_cacheable_data_rom
                0x0040fa40                __ROM_NO_CACHEABLE_END = __non_cacheable_data_rom_end
                0x20400000                __RAM_CACHEABLE_START = ORIGIN (int_sram_c0)
                0x20404000                __RAM_CACHEABLE_END = ORIGIN (int_sram_no_cacheable_c0)
                0x0000000e                __RAM_CACHEABLE_SIZE = 0xe
                0x0040f89c                __ROM_CACHEABLE_START = __sram_data_rom
                0x0040f93c                __ROM_CACHEABLE_END = __sram_data_rom_end
                0x00400000                __ROM_CODE_START = ORIGIN (int_flash_c0)
                0x10000000                __ROM_DATA_START = 0x10000000
                0x204000a0                __BSS_SRAM_START = __sram_bss_start
                0x20400a48                __BSS_SRAM_END = __sram_bss_end
                0x000009a8                __BSS_SRAM_SIZE = (__sram_bss_end - __sram_bss_start)
                0x20404110                __BSS_SRAM_NC_START = __non_cacheable_bss_start