Archive member included to satisfy reference by file (symbol)

c:/nxp/s32ds.3.5/s32ds/build_tools/gcc_v10.2/gcc-10.2-arm32-eabi/bin/../lib/gcc/arm-none-eabi/10.2.0/../../../../arm-none-eabi/lib/thumb/v7e-m+fp/hard\libc_nano.a(lib_a-memmove.o)
                              ./RTD/src/Siul2_Port_Ip.o (memmove)
c:/nxp/s32ds.3.5/s32ds/build_tools/gcc_v10.2/gcc-10.2-arm32-eabi/bin/../lib/gcc/arm-none-eabi/10.2.0/../../../../arm-none-eabi/lib/thumb/v7e-m+fp/hard\libc_nano.a(lib_a-memset.o)
                              ./Project_Settings/Startup_Code/startup.o (memset)

Discarded input sections

 .group         0x00000000        0xc ./Project_Settings/Startup_Code/exceptions.o
 .group         0x00000000        0xc ./Project_Settings/Startup_Code/exceptions.o
 .group         0x00000000        0xc ./Project_Settings/Startup_Code/exceptions.o
 .group         0x00000000        0xc ./Project_Settings/Startup_Code/exceptions.o
 .group         0x00000000        0xc ./Project_Settings/Startup_Code/exceptions.o
 .group         0x00000000        0xc ./Project_Settings/Startup_Code/exceptions.o
 .group         0x00000000        0xc ./Project_Settings/Startup_Code/exceptions.o
 .group         0x00000000        0xc ./Project_Settings/Startup_Code/exceptions.o
 .group         0x00000000        0xc ./Project_Settings/Startup_Code/exceptions.o
 .group         0x00000000        0xc ./Project_Settings/Startup_Code/exceptions.o
 .group         0x00000000        0xc ./Project_Settings/Startup_Code/exceptions.o
 .group         0x00000000        0xc ./Project_Settings/Startup_Code/exceptions.o
 .group         0x00000000        0xc ./Project_Settings/Startup_Code/exceptions.o
 .group         0x00000000        0xc ./Project_Settings/Startup_Code/exceptions.o
 .group         0x00000000        0xc ./Project_Settings/Startup_Code/exceptions.o
 .group         0x00000000        0xc ./Project_Settings/Startup_Code/exceptions.o
 .group         0x00000000        0xc ./Project_Settings/Startup_Code/exceptions.o
 .group         0x00000000        0xc ./Project_Settings/Startup_Code/exceptions.o
 .group         0x00000000        0xc ./Project_Settings/Startup_Code/exceptions.o
 .group         0x00000000        0xc ./Project_Settings/Startup_Code/exceptions.o
 .group         0x00000000        0xc ./Project_Settings/Startup_Code/exceptions.o
 .group         0x00000000        0xc ./Project_Settings/Startup_Code/exceptions.o
 .group         0x00000000        0xc ./Project_Settings/Startup_Code/exceptions.o
 .group         0x00000000        0xc ./Project_Settings/Startup_Code/exceptions.o
 .group         0x00000000        0xc ./Project_Settings/Startup_Code/exceptions.o
 .group         0x00000000        0xc ./Project_Settings/Startup_Code/exceptions.o
 .group         0x00000000        0xc ./Project_Settings/Startup_Code/nvic.o
 .group         0x00000000        0xc ./Project_Settings/Startup_Code/nvic.o
 .group         0x00000000        0xc ./Project_Settings/Startup_Code/nvic.o
 .group         0x00000000        0xc ./Project_Settings/Startup_Code/nvic.o
 .group         0x00000000        0xc ./Project_Settings/Startup_Code/nvic.o
 .group         0x00000000        0xc ./Project_Settings/Startup_Code/nvic.o
 .group         0x00000000        0xc ./Project_Settings/Startup_Code/nvic.o
 .group         0x00000000        0xc ./Project_Settings/Startup_Code/nvic.o
 .group         0x00000000        0xc ./Project_Settings/Startup_Code/nvic.o
 .group         0x00000000        0xc ./Project_Settings/Startup_Code/nvic.o
 .group         0x00000000        0xc ./Project_Settings/Startup_Code/nvic.o
 .group         0x00000000        0xc ./Project_Settings/Startup_Code/nvic.o
 .group         0x00000000        0xc ./Project_Settings/Startup_Code/nvic.o
 .group         0x00000000        0xc ./Project_Settings/Startup_Code/nvic.o
 .group         0x00000000        0xc ./Project_Settings/Startup_Code/nvic.o
 .group         0x00000000        0xc ./Project_Settings/Startup_Code/nvic.o
 .group         0x00000000        0xc ./Project_Settings/Startup_Code/nvic.o
 .group         0x00000000        0xc ./Project_Settings/Startup_Code/nvic.o
 .group         0x00000000        0xc ./Project_Settings/Startup_Code/nvic.o
 .group         0x00000000        0xc ./Project_Settings/Startup_Code/nvic.o
 .group         0x00000000        0xc ./Project_Settings/Startup_Code/nvic.o
 .group         0x00000000        0xc ./Project_Settings/Startup_Code/nvic.o
 .group         0x00000000        0xc ./Project_Settings/Startup_Code/nvic.o
 .group         0x00000000        0xc ./Project_Settings/Startup_Code/nvic.o
 .group         0x00000000        0xc ./Project_Settings/Startup_Code/nvic.o
 .group         0x00000000        0xc ./Project_Settings/Startup_Code/nvic.o
 .group         0x00000000        0xc ./Project_Settings/Startup_Code/nvic.o
 .group         0x00000000        0xc ./Project_Settings/Startup_Code/nvic.o
 .group         0x00000000        0xc ./Project_Settings/Startup_Code/nvic.o
[...]
Memory Configuration

Name             Origin             Length             Attributes
int_flash_c0     0x00400000         0x00100000
int_flash_c1     0x00500000         0x000d4000
int_itcm         0x00000000         0x00008000
int_dtcm         0x20000000         0x0000f000
int_stack_dtcm   0x2000f000         0x00001000
int_sram_c0      0x20400000         0x00003f00
int_sram_fls_rsv_c0 0x20403f00         0x00000100
int_sram_no_cacheable_c0 0x20404000         0x00002000
ram_end_c0       0x20406000         0x00000000
int_sram_c1      0x20406000         0x00001f00
int_sram_fls_rsv_c1 0x20407f00         0x00000100
int_sram_no_cacheable_c1 0x20408000         0x00004000
ram_end_c1       0x2040c000         0x00000000
int_sram_shareable 0x2040c000         0x00004000
ram_rsvd2        0x20410000         0x00000000
*default*        0x00000000         0xffffffff

Linker script and memory map

LOAD ./Project_Settings/Startup_Code/Vector_Table.o
LOAD ./Project_Settings/Startup_Code/exceptions.o
LOAD ./Project_Settings/Startup_Code/nvic.o
LOAD ./Project_Settings/Startup_Code/startup.o
LOAD ./Project_Settings/Startup_Code/startup_cm7.o
LOAD ./Project_Settings/Startup_Code/system.o
LOAD ./RTD/src/Adc_Sar_Ip.o
LOAD ./RTD/src/Adc_Sar_Ip_Irq.o
LOAD ./RTD/src/Clock_Ip.o
LOAD ./RTD/src/Clock_Ip_Data.o
LOAD ./RTD/src/Clock_Ip_Divider.o
LOAD ./RTD/src/Clock_Ip_DividerTrigger.o
LOAD ./RTD/src/Clock_Ip_ExtOsc.o
LOAD ./RTD/src/Clock_Ip_FracDiv.o
LOAD ./RTD/src/Clock_Ip_Frequency.o
LOAD ./RTD/src/Clock_Ip_Gate.o
LOAD ./RTD/src/Clock_Ip_IntOsc.o
LOAD ./RTD/src/Clock_Ip_Irq.o
LOAD ./RTD/src/Clock_Ip_Monitor.o
LOAD ./RTD/src/Clock_Ip_Pll.o
LOAD ./RTD/src/Clock_Ip_ProgFreqSwitch.o
LOAD ./RTD/src/Clock_Ip_Selector.o
LOAD ./RTD/src/Clock_Ip_Specific.o
LOAD ./RTD/src/Det.o
LOAD ./RTD/src/Det_stub.o
LOAD ./RTD/src/FlexCAN_Ip.o
LOAD ./RTD/src/FlexCAN_Ip_HwAccess.o
LOAD ./RTD/src/FlexCAN_Ip_Irq.o
LOAD ./RTD/src/Igf_Port_Ip.o
LOAD ./RTD/src/Lpspi_Ip.o
LOAD ./RTD/src/Lpspi_Ip_Irq.o
LOAD ./RTD/src/Lpuart_Uart_Ip.o
LOAD ./RTD/src/Lpuart_Uart_Ip_Irq.o
LOAD ./RTD/src/OsIf_Interrupts.o
LOAD ./RTD/src/OsIf_Timer.o
LOAD ./RTD/src/OsIf_Timer_System.o
LOAD ./RTD/src/OsIf_Timer_System_Internal_Systick.o
LOAD ./RTD/src/SchM_Adc.o
LOAD ./RTD/src/SchM_Can_43_FLEXCAN.o
LOAD ./RTD/src/SchM_Dio.o
LOAD ./RTD/src/SchM_Mcu.o
LOAD ./RTD/src/SchM_Port.o
LOAD ./RTD/src/SchM_Spi.o
LOAD ./RTD/src/SchM_Uart.o
LOAD ./RTD/src/Siul2_Dio_Ip.o
LOAD ./RTD/src/Siul2_Port_Ip.o
LOAD ./RTD/src/Tspc_Port_Ip.o
LOAD ./board/Siul2_Port_Ip_Cfg.o
LOAD ./board/Tspc_Port_Ip_Cfg.o
LOAD ./generate/src/Adc_Sar_Ip_BOARD_InitPeripherals_PBcfg.o
LOAD ./generate/src/Clock_Ip_Cfg.o
LOAD ./generate/src/FlexCAN_Ip_Sa_BOARD_InitPeripherals_PBcfg.o
LOAD ./generate/src/Igf_Port_Ip_Cfg.o
LOAD ./generate/src/Lpspi_Ip_Sa_BOARD_InitPeripherals_PBcfg.o
LOAD ./generate/src/Lpuart_Uart_Ip_Sa_BOARD_InitPeripherals_PBcfg.o
LOAD ./generate/src/OsIf_Cfg.o
LOAD ./src/EAL/EAL_DIO/eal_dio.o
LOAD ./src/EAL/EAL_DIO/eal_dio_cfg.o
LOAD ./src/HAL/HAL_ADC/hal_adc.o
LOAD ./src/HAL/HAL_CAN/hal_can.o
LOAD ./src/HAL/HAL_DIO/hal_dio.o
LOAD ./src/HAL/HAL_IIC/hal_iic.o
LOAD ./src/HAL/HAL_SPI/hal_spi.o
LOAD ./src/HAL/HAL_UART/hal_uart.o
LOAD ./src/RTE/rte.o
LOAD ./src/SER/Init/ser_init.o
LOAD ./src/main.o
LOAD c:/nxp/s32ds.3.5/s32ds/build_tools/gcc_v10.2/gcc-10.2-arm32-eabi/bin/../lib/gcc/arm-none-eabi/10.2.0/../../../../arm-none-eabi/lib/thumb/v7e-m+fp/hard\libc_nano.a
LOAD c:/nxp/s32ds.3.5/s32ds/build_tools/gcc_v10.2/gcc-10.2-arm32-eabi/bin/../lib/gcc/arm-none-eabi/10.2.0/../../../../arm-none-eabi/lib/thumb/v7e-m+fp/hard\libm.a
LOAD c:/nxp/s32ds.3.5/s32ds/build_tools/gcc_v10.2/gcc-10.2-arm32-eabi/bin/../lib/gcc/arm-none-eabi/10.2.0/thumb/v7e-m+fp/hard\libgcc.a
START GROUP
LOAD c:/nxp/s32ds.3.5/s32ds/build_tools/gcc_v10.2/gcc-10.2-arm32-eabi/bin/../lib/gcc/arm-none-eabi/10.2.0/thumb/v7e-m+fp/hard\libgcc.a
LOAD c:/nxp/s32ds.3.5/s32ds/build_tools/gcc_v10.2/gcc-10.2-arm32-eabi/bin/../lib/gcc/arm-none-eabi/10.2.0/../../../../arm-none-eabi/lib/thumb/v7e-m+fp/hard\libg_nano.a
LOAD c:/nxp/s32ds.3.5/s32ds/build_tools/gcc_v10.2/gcc-10.2-arm32-eabi/bin/../lib/gcc/arm-none-eabi/10.2.0/../../../../arm-none-eabi/lib/thumb/v7e-m+fp/hard\libc_nano.a
END GROUP
START GROUP
LOAD c:/nxp/s32ds.3.5/s32ds/build_tools/gcc_v10.2/gcc-10.2-arm32-eabi/bin/../lib/gcc/arm-none-eabi/10.2.0/thumb/v7e-m+fp/hard\libgcc.a
LOAD c:/nxp/s32ds.3.5/s32ds/build_tools/gcc_v10.2/gcc-10.2-arm32-eabi/bin/../lib/gcc/arm-none-eabi/10.2.0/../../../../arm-none-eabi/lib/thumb/v7e-m+fp/hard\libc_nano.a
LOAD c:/nxp/s32ds.3.5/s32ds/build_tools/gcc_v10.2/gcc-10.2-arm32-eabi/bin/../lib/gcc/arm-none-eabi/10.2.0/../../../../arm-none-eabi/lib/thumb/v7e-m+fp/hard\libnosys.a
END GROUP
START GROUP
LOAD c:/nxp/s32ds.3.5/s32ds/build_tools/gcc_v10.2/gcc-10.2-arm32-eabi/bin/../lib/gcc/arm-none-eabi/10.2.0/thumb/v7e-m+fp/hard\libgcc.a
LOAD c:/nxp/s32ds.3.5/s32ds/build_tools/gcc_v10.2/gcc-10.2-arm32-eabi/bin/../lib/gcc/arm-none-eabi/10.2.0/../../../../arm-none-eabi/lib/thumb/v7e-m+fp/hard\libc_nano.a
LOAD c:/nxp/s32ds.3.5/s32ds/build_tools/gcc_v10.2/gcc-10.2-arm32-eabi/bin/../lib/gcc/arm-none-eabi/10.2.0/../../../../arm-none-eabi/lib/thumb/v7e-m+fp/hard\libnosys.a
END GROUP
                0x00001000                HEAP_SIZE = DEFINED (__heap_size__)?__heap_size__:0x1000

.flash          0x00400000     0xf4dc
 *(.boot_header)
 .boot_header   0x00400000       0x30 ./Project_Settings/Startup_Code/startup_cm7.o
                0x00400800                . = ALIGN (0x800)
 *fill*         0x00400030      0x7d0 
                0x00400800                __text_start = .
                0x00400800                __interrupts_init_start = .
 *(.intc_vector)
 .intc_vector   0x00400800      0x408 ./Project_Settings/Startup_Code/Vector_Table.o
                0x00400800                VTABLE
                0x00400c08                . = ALIGN (0x4)
                0x00400c08                __interrupts_init_end = .
 *(.core_loop)
 .core_loop     0x00400c08        0xc ./Project_Settings/Startup_Code/startup_cm7.o
                0x00400c08                _core_loop
                0x00400c14                . = ALIGN (0x4)
 *(.startup)
 *fill*         0x00400c14        0xc 
 .startup       0x00400c20      0x1cc ./Project_Settings/Startup_Code/startup_cm7.o
                0x00400c20                Reset_Handler
                0x00400c20                _start
                0x00400d7a                MCAL_LTB_TRACE_OFF
                0x00400d7c                _end_of_eunit_test
                0x00400dec                . = ALIGN (0x4)
 *(.text.startup)
 .text.startup  0x00400dec       0x10 ./src/main.o
                0x00400dec                main
                0x00400dfc                . = ALIGN (0x4)
 *(.text)
 .text          0x00400dfc        0x0 ./Project_Settings/Startup_Code/Vector_Table.o
 .text          0x00400dfc        0x0 ./Project_Settings/Startup_Code/exceptions.o
 .text          0x00400dfc        0x0 ./Project_Settings/Startup_Code/nvic.o
 .text          0x00400dfc        0x0 ./Project_Settings/Startup_Code/startup.o
 .text          0x00400dfc        0x0 ./Project_Settings/Startup_Code/startup_cm7.o
 .text          0x00400dfc       0x10 ./Project_Settings/Startup_Code/system.o
                0x00400dfc                Sys_GetCoreID
 .text          0x00400e0c        0x0 ./RTD/src/Adc_Sar_Ip.o
 .text          0x00400e0c        0x0 ./RTD/src/Adc_Sar_Ip_Irq.o
 .text          0x00400e0c        0x0 ./RTD/src/Clock_Ip.o
 .text          0x00400e0c        0x0 ./RTD/src/Clock_Ip_Data.o
 .text          0x00400e0c        0x0 ./RTD/src/Clock_Ip_Divider.o
 .text          0x00400e0c        0x0 ./RTD/src/Clock_Ip_DividerTrigger.o
 .text          0x00400e0c        0x0 ./RTD/src/Clock_Ip_ExtOsc.o
 .text          0x00400e0c        0x0 ./RTD/src/Clock_Ip_FracDiv.o
 .text          0x00400e0c        0x0 ./RTD/src/Clock_Ip_Frequency.o
 .text          0x00400e0c        0x0 ./RTD/src/Clock_Ip_Gate.o
 .text          0x00400e0c        0x0 ./RTD/src/Clock_Ip_IntOsc.o
 .text          0x00400e0c        0x0 ./RTD/src/Clock_Ip_Irq.o
 .text          0x00400e0c        0x0 ./RTD/src/Clock_Ip_Monitor.o
 .text          0x00400e0c        0x0 ./RTD/src/Clock_Ip_Pll.o
 .text          0x00400e0c        0x0 ./RTD/src/Clock_Ip_ProgFreqSwitch.o
 .text          0x00400e0c        0x0 ./RTD/src/Clock_Ip_Selector.o
 .text          0x00400e0c        0x0 ./RTD/src/Clock_Ip_Specific.o
 .text          0x00400e0c        0x0 ./RTD/src/Det.o
 .text          0x00400e0c        0x0 ./RTD/src/Det_stub.o
 .text          0x00400e0c       0x14 ./RTD/src/FlexCAN_Ip.o
 .text          0x00400e20       0x14 ./RTD/src/FlexCAN_Ip_HwAccess.o
 .text          0x00400e34        0x0 ./RTD/src/FlexCAN_Ip_Irq.o
 .text          0x00400e34        0x0 ./RTD/src/Igf_Port_Ip.o
 .text          0x00400e34       0x14 ./RTD/src/Lpspi_Ip.o
 .text          0x00400e48        0x0 ./RTD/src/Lpspi_Ip_Irq.o
 .text          0x00400e48       0x14 ./RTD/src/Lpuart_Uart_Ip.o
 .text          0x00400e5c        0x0 ./RTD/src/Lpuart_Uart_Ip_Irq.o
 .text          0x00400e5c        0x0 ./RTD/src/OsIf_Interrupts.o
 .text          0x00400e5c        0x0 ./RTD/src/OsIf_Timer.o
 .text          0x00400e5c        0x0 ./RTD/src/OsIf_Timer_System.o
 .text          0x00400e5c        0x0 ./RTD/src/OsIf_Timer_System_Internal_Systick.o
 .text          0x00400e5c        0x6 ./RTD/src/SchM_Adc.o
                0x00400e5c                Adc_schm_read_msr
 .text          0x00400e62        0x6 ./RTD/src/SchM_Can_43_FLEXCAN.o
                0x00400e62                Can_43_FLEXCAN_schm_read_msr
 .text          0x00400e68        0x6 ./RTD/src/SchM_Dio.o
                0x00400e68                Dio_schm_read_msr
 .text          0x00400e6e        0x6 ./RTD/src/SchM_Mcu.o
                0x00400e6e                Mcu_schm_read_msr
 .text          0x00400e74        0x6 ./RTD/src/SchM_Port.o
                0x00400e74                Port_schm_read_msr
 .text          0x00400e7a        0x6 ./RTD/src/SchM_Spi.o
                0x00400e7a                Spi_schm_read_msr
 .text          0x00400e80        0x6 ./RTD/src/SchM_Uart.o
                0x00400e80                Uart_schm_read_msr
 .text          0x00400e86       0x14 ./RTD/src/Siul2_Dio_Ip.o
 .text          0x00400e9a       0x14 ./RTD/src/Siul2_Port_Ip.o
 .text          0x00400eae        0x0 ./RTD/src/Tspc_Port_Ip.o
 .text          0x00400eae        0x0 ./board/Siul2_Port_Ip_Cfg.o
 .text          0x00400eae        0x0 ./board/Tspc_Port_Ip_Cfg.o
 .text          0x00400eae        0x0 ./generate/src/Adc_Sar_Ip_BOARD_InitPeripherals_PBcfg.o
 .text          0x00400eae        0x0 ./generate/src/Clock_Ip_Cfg.o
 .text          0x00400eae        0x0 ./generate/src/FlexCAN_Ip_Sa_BOARD_InitPeripherals_PBcfg.o
 .text          0x00400eae        0x0 ./generate/src/Igf_Port_Ip_Cfg.o
 .text          0x00400eae        0x0 ./generate/src/Lpspi_Ip_Sa_BOARD_InitPeripherals_PBcfg.o
 .text          0x00400eae        0x0 ./generate/src/Lpuart_Uart_Ip_Sa_BOARD_InitPeripherals_PBcfg.o
 .text          0x00400eae        0x0 ./generate/src/OsIf_Cfg.o
 *fill*         0x00400eae        0x2 
 .text          0x00400eb0      0x238 ./src/EAL/EAL_DIO/eal_dio.o
                0x00400eb0                eal_dio_GetCombinedPinStatus
                0x00400f2c                eal_dio_UpdateCombinedPinStatus
 .text          0x004010e8        0x0 ./src/EAL/EAL_DIO/eal_dio_cfg.o
 .text          0x004010e8        0x0 ./src/HAL/HAL_ADC/hal_adc.o
 .text          0x004010e8       0x66 ./src/HAL/HAL_CAN/hal_can.o
                0x004010e8                HAL_CAN_Init
                0x004010ea                HAL_CAN_SendData
                0x00401128                HAL_CAN_ReceiveData
 *fill*         0x0040114e        0x2 
 .text          0x00401150       0x2c ./src/HAL/HAL_DIO/hal_dio.o
                0x00401150                dio_hal_PinInit
                0x0040115c                dio_hal_GetPinStatus
                0x0040116a                dio_hal_UpdatePinStatus
 .text          0x0040117c        0x0 ./src/HAL/HAL_IIC/hal_iic.o
 .text          0x0040117c       0x40 ./src/HAL/HAL_SPI/hal_spi.o
                0x0040117c                hal_spi_init
                0x004011ac                hal_spi_TxRxTransferData
 .text          0x004011bc       0x58 ./src/HAL/HAL_UART/hal_uart.o
                0x004011bc                HAL_Uart_Init
                0x004011c8                HAL_Uart_SendData
                0x004011ee                HAL_Uart_ReceiveData
 .text          0x00401214        0x0 ./src/RTE/rte.o
 .text          0x00401214        0xc ./src/SER/Init/ser_init.o
                0x00401214                software_Initilization
                0x00401216                Hardware_Initilization
 .text          0x00401220        0x0 ./src/main.o
 .text          0x00401220        0x0 c:/nxp/s32ds.3.5/s32ds/build_tools/gcc_v10.2/gcc-10.2-arm32-eabi/bin/../lib/gcc/arm-none-eabi/10.2.0/../../../../arm-none-eabi/lib/thumb/v7e-m+fp/hard\libc_nano.a(lib_a-memmove.o)
 .text          0x00401220        0x0 c:/nxp/s32ds.3.5/s32ds/build_tools/gcc_v10.2/gcc-10.2-arm32-eabi/bin/../lib/gcc/arm-none-eabi/10.2.0/../../../../arm-none-eabi/lib/thumb/v7e-m+fp/hard\libc_nano.a(lib_a-memset.o)
 *(.text*)
 .text.memmove  0x00401220       0x34 c:/nxp/s32ds.3.5/s32ds/build_tools/gcc_v10.2/gcc-10.2-arm32-eabi/bin/../lib/gcc/arm-none-eabi/10.2.0/../../../../arm-none-eabi/lib/thumb/v7e-m+fp/hard\libc_nano.a(lib_a-memmove.o)
                0x00401220                memmove
 .text.memset   0x00401254       0x10 c:/nxp/s32ds.3.5/s32ds/build_tools/gcc_v10.2/gcc-10.2-arm32-eabi/bin/../lib/gcc/arm-none-eabi/10.2.0/../../../../arm-none-eabi/lib/thumb/v7e-m+fp/hard\libc_nano.a(lib_a-memset.o)
                0x00401254                memset
                0x00401264                . = ALIGN (0x4)
 *(.mcal_text)
 .mcal_text     0x00401264       0x14 ./Project_Settings/Startup_Code/exceptions.o
                0x00401264                NMI_Handler
                0x00401266                HardFault_Handler
                0x00401268                MemManage_Handler
                0x0040126a                BusFault_Handler
                0x0040126c                UsageFault_Handler
                0x0040126e                SVC_Handler
                0x00401270                DebugMon_Handler
                0x00401272                PendSV_Handler
                0x00401274                SysTick_Handler
                0x00401276                undefined_handler
 .mcal_text     0x00401278       0x52 ./Project_Settings/Startup_Code/nvic.o
                0x00401278                NVIC_SetPriorityGrouping
                0x0040128c                NVIC_EnableIRQ
                0x004012a4                NVIC_DisableIRQ
                0x004012bc                NVIC_SetPriority
 *fill*         0x004012ca        0x2 
 .mcal_text     0x004012cc       0xe8 ./Project_Settings/Startup_Code/startup.o
                0x004012cc                init_data_bss
                0x00401358                init_data_bss_core2
 .mcal_text     0x004013b4      0x2ec ./Project_Settings/Startup_Code/system.o
                0x004013b4                startup_go_to_user_mode
                0x004013b6                default_interrupt_routine
                0x004013b8                SystemInit
 .mcal_text     0x004016a0     0x1424 ./RTD/src/Adc_Sar_Ip.o
                0x004018c4                Adc_Sar_Ip_IRQHandler
                0x00401aac                Adc_Sar_Ip_ChainConfig
                0x00401ab8                Adc_Sar_Ip_EnableChannel
                0x00401b0c                Adc_Sar_Ip_DisableChannel
                0x00401b64                Adc_Sar_Ip_SetResolution
                0x00401b90                Adc_Sar_Ip_StartConversion
                0x00401bc4                Adc_Sar_Ip_GetStatusFlags
                0x00401c28                Adc_Sar_Ip_ClearStatusFlags
                0x00401c4c                Adc_Sar_Ip_GetConvDataToArray
                0x00401c5e                Adc_Sar_Ip_GetConvResultsToArray
                0x00401c6e                Adc_Sar_Ip_GetConvData
                0x00401ca8                Adc_Sar_Ip_GetConvResult
                0x00401cf8                Adc_Sar_Ip_Powerup
                0x00401d5c                Adc_Sar_Ip_Powerdown
                0x00401dc4                Adc_Sar_Ip_DoCalibration
                0x00401ed4                Adc_Sar_Ip_EnableNotifications
                0x00401f08                Adc_Sar_Ip_DisableNotifications
                0x00401f40                Adc_Sar_Ip_EnableChannelNotifications
                0x00401f9c                Adc_Sar_Ip_DisableChannelNotifications
                0x00402000                Adc_Sar_Ip_SetSampleTimes
                0x00402028                Adc_Sar_Ip_SetAveraging
                0x00402068                Adc_Sar_Ip_SetClockMode
                0x004020ec                Adc_Sar_Ip_AbortConversion
                0x0040210c                Adc_Sar_Ip_AbortChain
                0x00402180                Adc_Sar_Ip_SetPresamplingSource
                0x004021d0                Adc_Sar_Ip_EnableChannelPresampling
                0x00402214                Adc_Sar_Ip_DisableChannelPresampling
                0x0040225c                Adc_Sar_Ip_EnablePresampleConversion
                0x00402290                Adc_Sar_Ip_DisablePresampleConversion
                0x004022c4                Adc_Sar_Ip_EnableDma
                0x004022e4                Adc_Sar_Ip_DisableDma
                0x00402304                Adc_Sar_Ip_EnableChannelDma
                0x00402338                Adc_Sar_Ip_DisableChannelDma
                0x00402370                Adc_Sar_Ip_DisableChannelDmaAll
                0x004023c4                Adc_Sar_Ip_SetDmaClearSource
                0x004023f4                Adc_Sar_Ip_SetWdgThreshold
                0x0040249c                Adc_Sar_Ip_Init
                0x004028a0                Adc_Sar_Ip_Deinit
                0x004029c4                Adc_Sar_Ip_SetConversionMode
                0x004029f8                Adc_Sar_Ip_SetCtuMode
                0x00402a6c                Adc_Sar_Ip_SetExternalTrigger
                0x00402ab0                Adc_Sar_Ip_GetDataAddress
 .mcal_text     0x00402ac4        0xc ./RTD/src/Adc_Sar_Ip_Irq.o
                0x00402ac4                Adc_Sar_0_Isr
                0x00402aca                Adc_Sar_1_Isr
 .mcal_text     0x00402ad0      0x88c ./RTD/src/Clock_Ip.o
                0x00402ad2                Clock_Ip_InitClock
                0x00403080                Clock_Ip_GetPllStatus
                0x00403124                Clock_Ip_DistributePll
                0x00403210                Clock_Ip_Init
                0x00403234                Clock_Ip_DisableClockMonitor
                0x00403258                Clock_Ip_InstallNotificationsCallback
                0x00403264                Clock_Ip_DisableModuleClock
                0x0040328c                Clock_Ip_EnableModuleClock
                0x004032b4                Clock_Ip_DisableFircInStandby
                0x004032cc                Clock_Ip_EnableFircInStandby
                0x004032e4                Clock_Ip_DisableSircInStandby
                0x004032fc                Clock_Ip_EnableSircInStandby
                0x00403314                Clock_Ip_ReportClockErrors
                0x00403320                Clock_Ip_StartTimeout
                0x00403340                Clock_Ip_TimeoutExpired
 .mcal_text     0x0040335c      0x120 ./RTD/src/Clock_Ip_Divider.o
 .mcal_text     0x0040347c       0x9c ./RTD/src/Clock_Ip_DividerTrigger.o
 .mcal_text     0x00403518      0x1c4 ./RTD/src/Clock_Ip_ExtOsc.o
 .mcal_text     0x004036dc        0x6 ./RTD/src/Clock_Ip_FracDiv.o
 .mcal_text     0x004036e2        0x2 ./RTD/src/Clock_Ip_Frequency.o
                0x004036e2                Clock_Ip_SetExternalSignalFrequency
 .mcal_text     0x004036e4      0x128 ./RTD/src/Clock_Ip_Gate.o
 .mcal_text     0x0040380c      0x104 ./RTD/src/Clock_Ip_IntOsc.o
 .mcal_text     0x00403910        0x4 ./RTD/src/Clock_Ip_Irq.o
                0x00403910                Mcu_Cmu_ClockFail_IRQHandler
 .mcal_text     0x00403914      0x204 ./RTD/src/Clock_Ip_Monitor.o
                0x00403ac0                Clock_Ip_CMU_GetInterruptStatus
                0x00403ad4                Clock_Ip_CMU_ClockFailInt
 .mcal_text     0x00403b18      0x17c ./RTD/src/Clock_Ip_Pll.o
 .mcal_text     0x00403c94      0x154 ./RTD/src/Clock_Ip_ProgFreqSwitch.o
 .mcal_text     0x00403de8      0x3dc ./RTD/src/Clock_Ip_Selector.o
                0x00404198                Clock_Ip_SetRtcRtccClksel_TrustedCall
 .mcal_text     0x004041c4      0x2c8 ./RTD/src/Clock_Ip_Specific.o
                0x004041c4                Clock_Ip_McMeEnterKey
                0x004041d8                Clock_Ip_PowerClockIpModules
                0x004043d8                DisableFircInStandbyMode
                0x004043e8                EnableFircInStandbyMode
                0x00404404                DisableSircInStandbyMode
                0x00404414                EnableSircInStandbyMode
                0x00404430                Clock_Ip_Command
                0x00404480                Clock_Ip_FLASH_SetFlashIWS
                0x00404484                Clock_Ip_SetFlashWaitStates
                0x00404488                Clock_Ip_SetRamWaitStates
 .mcal_text     0x0040448c       0xa4 ./RTD/src/Det.o
                0x0040448c                Det_Init
                0x0040448e                Det_ReportError
                0x004044c4                Det_ReportRuntimeError
                0x004044f8                Det_ReportTransientFault
                0x0040452c                Det_Start
 .mcal_text     0x00404530      0x21c ./RTD/src/Det_stub.o
                0x00404530                Det_TestLastReportError
                0x00404598                Det_TestLastReportRuntimeError
                0x00404600                Det_TestLastReportTransientFault
                0x00404668                Det_TestNoError
                0x004046b4                Det_TestNoRuntimeError
                0x00404700                Det_TestNoTransientFault
 .mcal_text     0x0040474c     0x2134 ./RTD/src/FlexCAN_Ip.o
                0x00404f10                FlexCAN_Ip_Init_Privileged
                0x00405118                FlexCAN_Ip_Send
                0x00405190                FlexCAN_Ip_ConfigRxMb
                0x00405224                FlexCAN_Ip_Receive
                0x00405274                FlexCAN_Ip_ReceiveBlocking
                0x00405360                FlexCAN_Ip_RxFifo
                0x004053a8                FlexCAN_Ip_RxFifoBlocking
                0x00405498                FlexCAN_Ip_ConfigRxFifo_Privileged
                0x00405504                FlexCAN_Ip_ConfigEnhancedRxFifo_Privileged
                0x00405574                FlexCAN_Ip_ConfigRemoteResponseMb
                0x00405634                FlexCAN_Ip_GetTransferStatus
                0x00405678                FlexCAN_IRQHandler
                0x00405840                FlexCAN_Ip_ClearErrorStatus
                0x0040585c                FlexCAN_Ip_GetErrorStatus
                0x00405878                FlexCAN_Ip_GetControllerTxErrorCounter
                0x00405898                FlexCAN_Ip_GetControllerRxErrorCounter
                0x004058b8                FlexCAN_Busoff_Error_IRQHandler
                0x00405990                FlexCAN_Ip_SendBlocking
                0x00405a88                FlexCAN_Ip_SetRxMbGlobalMask_Privileged
                0x00405adc                FlexCAN_Ip_EnterFreezeMode_Privileged
                0x00405aec                FlexCAN_Ip_ExitFreezeMode_Privileged
                0x00405afc                FlexCAN_Ip_SetRxIndividualMask_Privileged
                0x00405b74                FlexCAN_Ip_SetRxFifoGlobalMask_Privileged
                0x00405bcc                FlexCAN_Ip_Deinit_Privileged
                0x00405cbc                FlexCAN_Ip_MainFunctionRead
                0x00405d5c                FlexCAN_Ip_MainFunctionBusOff_Privileged
                0x00405da0                FlexCAN_Ip_MainFunctionWrite
                0x00405e50                FlexCAN_Ip_GetStopMode_Privileged
                0x00405e64                FlexCAN_Ip_GetStartMode_Privileged
                0x00405e7c                FlexCAN_Ip_SetStartMode_Privileged
                0x00405eb0                FlexCAN_Ip_SetStopMode_Privileged
                0x00405ee0                FlexCAN_Ip_SetRxMaskType_Privileged
                0x00405f4c                FlexCAN_Ip_SetBitrate_Privileged
                0x00405ff0                FlexCAN_Ip_GetBitrate
                0x004060a4                FlexCAN_Ip_ClearTDCFail
                0x004060ec                FlexCAN_Ip_GetTDCFail
                0x00406120                FlexCAN_Ip_GetTDCValue
                0x00406154                FlexCAN_Ip_SetBitrateCbt_Privileged
                0x0040621c                FlexCAN_Ip_GetBitrateFD
                0x004062b8                FlexCAN_Ip_SetTDCOffset_Privileged
                0x00406364                FlexCAN_Ip_SetTxArbitrationStartDelay_Privileged
                0x004063d0                FlexCAN_Ip_GetBuffStatusFlag
                0x00406404                FlexCAN_Ip_ClearBuffStatusFlag
                0x00406434                FlexCAN_Ip_EnableInterrupts_Privileged
                0x00406490                FlexCAN_Ip_DisableInterrupts_Privileged
                0x004064e0                FlexCAN_Ip_SetErrorInt_Privileged
                0x00406578                FlexCAN_Ip_AbortTransfer
                0x004066d4                FlexCAN_Ip_SetRxMb14Mask_Privileged
                0x0040672c                FlexCAN_Ip_SetRxMb15Mask_Privileged
                0x00406784                FlexCAN_Ip_SetListenOnlyMode_Privileged
                0x004067f4                FlexCAN_Ip_GetListenOnlyMode
                0x00406808                FlexCAN_Ip_ManualBusOffRecovery
 .mcal_text     0x00406880      0xdc4 ./RTD/src/FlexCAN_Ip_HwAccess.o
                0x004068b2                FlexCAN_ComputePayloadSize
                0x004068cc                FlexCAN_GetMsgBuffRegion
                0x00406928                FlexCAN_GetMaxMbNum
                0x00406954                FlexCAN_EnterFreezeMode
                0x004069b4                FlexCAN_Enable
                0x004069fe                FlexCAN_ExitFreezeMode
                0x00406a50                FlexCAN_Disable
                0x00406aa0                FlexCAN_SetErrIntCmd
                0x00406b08                FlexCAN_Init
                0x00406be8                FlexCAN_EnableRxFifo
                0x00406c36                FlexCAN_SetPayloadSize
                0x00406c86                FlexCAN_GetMbPayloadSize
                0x00406cb2                FlexCAN_LockRxMsgBuff
                0x00406cbc                FlexCAN_SetMsgBuffIntCmd
                0x00406d4c                FLEXCAN_ClearMsgBuffIntCmd
                0x00406dac                FlexCAN_DisableInterrupts
                0x00406dc0                FlexCAN_EnableInterrupts
                0x00406de4                FlexCAN_SetRxMsgBuff
                0x00406e70                FlexCAN_GetMsgBuffTimestamp
                0x00406e7c                FlexCAN_GetMsgBuff
                0x00406f12                FlexCAN_SetTxMsgBuff
                0x00407020                FlexCAN_SetMaxMsgBuffNum
                0x004070b6                FlexCAN_SetOperationMode
                0x004070f4                FlexCAN_SetRxFifoFilter
                0x0040729c                FlexCAN_ReadRxFifo
                0x00407304                FlexCAN_ReadEnhancedRxFifo
                0x00407394                FlexCAN_IsMbOutOfRange
                0x004073b6                FlexCAN_IsEnhancedRxFifoAvailable
                0x004073c4                FlexCAN_EnableEnhancedRxFifo
                0x00407452                FlexCAN_SetEnhancedRxFifoFilter
                0x004075b4                FlexCAN_ConfigCtrlOptions
                0x00407630                FlexCAN_ResetImaskBuff
 .mcal_text     0x00407644       0x6c ./RTD/src/FlexCAN_Ip_Irq.o
                0x00407644                CAN0_ORED_IRQHandler
                0x0040764a                CAN0_ORED_0_31_MB_IRQHandler
                0x00407656                CAN0_ORED_32_63_MB_IRQHandler
                0x00407662                CAN1_ORED_IRQHandler
                0x00407668                CAN1_ORED_0_31_MB_IRQHandler
                0x00407674                CAN1_ORED_32_63_MB_IRQHandler
                0x00407680                CAN2_ORED_IRQHandler
                0x00407686                CAN2_ORED_0_31_MB_IRQHandler
                0x00407692                CAN2_ORED_32_63_MB_IRQHandler
                0x0040769e                CAN3_ORED_IRQHandler
                0x004076a4                CAN3_ORED_0_31_MB_IRQHandler
 .mcal_text     0x004076b0      0x8cc ./RTD/src/Lpspi_Ip.o
                0x004079c2                Lpspi_Ip_DeInit
                0x00407a0c                Lpspi_Ip_SyncTransmit
                0x00407c80                Lpspi_Ip_AsyncTransmit
                0x00407d28                Lpspi_Ip_ManageBuffers
                0x00407d78                Lpspi_Ip_UpdateFrameSize
                0x00407dc4                Lpspi_Ip_UpdateLsb
                0x00407df8                Lpspi_Ip_UpdateDefaultTransmitData
                0x00407e2c                Lpspi_Ip_UpdateTransferMode
                0x00407e60                Lpspi_Ip_Init
                0x00407ec8                Lpspi_Ip_Cancel
                0x00407f28                Lpspi_Ip_IrqHandler
                0x00407f5c                Lpspi_Ip_GetStatus
 .mcal_text     0x00407f7c        0x6 ./RTD/src/Lpspi_Ip_Irq.o
                0x00407f7c                Lpspi_Ip_LPSPI_0_IRQHandler
 *fill*         0x00407f82        0x2 
 .mcal_text     0x00407f84      0xdd4 ./RTD/src/Lpuart_Uart_Ip.o
                0x004081e8                Lpuart_Uart_Ip_Init
                0x00408338                Lpuart_Uart_Ip_Deinit
                0x004083dc                Lpuart_Uart_Ip_SyncSend
                0x004084c8                Lpuart_Uart_Ip_AsyncSend
                0x00408588                Lpuart_Uart_Ip_GetTransmitStatus
                0x004085f0                Lpuart_Uart_Ip_AbortSendingData
                0x00408658                Lpuart_Uart_Ip_SyncReceive
                0x004087cc                Lpuart_Uart_Ip_AsyncReceive
                0x004088c4                Lpuart_Uart_Ip_GetReceiveStatus
                0x0040892c                Lpuart_Uart_Ip_AbortReceivingData
                0x004089a4                Lpuart_Uart_Ip_SetBaudRate
                0x00408aa4                Lpuart_Uart_Ip_GetBaudRate
                0x00408ad0                Lpuart_Uart_Ip_SetTxBuffer
                0x00408b04                Lpuart_Uart_Ip_SetRxBuffer
                0x00408b38                Lpuart_Uart_Ip_IrqHandler
 .mcal_text     0x00408d58        0x6 ./RTD/src/Lpuart_Uart_Ip_Irq.o
                0x00408d58                LPUART_UART_IP_0_IRQHandler
 .mcal_text     0x00408d5e       0x1e ./RTD/src/OsIf_Timer.o
                0x00408d5e                OsIf_Init
                0x00408d66                OsIf_GetCounter
                0x00408d6a                OsIf_GetElapsed
                0x00408d72                OsIf_SetTimerFrequency
                0x00408d74                OsIf_MicrosToTicks
 .mcal_text     0x00408d7c       0x42 ./RTD/src/OsIf_Timer_System_Internal_Systick.o
                0x00408d7c                OsIf_Timer_System_Internal_Init
                0x00408d92                OsIf_Timer_System_Internal_GetCounter
                0x00408d9e                OsIf_Timer_System_Internal_GetElapsed
 *fill*         0x00408dbe        0x2 
 .mcal_text     0x00408dc0     0x2648 ./RTD/src/SchM_Adc.o
                0x00408dc0                SchM_Enter_Adc_ADC_EXCLUSIVE_AREA_00
                0x00408df4                SchM_Exit_Adc_ADC_EXCLUSIVE_AREA_00
                0x00408e24                SchM_Enter_Adc_ADC_EXCLUSIVE_AREA_01
                0x00408e58                SchM_Exit_Adc_ADC_EXCLUSIVE_AREA_01
                0x00408e88                SchM_Enter_Adc_ADC_EXCLUSIVE_AREA_02
                0x00408ebc                SchM_Exit_Adc_ADC_EXCLUSIVE_AREA_02
                0x00408eec                SchM_Enter_Adc_ADC_EXCLUSIVE_AREA_03
                0x00408f20                SchM_Exit_Adc_ADC_EXCLUSIVE_AREA_03
                0x00408f50                SchM_Enter_Adc_ADC_EXCLUSIVE_AREA_04
                0x00408f84                SchM_Exit_Adc_ADC_EXCLUSIVE_AREA_04
                0x00408fb4                SchM_Enter_Adc_ADC_EXCLUSIVE_AREA_05
                0x00408fe8                SchM_Exit_Adc_ADC_EXCLUSIVE_AREA_05
                0x00409018                SchM_Enter_Adc_ADC_EXCLUSIVE_AREA_10
                0x0040904c                SchM_Exit_Adc_ADC_EXCLUSIVE_AREA_10
                0x0040907c                SchM_Enter_Adc_ADC_EXCLUSIVE_AREA_100
                0x004090b0                SchM_Exit_Adc_ADC_EXCLUSIVE_AREA_100
                0x004090e0                SchM_Enter_Adc_ADC_EXCLUSIVE_AREA_101
                0x00409114                SchM_Exit_Adc_ADC_EXCLUSIVE_AREA_101
                0x00409144                SchM_Enter_Adc_ADC_EXCLUSIVE_AREA_102
                0x00409178                SchM_Exit_Adc_ADC_EXCLUSIVE_AREA_102
                0x004091a8                SchM_Enter_Adc_ADC_EXCLUSIVE_AREA_103
                0x004091dc                SchM_Exit_Adc_ADC_EXCLUSIVE_AREA_103
                0x0040920c                SchM_Enter_Adc_ADC_EXCLUSIVE_AREA_11
                0x00409240                SchM_Exit_Adc_ADC_EXCLUSIVE_AREA_11
                0x00409270                SchM_Enter_Adc_ADC_EXCLUSIVE_AREA_12
                0x004092a4                SchM_Exit_Adc_ADC_EXCLUSIVE_AREA_12
                0x004092d4                SchM_Enter_Adc_ADC_EXCLUSIVE_AREA_13
                0x00409308                SchM_Exit_Adc_ADC_EXCLUSIVE_AREA_13
                0x00409338                SchM_Enter_Adc_ADC_EXCLUSIVE_AREA_14
                0x0040936c                SchM_Exit_Adc_ADC_EXCLUSIVE_AREA_14
                0x0040939c                SchM_Enter_Adc_ADC_EXCLUSIVE_AREA_15
                0x004093d0                SchM_Exit_Adc_ADC_EXCLUSIVE_AREA_15
                0x00409400                SchM_Enter_Adc_ADC_EXCLUSIVE_AREA_16
                0x00409434                SchM_Exit_Adc_ADC_EXCLUSIVE_AREA_16
                0x00409464                SchM_Enter_Adc_ADC_EXCLUSIVE_AREA_17
                0x00409498                SchM_Exit_Adc_ADC_EXCLUSIVE_AREA_17
                0x004094c8                SchM_Enter_Adc_ADC_EXCLUSIVE_AREA_18
                0x004094fc                SchM_Exit_Adc_ADC_EXCLUSIVE_AREA_18
                0x0040952c                SchM_Enter_Adc_ADC_EXCLUSIVE_AREA_19
                0x00409560                SchM_Exit_Adc_ADC_EXCLUSIVE_AREA_19
                0x00409590                SchM_Enter_Adc_ADC_EXCLUSIVE_AREA_20
                0x004095c4                SchM_Exit_Adc_ADC_EXCLUSIVE_AREA_20
                0x004095f4                SchM_Enter_Adc_ADC_EXCLUSIVE_AREA_21
                0x00409628                SchM_Exit_Adc_ADC_EXCLUSIVE_AREA_21
                0x00409658                SchM_Enter_Adc_ADC_EXCLUSIVE_AREA_22
                0x0040968c                SchM_Exit_Adc_ADC_EXCLUSIVE_AREA_22
                0x004096bc                SchM_Enter_Adc_ADC_EXCLUSIVE_AREA_23
                0x004096f0                SchM_Exit_Adc_ADC_EXCLUSIVE_AREA_23
                0x00409720                SchM_Enter_Adc_ADC_EXCLUSIVE_AREA_24
                0x00409754                SchM_Exit_Adc_ADC_EXCLUSIVE_AREA_24
                0x00409784                SchM_Enter_Adc_ADC_EXCLUSIVE_AREA_25
                0x004097b8                SchM_Exit_Adc_ADC_EXCLUSIVE_AREA_25
                0x004097e8                SchM_Enter_Adc_ADC_EXCLUSIVE_AREA_26
                0x0040981c                SchM_Exit_Adc_ADC_EXCLUSIVE_AREA_26
                0x0040984c                SchM_Enter_Adc_ADC_EXCLUSIVE_AREA_27
                0x00409880                SchM_Exit_Adc_ADC_EXCLUSIVE_AREA_27
                0x004098b0                SchM_Enter_Adc_ADC_EXCLUSIVE_AREA_28
                0x004098e4                SchM_Exit_Adc_ADC_EXCLUSIVE_AREA_28
                0x00409914                SchM_Enter_Adc_ADC_EXCLUSIVE_AREA_29
                0x00409948                SchM_Exit_Adc_ADC_EXCLUSIVE_AREA_29
                0x00409978                SchM_Enter_Adc_ADC_EXCLUSIVE_AREA_30
                0x004099ac                SchM_Exit_Adc_ADC_EXCLUSIVE_AREA_30
                0x004099dc                SchM_Enter_Adc_ADC_EXCLUSIVE_AREA_31
                0x00409a10                SchM_Exit_Adc_ADC_EXCLUSIVE_AREA_31
                0x00409a40                SchM_Enter_Adc_ADC_EXCLUSIVE_AREA_32
                0x00409a74                SchM_Exit_Adc_ADC_EXCLUSIVE_AREA_32
                0x00409aa4                SchM_Enter_Adc_ADC_EXCLUSIVE_AREA_33
                0x00409ad8                SchM_Exit_Adc_ADC_EXCLUSIVE_AREA_33
                0x00409b08                SchM_Enter_Adc_ADC_EXCLUSIVE_AREA_34
                0x00409b3c                SchM_Exit_Adc_ADC_EXCLUSIVE_AREA_34
                0x00409b6c                SchM_Enter_Adc_ADC_EXCLUSIVE_AREA_35
                0x00409ba0                SchM_Exit_Adc_ADC_EXCLUSIVE_AREA_35
                0x00409bd0                SchM_Enter_Adc_ADC_EXCLUSIVE_AREA_36
                0x00409c04                SchM_Exit_Adc_ADC_EXCLUSIVE_AREA_36
                0x00409c34                SchM_Enter_Adc_ADC_EXCLUSIVE_AREA_37
                0x00409c68                SchM_Exit_Adc_ADC_EXCLUSIVE_AREA_37
                0x00409c98                SchM_Enter_Adc_ADC_EXCLUSIVE_AREA_38
                0x00409ccc                SchM_Exit_Adc_ADC_EXCLUSIVE_AREA_38
                0x00409cfc                SchM_Enter_Adc_ADC_EXCLUSIVE_AREA_39
                0x00409d30                SchM_Exit_Adc_ADC_EXCLUSIVE_AREA_39
                0x00409d60                SchM_Enter_Adc_ADC_EXCLUSIVE_AREA_40
                0x00409d94                SchM_Exit_Adc_ADC_EXCLUSIVE_AREA_40
                0x00409dc4                SchM_Enter_Adc_ADC_EXCLUSIVE_AREA_41
                0x00409df8                SchM_Exit_Adc_ADC_EXCLUSIVE_AREA_41
                0x00409e28                SchM_Enter_Adc_ADC_EXCLUSIVE_AREA_42
                0x00409e5c                SchM_Exit_Adc_ADC_EXCLUSIVE_AREA_42
                0x00409e8c                SchM_Enter_Adc_ADC_EXCLUSIVE_AREA_43
                0x00409ec0                SchM_Exit_Adc_ADC_EXCLUSIVE_AREA_43
                0x00409ef0                SchM_Enter_Adc_ADC_EXCLUSIVE_AREA_44
                0x00409f24                SchM_Exit_Adc_ADC_EXCLUSIVE_AREA_44
                0x00409f54                SchM_Enter_Adc_ADC_EXCLUSIVE_AREA_45
                0x00409f88                SchM_Exit_Adc_ADC_EXCLUSIVE_AREA_45
                0x00409fb8                SchM_Enter_Adc_ADC_EXCLUSIVE_AREA_46
                0x00409fec                SchM_Exit_Adc_ADC_EXCLUSIVE_AREA_46
                0x0040a01c                SchM_Enter_Adc_ADC_EXCLUSIVE_AREA_47
                0x0040a050                SchM_Exit_Adc_ADC_EXCLUSIVE_AREA_47
                0x0040a080                SchM_Enter_Adc_ADC_EXCLUSIVE_AREA_48
                0x0040a0b4                SchM_Exit_Adc_ADC_EXCLUSIVE_AREA_48
                0x0040a0e4                SchM_Enter_Adc_ADC_EXCLUSIVE_AREA_49
                0x0040a118                SchM_Exit_Adc_ADC_EXCLUSIVE_AREA_49
                0x0040a148                SchM_Enter_Adc_ADC_EXCLUSIVE_AREA_50
                0x0040a17c                SchM_Exit_Adc_ADC_EXCLUSIVE_AREA_50
                0x0040a1ac                SchM_Enter_Adc_ADC_EXCLUSIVE_AREA_51
                0x0040a1e0                SchM_Exit_Adc_ADC_EXCLUSIVE_AREA_51
                0x0040a210                SchM_Enter_Adc_ADC_EXCLUSIVE_AREA_54
                0x0040a244                SchM_Exit_Adc_ADC_EXCLUSIVE_AREA_54
                0x0040a274                SchM_Enter_Adc_ADC_EXCLUSIVE_AREA_55
                0x0040a2a8                SchM_Exit_Adc_ADC_EXCLUSIVE_AREA_55
                0x0040a2d8                SchM_Enter_Adc_ADC_EXCLUSIVE_AREA_56
                0x0040a30c                SchM_Exit_Adc_ADC_EXCLUSIVE_AREA_56
                0x0040a33c                SchM_Enter_Adc_ADC_EXCLUSIVE_AREA_57
                0x0040a370                SchM_Exit_Adc_ADC_EXCLUSIVE_AREA_57
                0x0040a3a0                SchM_Enter_Adc_ADC_EXCLUSIVE_AREA_58
                0x0040a3d4                SchM_Exit_Adc_ADC_EXCLUSIVE_AREA_58
                0x0040a404                SchM_Enter_Adc_ADC_EXCLUSIVE_AREA_59
                0x0040a438                SchM_Exit_Adc_ADC_EXCLUSIVE_AREA_59
                0x0040a468                SchM_Enter_Adc_ADC_EXCLUSIVE_AREA_60
                0x0040a49c                SchM_Exit_Adc_ADC_EXCLUSIVE_AREA_60
                0x0040a4cc                SchM_Enter_Adc_ADC_EXCLUSIVE_AREA_61
                0x0040a500                SchM_Exit_Adc_ADC_EXCLUSIVE_AREA_61
                0x0040a530                SchM_Enter_Adc_ADC_EXCLUSIVE_AREA_62
                0x0040a564                SchM_Exit_Adc_ADC_EXCLUSIVE_AREA_62
                0x0040a594                SchM_Enter_Adc_ADC_EXCLUSIVE_AREA_63
                0x0040a5c8                SchM_Exit_Adc_ADC_EXCLUSIVE_AREA_63
                0x0040a5f8                SchM_Enter_Adc_ADC_EXCLUSIVE_AREA_64
                0x0040a62c                SchM_Exit_Adc_ADC_EXCLUSIVE_AREA_64
                0x0040a65c                SchM_Enter_Adc_ADC_EXCLUSIVE_AREA_65
                0x0040a690                SchM_Exit_Adc_ADC_EXCLUSIVE_AREA_65
                0x0040a6c0                SchM_Enter_Adc_ADC_EXCLUSIVE_AREA_66
                0x0040a6f4                SchM_Exit_Adc_ADC_EXCLUSIVE_AREA_66
                0x0040a724                SchM_Enter_Adc_ADC_EXCLUSIVE_AREA_67
                0x0040a758                SchM_Exit_Adc_ADC_EXCLUSIVE_AREA_67
                0x0040a788                SchM_Enter_Adc_ADC_EXCLUSIVE_AREA_68
                0x0040a7bc                SchM_Exit_Adc_ADC_EXCLUSIVE_AREA_68
                0x0040a7ec                SchM_Enter_Adc_ADC_EXCLUSIVE_AREA_69
                0x0040a820                SchM_Exit_Adc_ADC_EXCLUSIVE_AREA_69
                0x0040a850                SchM_Enter_Adc_ADC_EXCLUSIVE_AREA_70
                0x0040a884                SchM_Exit_Adc_ADC_EXCLUSIVE_AREA_70
                0x0040a8b4                SchM_Enter_Adc_ADC_EXCLUSIVE_AREA_71
                0x0040a8e8                SchM_Exit_Adc_ADC_EXCLUSIVE_AREA_71
                0x0040a918                SchM_Enter_Adc_ADC_EXCLUSIVE_AREA_72
                0x0040a94c                SchM_Exit_Adc_ADC_EXCLUSIVE_AREA_72
                0x0040a97c                SchM_Enter_Adc_ADC_EXCLUSIVE_AREA_73
                0x0040a9b0                SchM_Exit_Adc_ADC_EXCLUSIVE_AREA_73
                0x0040a9e0                SchM_Enter_Adc_ADC_EXCLUSIVE_AREA_74
                0x0040aa14                SchM_Exit_Adc_ADC_EXCLUSIVE_AREA_74
                0x0040aa44                SchM_Enter_Adc_ADC_EXCLUSIVE_AREA_75
                0x0040aa78                SchM_Exit_Adc_ADC_EXCLUSIVE_AREA_75
                0x0040aaa8                SchM_Enter_Adc_ADC_EXCLUSIVE_AREA_76
                0x0040aadc                SchM_Exit_Adc_ADC_EXCLUSIVE_AREA_76
                0x0040ab0c                SchM_Enter_Adc_ADC_EXCLUSIVE_AREA_77
                0x0040ab40                SchM_Exit_Adc_ADC_EXCLUSIVE_AREA_77
                0x0040ab70                SchM_Enter_Adc_ADC_EXCLUSIVE_AREA_78
                0x0040aba4                SchM_Exit_Adc_ADC_EXCLUSIVE_AREA_78
                0x0040abd4                SchM_Enter_Adc_ADC_EXCLUSIVE_AREA_79
                0x0040ac08                SchM_Exit_Adc_ADC_EXCLUSIVE_AREA_79
                0x0040ac38                SchM_Enter_Adc_ADC_EXCLUSIVE_AREA_80
                0x0040ac6c                SchM_Exit_Adc_ADC_EXCLUSIVE_AREA_80
                0x0040ac9c                SchM_Enter_Adc_ADC_EXCLUSIVE_AREA_81
                0x0040acd0                SchM_Exit_Adc_ADC_EXCLUSIVE_AREA_81
                0x0040ad00                SchM_Enter_Adc_ADC_EXCLUSIVE_AREA_82
                0x0040ad34                SchM_Exit_Adc_ADC_EXCLUSIVE_AREA_82
                0x0040ad64                SchM_Enter_Adc_ADC_EXCLUSIVE_AREA_83
                0x0040ad98                SchM_Exit_Adc_ADC_EXCLUSIVE_AREA_83
                0x0040adc8                SchM_Enter_Adc_ADC_EXCLUSIVE_AREA_84
                0x0040adfc                SchM_Exit_Adc_ADC_EXCLUSIVE_AREA_84
                0x0040ae2c                SchM_Enter_Adc_ADC_EXCLUSIVE_AREA_85
                0x0040ae60                SchM_Exit_Adc_ADC_EXCLUSIVE_AREA_85
                0x0040ae90                SchM_Enter_Adc_ADC_EXCLUSIVE_AREA_86
                0x0040aec4                SchM_Exit_Adc_ADC_EXCLUSIVE_AREA_86
                0x0040aef4                SchM_Enter_Adc_ADC_EXCLUSIVE_AREA_87
                0x0040af28                SchM_Exit_Adc_ADC_EXCLUSIVE_AREA_87
                0x0040af58                SchM_Enter_Adc_ADC_EXCLUSIVE_AREA_88
                0x0040af8c                SchM_Exit_Adc_ADC_EXCLUSIVE_AREA_88
                0x0040afbc                SchM_Enter_Adc_ADC_EXCLUSIVE_AREA_89
                0x0040aff0                SchM_Exit_Adc_ADC_EXCLUSIVE_AREA_89
                0x0040b020                SchM_Enter_Adc_ADC_EXCLUSIVE_AREA_90
                0x0040b054                SchM_Exit_Adc_ADC_EXCLUSIVE_AREA_90
                0x0040b084                SchM_Enter_Adc_ADC_EXCLUSIVE_AREA_91
                0x0040b0b8                SchM_Exit_Adc_ADC_EXCLUSIVE_AREA_91
                0x0040b0e8                SchM_Enter_Adc_ADC_EXCLUSIVE_AREA_92
                0x0040b11c                SchM_Exit_Adc_ADC_EXCLUSIVE_AREA_92
                0x0040b14c                SchM_Enter_Adc_ADC_EXCLUSIVE_AREA_93
                0x0040b180                SchM_Exit_Adc_ADC_EXCLUSIVE_AREA_93
                0x0040b1b0                SchM_Enter_Adc_ADC_EXCLUSIVE_AREA_94
                0x0040b1e4                SchM_Exit_Adc_ADC_EXCLUSIVE_AREA_94
                0x0040b214                SchM_Enter_Adc_ADC_EXCLUSIVE_AREA_95
                0x0040b248                SchM_Exit_Adc_ADC_EXCLUSIVE_AREA_95
                0x0040b278                SchM_Enter_Adc_ADC_EXCLUSIVE_AREA_96
                0x0040b2ac                SchM_Exit_Adc_ADC_EXCLUSIVE_AREA_96
                0x0040b2dc                SchM_Enter_Adc_ADC_EXCLUSIVE_AREA_97
                0x0040b310                SchM_Exit_Adc_ADC_EXCLUSIVE_AREA_97
                0x0040b340                SchM_Enter_Adc_ADC_EXCLUSIVE_AREA_98
                0x0040b374                SchM_Exit_Adc_ADC_EXCLUSIVE_AREA_98
                0x0040b3a4                SchM_Enter_Adc_ADC_EXCLUSIVE_AREA_99
                0x0040b3d8                SchM_Exit_Adc_ADC_EXCLUSIVE_AREA_99
 .mcal_text     0x0040b408      0x834 ./RTD/src/SchM_Can_43_FLEXCAN.o
                0x0040b408                SchM_Enter_Can_43_FLEXCAN_CAN_EXCLUSIVE_AREA_00
                0x0040b43c                SchM_Exit_Can_43_FLEXCAN_CAN_EXCLUSIVE_AREA_00
                0x0040b46c                SchM_Enter_Can_43_FLEXCAN_CAN_EXCLUSIVE_AREA_01
                0x0040b4a0                SchM_Exit_Can_43_FLEXCAN_CAN_EXCLUSIVE_AREA_01
                0x0040b4d0                SchM_Enter_Can_43_FLEXCAN_CAN_EXCLUSIVE_AREA_02
                0x0040b504                SchM_Exit_Can_43_FLEXCAN_CAN_EXCLUSIVE_AREA_02
                0x0040b534                SchM_Enter_Can_43_FLEXCAN_CAN_EXCLUSIVE_AREA_03
                0x0040b568                SchM_Exit_Can_43_FLEXCAN_CAN_EXCLUSIVE_AREA_03
                0x0040b598                SchM_Enter_Can_43_FLEXCAN_CAN_EXCLUSIVE_AREA_04
                0x0040b5cc                SchM_Exit_Can_43_FLEXCAN_CAN_EXCLUSIVE_AREA_04
                0x0040b5fc                SchM_Enter_Can_43_FLEXCAN_CAN_EXCLUSIVE_AREA_05
                0x0040b630                SchM_Exit_Can_43_FLEXCAN_CAN_EXCLUSIVE_AREA_05
                0x0040b660                SchM_Enter_Can_43_FLEXCAN_CAN_EXCLUSIVE_AREA_06
                0x0040b694                SchM_Exit_Can_43_FLEXCAN_CAN_EXCLUSIVE_AREA_06
                0x0040b6c4                SchM_Enter_Can_43_FLEXCAN_CAN_EXCLUSIVE_AREA_07
                0x0040b6f8                SchM_Exit_Can_43_FLEXCAN_CAN_EXCLUSIVE_AREA_07
                0x0040b728                SchM_Enter_Can_43_FLEXCAN_CAN_EXCLUSIVE_AREA_08
                0x0040b75c                SchM_Exit_Can_43_FLEXCAN_CAN_EXCLUSIVE_AREA_08
                0x0040b78c                SchM_Enter_Can_43_FLEXCAN_CAN_EXCLUSIVE_AREA_09
                0x0040b7c0                SchM_Exit_Can_43_FLEXCAN_CAN_EXCLUSIVE_AREA_09
                0x0040b7f0                SchM_Enter_Can_43_FLEXCAN_CAN_EXCLUSIVE_AREA_10
                0x0040b824                SchM_Exit_Can_43_FLEXCAN_CAN_EXCLUSIVE_AREA_10
                0x0040b854                SchM_Enter_Can_43_FLEXCAN_CAN_EXCLUSIVE_AREA_11
                0x0040b888                SchM_Exit_Can_43_FLEXCAN_CAN_EXCLUSIVE_AREA_11
                0x0040b8b8                SchM_Enter_Can_43_FLEXCAN_CAN_EXCLUSIVE_AREA_12
                0x0040b8ec                SchM_Exit_Can_43_FLEXCAN_CAN_EXCLUSIVE_AREA_12
                0x0040b91c                SchM_Enter_Can_43_FLEXCAN_CAN_EXCLUSIVE_AREA_13
                0x0040b950                SchM_Exit_Can_43_FLEXCAN_CAN_EXCLUSIVE_AREA_13
                0x0040b980                SchM_Enter_Can_43_FLEXCAN_CAN_EXCLUSIVE_AREA_14
                0x0040b9b4                SchM_Exit_Can_43_FLEXCAN_CAN_EXCLUSIVE_AREA_14
                0x0040b9e4                SchM_Enter_Can_43_FLEXCAN_CAN_EXCLUSIVE_AREA_15
                0x0040ba18                SchM_Exit_Can_43_FLEXCAN_CAN_EXCLUSIVE_AREA_15
                0x0040ba48                SchM_Enter_Can_43_FLEXCAN_CAN_EXCLUSIVE_AREA_16
                0x0040ba7c                SchM_Exit_Can_43_FLEXCAN_CAN_EXCLUSIVE_AREA_16
                0x0040baac                SchM_Enter_Can_43_FLEXCAN_CAN_EXCLUSIVE_AREA_17
                0x0040bae0                SchM_Exit_Can_43_FLEXCAN_CAN_EXCLUSIVE_AREA_17
                0x0040bb10                SchM_Enter_Can_43_FLEXCAN_CAN_EXCLUSIVE_AREA_18
                0x0040bb44                SchM_Exit_Can_43_FLEXCAN_CAN_EXCLUSIVE_AREA_18
                0x0040bb74                SchM_Enter_Can_43_FLEXCAN_CAN_EXCLUSIVE_AREA_19
                0x0040bba8                SchM_Exit_Can_43_FLEXCAN_CAN_EXCLUSIVE_AREA_19
                0x0040bbd8                SchM_Enter_Can_43_FLEXCAN_CAN_EXCLUSIVE_AREA_20
                0x0040bc0c                SchM_Exit_Can_43_FLEXCAN_CAN_EXCLUSIVE_AREA_20
 .mcal_text     0x0040bc3c       0xc8 ./RTD/src/SchM_Dio.o
                0x0040bc3c                SchM_Enter_Dio_DIO_EXCLUSIVE_AREA_00
                0x0040bc70                SchM_Exit_Dio_DIO_EXCLUSIVE_AREA_00
                0x0040bca0                SchM_Enter_Dio_DIO_EXCLUSIVE_AREA_01
                0x0040bcd4                SchM_Exit_Dio_DIO_EXCLUSIVE_AREA_01
 .mcal_text     0x0040bd04      0x12c ./RTD/src/SchM_Mcu.o
                0x0040bd04                SchM_Enter_Mcu_MCU_EXCLUSIVE_AREA_00
                0x0040bd38                SchM_Exit_Mcu_MCU_EXCLUSIVE_AREA_00
                0x0040bd68                SchM_Enter_Mcu_MCU_EXCLUSIVE_AREA_01
                0x0040bd9c                SchM_Exit_Mcu_MCU_EXCLUSIVE_AREA_01
                0x0040bdcc                SchM_Enter_Mcu_MCU_EXCLUSIVE_AREA_02
                0x0040be00                SchM_Exit_Mcu_MCU_EXCLUSIVE_AREA_02
 .mcal_text     0x0040be30      0xaf0 ./RTD/src/SchM_Port.o
                0x0040be30                SchM_Enter_Port_PORT_EXCLUSIVE_AREA_00
                0x0040be64                SchM_Exit_Port_PORT_EXCLUSIVE_AREA_00
                0x0040be94                SchM_Enter_Port_PORT_EXCLUSIVE_AREA_01
                0x0040bec8                SchM_Exit_Port_PORT_EXCLUSIVE_AREA_01
                0x0040bef8                SchM_Enter_Port_PORT_EXCLUSIVE_AREA_02
                0x0040bf2c                SchM_Exit_Port_PORT_EXCLUSIVE_AREA_02
                0x0040bf5c                SchM_Enter_Port_PORT_EXCLUSIVE_AREA_03
                0x0040bf90                SchM_Exit_Port_PORT_EXCLUSIVE_AREA_03
                0x0040bfc0                SchM_Enter_Port_PORT_EXCLUSIVE_AREA_04
                0x0040bff4                SchM_Exit_Port_PORT_EXCLUSIVE_AREA_04
                0x0040c024                SchM_Enter_Port_PORT_EXCLUSIVE_AREA_05
                0x0040c058                SchM_Exit_Port_PORT_EXCLUSIVE_AREA_05
                0x0040c088                SchM_Enter_Port_PORT_EXCLUSIVE_AREA_06
                0x0040c0bc                SchM_Exit_Port_PORT_EXCLUSIVE_AREA_06
                0x0040c0ec                SchM_Enter_Port_PORT_EXCLUSIVE_AREA_07
                0x0040c120                SchM_Exit_Port_PORT_EXCLUSIVE_AREA_07
                0x0040c150                SchM_Enter_Port_PORT_EXCLUSIVE_AREA_08
                0x0040c184                SchM_Exit_Port_PORT_EXCLUSIVE_AREA_08
                0x0040c1b4                SchM_Enter_Port_PORT_EXCLUSIVE_AREA_09
                0x0040c1e8                SchM_Exit_Port_PORT_EXCLUSIVE_AREA_09
                0x0040c218                SchM_Enter_Port_PORT_EXCLUSIVE_AREA_10
                0x0040c24c                SchM_Exit_Port_PORT_EXCLUSIVE_AREA_10
                0x0040c27c                SchM_Enter_Port_PORT_EXCLUSIVE_AREA_11
                0x0040c2b0                SchM_Exit_Port_PORT_EXCLUSIVE_AREA_11
                0x0040c2e0                SchM_Enter_Port_PORT_EXCLUSIVE_AREA_12
                0x0040c314                SchM_Exit_Port_PORT_EXCLUSIVE_AREA_12
                0x0040c344                SchM_Enter_Port_PORT_EXCLUSIVE_AREA_13
                0x0040c378                SchM_Exit_Port_PORT_EXCLUSIVE_AREA_13
                0x0040c3a8                SchM_Enter_Port_PORT_EXCLUSIVE_AREA_14
                0x0040c3dc                SchM_Exit_Port_PORT_EXCLUSIVE_AREA_14
                0x0040c40c                SchM_Enter_Port_PORT_EXCLUSIVE_AREA_15
                0x0040c440                SchM_Exit_Port_PORT_EXCLUSIVE_AREA_15
                0x0040c470                SchM_Enter_Port_PORT_EXCLUSIVE_AREA_16
                0x0040c4a4                SchM_Exit_Port_PORT_EXCLUSIVE_AREA_16
                0x0040c4d4                SchM_Enter_Port_PORT_EXCLUSIVE_AREA_17
                0x0040c508                SchM_Exit_Port_PORT_EXCLUSIVE_AREA_17
                0x0040c538                SchM_Enter_Port_PORT_EXCLUSIVE_AREA_18
                0x0040c56c                SchM_Exit_Port_PORT_EXCLUSIVE_AREA_18
                0x0040c59c                SchM_Enter_Port_PORT_EXCLUSIVE_AREA_19
                0x0040c5d0                SchM_Exit_Port_PORT_EXCLUSIVE_AREA_19
                0x0040c600                SchM_Enter_Port_PORT_EXCLUSIVE_AREA_20
                0x0040c634                SchM_Exit_Port_PORT_EXCLUSIVE_AREA_20
                0x0040c664                SchM_Enter_Port_PORT_EXCLUSIVE_AREA_21
                0x0040c698                SchM_Exit_Port_PORT_EXCLUSIVE_AREA_21
                0x0040c6c8                SchM_Enter_Port_PORT_EXCLUSIVE_AREA_22
                0x0040c6fc                SchM_Exit_Port_PORT_EXCLUSIVE_AREA_22
                0x0040c72c                SchM_Enter_Port_PORT_EXCLUSIVE_AREA_23
                0x0040c760                SchM_Exit_Port_PORT_EXCLUSIVE_AREA_23
                0x0040c790                SchM_Enter_Port_PORT_EXCLUSIVE_AREA_24
                0x0040c7c4                SchM_Exit_Port_PORT_EXCLUSIVE_AREA_24
                0x0040c7f4                SchM_Enter_Port_PORT_EXCLUSIVE_AREA_25
                0x0040c828                SchM_Exit_Port_PORT_EXCLUSIVE_AREA_25
                0x0040c858                SchM_Enter_Port_PORT_EXCLUSIVE_AREA_26
                0x0040c88c                SchM_Exit_Port_PORT_EXCLUSIVE_AREA_26
                0x0040c8bc                SchM_Enter_Port_PORT_EXCLUSIVE_AREA_27
                0x0040c8f0                SchM_Exit_Port_PORT_EXCLUSIVE_AREA_27
 .mcal_text     0x0040c920      0x76c ./RTD/src/SchM_Spi.o
                0x0040c920                SchM_Enter_Spi_SPI_EXCLUSIVE_AREA_00
                0x0040c954                SchM_Exit_Spi_SPI_EXCLUSIVE_AREA_00
                0x0040c984                SchM_Enter_Spi_SPI_EXCLUSIVE_AREA_01
                0x0040c9b8                SchM_Exit_Spi_SPI_EXCLUSIVE_AREA_01
                0x0040c9e8                SchM_Enter_Spi_SPI_EXCLUSIVE_AREA_02
                0x0040ca1c                SchM_Exit_Spi_SPI_EXCLUSIVE_AREA_02
                0x0040ca4c                SchM_Enter_Spi_SPI_EXCLUSIVE_AREA_03
                0x0040ca80                SchM_Exit_Spi_SPI_EXCLUSIVE_AREA_03
                0x0040cab0                SchM_Enter_Spi_SPI_EXCLUSIVE_AREA_04
                0x0040cae4                SchM_Exit_Spi_SPI_EXCLUSIVE_AREA_04
                0x0040cb14                SchM_Enter_Spi_SPI_EXCLUSIVE_AREA_05
                0x0040cb48                SchM_Exit_Spi_SPI_EXCLUSIVE_AREA_05
                0x0040cb78                SchM_Enter_Spi_SPI_EXCLUSIVE_AREA_06
                0x0040cbac                SchM_Exit_Spi_SPI_EXCLUSIVE_AREA_06
                0x0040cbdc                SchM_Enter_Spi_SPI_EXCLUSIVE_AREA_07
                0x0040cc10                SchM_Exit_Spi_SPI_EXCLUSIVE_AREA_07
                0x0040cc40                SchM_Enter_Spi_SPI_EXCLUSIVE_AREA_08
                0x0040cc74                SchM_Exit_Spi_SPI_EXCLUSIVE_AREA_08
                0x0040cca4                SchM_Enter_Spi_SPI_EXCLUSIVE_AREA_09
                0x0040ccd8                SchM_Exit_Spi_SPI_EXCLUSIVE_AREA_09
                0x0040cd08                SchM_Enter_Spi_SPI_EXCLUSIVE_AREA_10
                0x0040cd3c                SchM_Exit_Spi_SPI_EXCLUSIVE_AREA_10
                0x0040cd6c                SchM_Enter_Spi_SPI_EXCLUSIVE_AREA_11
                0x0040cda0                SchM_Exit_Spi_SPI_EXCLUSIVE_AREA_11
                0x0040cdd0                SchM_Enter_Spi_SPI_EXCLUSIVE_AREA_12
                0x0040ce04                SchM_Exit_Spi_SPI_EXCLUSIVE_AREA_12
                0x0040ce34                SchM_Enter_Spi_SPI_EXCLUSIVE_AREA_13
                0x0040ce68                SchM_Exit_Spi_SPI_EXCLUSIVE_AREA_13
                0x0040ce98                SchM_Enter_Spi_SPI_EXCLUSIVE_AREA_14
                0x0040cecc                SchM_Exit_Spi_SPI_EXCLUSIVE_AREA_14
                0x0040cefc                SchM_Enter_Spi_SPI_EXCLUSIVE_AREA_15
                0x0040cf30                SchM_Exit_Spi_SPI_EXCLUSIVE_AREA_15
                0x0040cf60                SchM_Enter_Spi_SPI_EXCLUSIVE_AREA_16
                0x0040cf94                SchM_Exit_Spi_SPI_EXCLUSIVE_AREA_16
                0x0040cfc4                SchM_Enter_Spi_SPI_EXCLUSIVE_AREA_17
                0x0040cff8                SchM_Exit_Spi_SPI_EXCLUSIVE_AREA_17
                0x0040d028                SchM_Enter_Spi_SPI_EXCLUSIVE_AREA_18
                0x0040d05c                SchM_Exit_Spi_SPI_EXCLUSIVE_AREA_18
 .mcal_text     0x0040d08c      0x384 ./RTD/src/SchM_Uart.o
                0x0040d08c                SchM_Enter_Uart_UART_EXCLUSIVE_AREA_00
                0x0040d0c0                SchM_Exit_Uart_UART_EXCLUSIVE_AREA_00
                0x0040d0f0                SchM_Enter_Uart_UART_EXCLUSIVE_AREA_01
                0x0040d124                SchM_Exit_Uart_UART_EXCLUSIVE_AREA_01
                0x0040d154                SchM_Enter_Uart_UART_EXCLUSIVE_AREA_02
                0x0040d188                SchM_Exit_Uart_UART_EXCLUSIVE_AREA_02
                0x0040d1b8                SchM_Enter_Uart_UART_EXCLUSIVE_AREA_03
                0x0040d1ec                SchM_Exit_Uart_UART_EXCLUSIVE_AREA_03
                0x0040d21c                SchM_Enter_Uart_UART_EXCLUSIVE_AREA_04
                0x0040d250                SchM_Exit_Uart_UART_EXCLUSIVE_AREA_04
                0x0040d280                SchM_Enter_Uart_UART_EXCLUSIVE_AREA_05
                0x0040d2b4                SchM_Exit_Uart_UART_EXCLUSIVE_AREA_05
                0x0040d2e4                SchM_Enter_Uart_UART_EXCLUSIVE_AREA_06
                0x0040d318                SchM_Exit_Uart_UART_EXCLUSIVE_AREA_06
                0x0040d348                SchM_Enter_Uart_UART_EXCLUSIVE_AREA_07
                0x0040d37c                SchM_Exit_Uart_UART_EXCLUSIVE_AREA_07
                0x0040d3ac                SchM_Enter_Uart_UART_EXCLUSIVE_AREA_08
                0x0040d3e0                SchM_Exit_Uart_UART_EXCLUSIVE_AREA_08
 .mcal_text     0x0040d410      0x190 ./RTD/src/Siul2_Dio_Ip.o
                0x0040d446                Siul2_Dio_Ip_WritePin
                0x0040d49a                Siul2_Dio_Ip_WritePins
                0x0040d4b2                Siul2_Dio_Ip_GetPinsOutput
                0x0040d4ca                Siul2_Dio_Ip_SetPins
                0x0040d4e8                Siul2_Dio_Ip_ClearPins
                0x0040d508                Siul2_Dio_Ip_TogglePins
                0x0040d526                Siul2_Dio_Ip_ReadPins
                0x0040d540                Siul2_Dio_Ip_ReadPin
                0x0040d572                Siul2_Dio_Ip_MaskedWritePins
 .mcal_text     0x0040d5a0      0x458 ./RTD/src/Siul2_Port_Ip.o
                0x0040d6f4                Siul2_Port_Ip_Init
                0x0040d724                Siul2_Port_Ip_SetPullSel
                0x0040d780                Siul2_Port_Ip_SetOutputBuffer
                0x0040d7e6                Siul2_Port_Ip_SetInputBuffer
                0x0040d856                Siul2_Port_Ip_SetPinDirection
                0x0040d8ce                Siul2_Port_Ip_RevertPinConfiguration
                0x0040d930                Siul2_Port_Ip_GetPinConfiguration
 .mcal_text     0x0040d9f8       0xd0 ./RTD/src/Tspc_Port_Ip.o
                0x0040d9f8                Tspc_Port_Ip_EnableObeGroup
                0x0040da28                Tspc_Port_Ip_ConfigureObeGroup
                0x0040dac8                . = ALIGN (0x4)
 *(.acmcu_code_rom)
                0x0040dac8                . = ALIGN (0x4)
                0x0040dac8                __acfls_code_rom_start = .
 *(.acfls_code_rom)
 .acfls_code_rom
                0x0040dac8       0x40 ./RTD/src/Clock_Ip_Specific.o
                0x0040dac8                Clock_Ip_PRAMCSetRamIWS
 .acfls_code_rom.__stub
                0x0040db08        0x8 linker stubs
                0x0040db10                . = ALIGN (0x4)
                0x0040db10                __acfls_code_rom_end = .
 *(.init)
                0x0040db10                . = ALIGN (0x4)
 *(.fini)
                0x0040db10                . = ALIGN (0x4)
 *(.rodata)
 .rodata        0x0040db10       0x18 ./RTD/src/Adc_Sar_Ip.o
                0x0040db10                Adc_Sar_Ip_apxAdcBase
 .rodata        0x0040db28        0x3 ./RTD/src/Clock_Ip_IntOsc.o
 .rodata        0x0040db2b       0x48 ./RTD/src/FlexCAN_Ip_HwAccess.o
 *fill*         0x0040db73        0x1 
 .rodata        0x0040db74       0x30 ./RTD/src/Lpuart_Uart_Ip.o
 .rodata        0x0040dba4        0x4 ./RTD/src/Siul2_Port_Ip.o
                0x0040dba4                Port_au32Siul2BaseAddr
 *(.rodata*)
                0x0040dba8                . = ALIGN (0x4)
 *(.mcal_const_cfg)
 .mcal_const_cfg
                0x0040dba8       0xbc ./board/Siul2_Port_Ip_Cfg.o
                0x0040dba8                g_pin_mux_InitConfigArr0
 .mcal_const_cfg
                0x0040dc64       0x90 ./generate/src/Adc_Sar_Ip_BOARD_InitPeripherals_PBcfg.o
                0x0040dc64                AdcHwUnit_0_BOARD_InitPeripherals
 .mcal_const_cfg
                0x0040dcf4      0x548 ./generate/src/Clock_Ip_Cfg.o
                0x0040dcf4                Clock_Ip_aClockConfig
 .mcal_const_cfg
                0x0040e23c       0x64 ./generate/src/FlexCAN_Ip_Sa_BOARD_InitPeripherals_PBcfg.o
                0x0040e23c                FlexCAN_Config0_BOARD_InitPeripherals
 .mcal_const_cfg
                0x0040e2a0       0x24 ./generate/src/Lpspi_Ip_Sa_BOARD_InitPeripherals_PBcfg.o
                0x0040e2a0                Lpspi_Ip_PhyUnitConfig_SpiPhyUnit_0_Instance_0_BOARD_InitPeripherals
                0x0040e2b4                Lpspi_Ip_DeviceAttributes_SpiExternalDevice_0_Instance_0_BOARD_InitPeripherals
 .mcal_const_cfg
                0x0040e2c4       0x28 ./generate/src/Lpuart_Uart_Ip_Sa_BOARD_InitPeripherals_PBcfg.o
                0x0040e2c4                Lpuart_Uart_Ip_xHwConfigPB_0_BOARD_INITPERIPHERALS
                0x0040e2ec                . = ALIGN (0x4)
 *(.mcal_const)
 .mcal_const    0x0040e2ec       0x24 ./RTD/src/Adc_Sar_Ip.o
 .mcal_const    0x0040e310     0x1012 ./RTD/src/Clock_Ip_Data.o
                0x0040e310                Clock_Ip_axGateInfo
                0x0040e9e8                Clock_Ip_axFeatureExtensions
                0x0040ec08                Clock_Ip_aeHwDfsName
                0x0040ec0c                Clock_Ip_aeHwPllName
                0x0040ec10                Clock_Ip_aeSourceTypeClockName
                0x0040ec68                Clock_Ip_apxMcMeTriggerPartitions
                0x0040ec78                Clock_Ip_apxMcMeGetPartitions
                0x0040ec88                Clock_Ip_apxMcMeSetPartitions
                0x0040ec98                Clock_Ip_axCmuInfo
                0x0040ed08                Clock_Ip_aeCmuNames
                0x0040ed24                Clock_Ip_apxCmu
                0x0040ed40                Clock_Ip_apxPll
                0x0040ed50                Clock_Ip_apxXosc
                0x0040ed58                Clock_Ip_apxCgmPcfs
                0x0040ed5c                Clock_Ip_apxCgm
                0x0040edac                Clock_Ip_au16SelectorEntryRtcHardwareValue
                0x0040edd8                Clock_Ip_au16SelectorEntryHardwareValue
                0x0040ee04                Clock_Ip_au8SoftwareMuxResetValue
                0x0040ee7e                Clock_Ip_au8ClockFeatures
                0x0040f2c8                Clock_Ip_au8CmuCallbackIndex
                0x0040f2d1                Clock_Ip_au8PcfsCallbackIndex
                0x0040f2da                Clock_Ip_au8SelectorCallbackIndex
                0x0040f2e3                Clock_Ip_au8PllCallbackIndex
                0x0040f2ec                Clock_Ip_au8FractionalDividerCallbackIndex
                0x0040f2f5                Clock_Ip_au8GateCallbackIndex
                0x0040f2fe                Clock_Ip_au8IrcoscCallbackIndex
                0x0040f307                Clock_Ip_au8XoscCallbackIndex
                0x0040f310                Clock_Ip_au8DividerTriggerCallbackIndex
                0x0040f319                Clock_Ip_au8DividerCallbackIndex
 *fill*         0x0040f322        0x2 
 .mcal_const    0x0040f324       0x10 ./RTD/src/Clock_Ip_Divider.o
                0x0040f324                Clock_Ip_axDividerCallbacks
 .mcal_const    0x0040f334       0x10 ./RTD/src/Clock_Ip_DividerTrigger.o
                0x0040f334                Clock_Ip_axDividerTriggerCallbacks
 .mcal_const    0x0040f344       0x3c ./RTD/src/Clock_Ip_ExtOsc.o
                0x0040f344                Clock_Ip_axExtOscCallbacks
 .mcal_const    0x0040f380        0xc ./RTD/src/Clock_Ip_FracDiv.o
                0x0040f380                Clock_Ip_axFracDivCallbacks
 .mcal_const    0x0040f38c       0x10 ./RTD/src/Clock_Ip_Gate.o
                0x0040f38c                Clock_Ip_axGateCallbacks
 .mcal_const    0x0040f39c       0x30 ./RTD/src/Clock_Ip_IntOsc.o
                0x0040f39c                Clock_Ip_axIntOscCallbacks
 .mcal_const    0x0040f3cc       0x20 ./RTD/src/Clock_Ip_Monitor.o
                0x0040f3cc                Clock_Ip_axCmuCallbacks
 .mcal_const    0x0040f3ec       0x28 ./RTD/src/Clock_Ip_Pll.o
                0x0040f3ec                Clock_Ip_axPllCallbacks
 .mcal_const    0x0040f414        0x8 ./RTD/src/Clock_Ip_ProgFreqSwitch.o
                0x0040f414                Clock_Ip_axPcfsCallbacks
 .mcal_const    0x0040f41c       0x28 ./RTD/src/Clock_Ip_Selector.o
                0x0040f41c                Clock_Ip_axSelectorCallbacks
 .mcal_const    0x0040f444       0x10 ./RTD/src/FlexCAN_Ip.o
 .mcal_const    0x0040f454       0x10 ./RTD/src/Lpspi_Ip.o
 .mcal_const    0x0040f464       0x10 ./RTD/src/Lpuart_Uart_Ip.o
                0x0040f474                . = ALIGN (0x4)
                0x0040f474                __init_table = .
 *(.init_table)
 .init_table    0x0040f474       0x4c ./Project_Settings/Startup_Code/startup_cm7.o
                0x0040f4c0                . = ALIGN (0x4)
                0x0040f4c0                __zero_table = .
 *(.zero_table)
 .zero_table    0x0040f4c0       0x1c ./Project_Settings/Startup_Code/startup_cm7.o

.glue_7         0x0040f4dc        0x0
 .glue_7        0x0040f4dc        0x0 linker stubs

.glue_7t        0x0040f4dc        0x0
 .glue_7t       0x0040f4dc        0x0 linker stubs

.vfp11_veneer   0x0040f4dc        0x0
 .vfp11_veneer  0x0040f4dc        0x0 linker stubs

.v4_bx          0x0040f4dc        0x0
 .v4_bx         0x0040f4dc        0x0 linker stubs

.iplt           0x0040f4dc        0x0
 .iplt          0x0040f4dc        0x0 ./Project_Settings/Startup_Code/Vector_Table.o

.rel.dyn        0x0040f4dc        0x0
 .rel.iplt      0x0040f4dc        0x0 ./Project_Settings/Startup_Code/Vector_Table.o
                0x0040f4dc                . = ALIGN (0x4)
                0x0040f4dc                __text_end = .
                0x0040f4dc                __sram_data_rom = __text_end

.sram_data      0x20400000       0xa0 load address 0x0040f4dc
                0x20400000                . = ALIGN (0x4)
                0x20400000                __sram_data_begin__ = .
                0x20400000                . = ALIGN (0x4)
 *(.ramcode)
 .ramcode       0x20400000       0x90 ./RTD/src/Clock_Ip_Specific.o
                0x20400090                . = ALIGN (0x4)
 *(.data)
 .data          0x20400090        0x0 ./Project_Settings/Startup_Code/Vector_Table.o
 .data          0x20400090        0x0 ./Project_Settings/Startup_Code/exceptions.o
 .data          0x20400090        0x0 ./Project_Settings/Startup_Code/nvic.o
 .data          0x20400090        0x0 ./Project_Settings/Startup_Code/startup.o
 .data          0x20400090        0x0 ./Project_Settings/Startup_Code/startup_cm7.o
 .data          0x20400090        0x0 ./Project_Settings/Startup_Code/system.o
 .data          0x20400090        0x0 ./RTD/src/Adc_Sar_Ip.o
 .data          0x20400090        0x0 ./RTD/src/Adc_Sar_Ip_Irq.o
 .data          0x20400090        0x4 ./RTD/src/Clock_Ip.o
 .data          0x20400094        0x0 ./RTD/src/Clock_Ip_Data.o
 .data          0x20400094        0x0 ./RTD/src/Clock_Ip_Divider.o
 .data          0x20400094        0x0 ./RTD/src/Clock_Ip_DividerTrigger.o
 .data          0x20400094        0x0 ./RTD/src/Clock_Ip_ExtOsc.o
 .data          0x20400094        0x0 ./RTD/src/Clock_Ip_FracDiv.o
 .data          0x20400094        0x0 ./RTD/src/Clock_Ip_Frequency.o
 .data          0x20400094        0x0 ./RTD/src/Clock_Ip_Gate.o
 .data          0x20400094        0x0 ./RTD/src/Clock_Ip_IntOsc.o
 .data          0x20400094        0x0 ./RTD/src/Clock_Ip_Irq.o
 .data          0x20400094        0x0 ./RTD/src/Clock_Ip_Monitor.o
 .data          0x20400094        0x0 ./RTD/src/Clock_Ip_Pll.o
 .data          0x20400094        0x0 ./RTD/src/Clock_Ip_ProgFreqSwitch.o
 .data          0x20400094        0x0 ./RTD/src/Clock_Ip_Selector.o
 .data          0x20400094        0x0 ./RTD/src/Clock_Ip_Specific.o
 .data          0x20400094        0x0 ./RTD/src/Det.o
 .data          0x20400094        0x0 ./RTD/src/Det_stub.o
 .data          0x20400094        0x0 ./RTD/src/FlexCAN_Ip.o
 .data          0x20400094        0x0 ./RTD/src/FlexCAN_Ip_HwAccess.o
 .data          0x20400094        0x0 ./RTD/src/FlexCAN_Ip_Irq.o
 .data          0x20400094        0x0 ./RTD/src/Igf_Port_Ip.o
 .data          0x20400094        0x0 ./RTD/src/Lpspi_Ip.o
 .data          0x20400094        0x0 ./RTD/src/Lpspi_Ip_Irq.o
 .data          0x20400094        0x0 ./RTD/src/Lpuart_Uart_Ip.o
 .data          0x20400094        0x0 ./RTD/src/Lpuart_Uart_Ip_Irq.o
 .data          0x20400094        0x0 ./RTD/src/OsIf_Interrupts.o
 .data          0x20400094        0x0 ./RTD/src/OsIf_Timer.o
 .data          0x20400094        0x0 ./RTD/src/OsIf_Timer_System.o
 .data          0x20400094        0x0 ./RTD/src/OsIf_Timer_System_Internal_Systick.o
 .data          0x20400094        0x0 ./RTD/src/SchM_Adc.o
 .data          0x20400094        0x0 ./RTD/src/SchM_Can_43_FLEXCAN.o
 .data          0x20400094        0x0 ./RTD/src/SchM_Dio.o
 .data          0x20400094        0x0 ./RTD/src/SchM_Mcu.o
 .data          0x20400094        0x0 ./RTD/src/SchM_Port.o
 .data          0x20400094        0x0 ./RTD/src/SchM_Spi.o
 .data          0x20400094        0x0 ./RTD/src/SchM_Uart.o
 .data          0x20400094        0x0 ./RTD/src/Siul2_Dio_Ip.o
 .data          0x20400094        0x0 ./RTD/src/Siul2_Port_Ip.o
 .data          0x20400094        0x0 ./RTD/src/Tspc_Port_Ip.o
 .data          0x20400094        0x0 ./board/Siul2_Port_Ip_Cfg.o
 .data          0x20400094        0x0 ./board/Tspc_Port_Ip_Cfg.o
 .data          0x20400094        0x0 ./generate/src/Adc_Sar_Ip_BOARD_InitPeripherals_PBcfg.o
 .data          0x20400094        0x0 ./generate/src/Clock_Ip_Cfg.o
 .data          0x20400094        0x0 ./generate/src/FlexCAN_Ip_Sa_BOARD_InitPeripherals_PBcfg.o
 .data          0x20400094        0x0 ./generate/src/Igf_Port_Ip_Cfg.o
 .data          0x20400094        0x0 ./generate/src/Lpspi_Ip_Sa_BOARD_InitPeripherals_PBcfg.o
 .data          0x20400094        0x0 ./generate/src/Lpuart_Uart_Ip_Sa_BOARD_InitPeripherals_PBcfg.o
 .data          0x20400094        0x0 ./generate/src/OsIf_Cfg.o
 .data          0x20400094        0x0 ./src/EAL/EAL_DIO/eal_dio.o
 .data          0x20400094        0x0 ./src/EAL/EAL_DIO/eal_dio_cfg.o
 .data          0x20400094        0x0 ./src/HAL/HAL_ADC/hal_adc.o
 .data          0x20400094        0x0 ./src/HAL/HAL_CAN/hal_can.o
 .data          0x20400094        0x0 ./src/HAL/HAL_DIO/hal_dio.o
 .data          0x20400094        0x0 ./src/HAL/HAL_IIC/hal_iic.o
 .data          0x20400094        0x0 ./src/HAL/HAL_SPI/hal_spi.o
 .data          0x20400094        0x0 ./src/HAL/HAL_UART/hal_uart.o
 .data          0x20400094        0x0 ./src/RTE/rte.o
 .data          0x20400094        0x0 ./src/SER/Init/ser_init.o
 .data          0x20400094        0x0 ./src/main.o
 .data          0x20400094        0x0 c:/nxp/s32ds.3.5/s32ds/build_tools/gcc_v10.2/gcc-10.2-arm32-eabi/bin/../lib/gcc/arm-none-eabi/10.2.0/../../../../arm-none-eabi/lib/thumb/v7e-m+fp/hard\libc_nano.a(lib_a-memmove.o)
 .data          0x20400094        0x0 c:/nxp/s32ds.3.5/s32ds/build_tools/gcc_v10.2/gcc-10.2-arm32-eabi/bin/../lib/gcc/arm-none-eabi/10.2.0/../../../../arm-none-eabi/lib/thumb/v7e-m+fp/hard\libc_nano.a(lib_a-memset.o)
 *(.data*)
                0x20400094                . = ALIGN (0x4)
 *(.mcal_data)
 .mcal_data     0x20400094        0x4 ./RTD/src/Siul2_Dio_Ip.o
                0x20400094                Siul2_Dio_Ip_au32BaseAdresses
 .mcal_data     0x20400098        0x8 ./generate/src/Lpspi_Ip_Sa_BOARD_InitPeripherals_PBcfg.o
                0x204000a0                . = ALIGN (0x4)
                0x204000a0                __sram_data_end__ = .
                0x0040f57c                __sram_data_rom_end = (__sram_data_rom + (__sram_data_end__ - __sram_data_begin__))

.sram_bss       0x204000a0      0x9a8 load address 0x0040f57c
                0x204000a0                . = ALIGN (0x10)
                0x204000a0                __sram_bss_start = .
 *(.bss)
 .bss           0x204000a0        0x0 ./Project_Settings/Startup_Code/Vector_Table.o
 .bss           0x204000a0        0x0 ./Project_Settings/Startup_Code/exceptions.o
 .bss           0x204000a0        0x0 ./Project_Settings/Startup_Code/nvic.o
 .bss           0x204000a0        0x0 ./Project_Settings/Startup_Code/startup.o
 .bss           0x204000a0        0x0 ./Project_Settings/Startup_Code/startup_cm7.o
 .bss           0x204000a0       0x78 ./Project_Settings/Startup_Code/system.o
                0x204000a0                rbar
                0x204000dc                rasr
 .bss           0x20400118        0x0 ./RTD/src/Adc_Sar_Ip.o
 .bss           0x20400118        0x0 ./RTD/src/Adc_Sar_Ip_Irq.o
 .bss           0x20400118        0x0 ./RTD/src/Clock_Ip.o
 .bss           0x20400118        0x0 ./RTD/src/Clock_Ip_Data.o
 .bss           0x20400118        0x0 ./RTD/src/Clock_Ip_Divider.o
 .bss           0x20400118        0x0 ./RTD/src/Clock_Ip_DividerTrigger.o
 .bss           0x20400118        0x0 ./RTD/src/Clock_Ip_ExtOsc.o
 .bss           0x20400118        0x0 ./RTD/src/Clock_Ip_FracDiv.o
 .bss           0x20400118        0x0 ./RTD/src/Clock_Ip_Frequency.o
 .bss           0x20400118        0x0 ./RTD/src/Clock_Ip_Gate.o
 .bss           0x20400118        0x0 ./RTD/src/Clock_Ip_IntOsc.o
 .bss           0x20400118        0x0 ./RTD/src/Clock_Ip_Irq.o
 .bss           0x20400118        0x0 ./RTD/src/Clock_Ip_Monitor.o
 .bss           0x20400118        0x0 ./RTD/src/Clock_Ip_Pll.o
 .bss           0x20400118        0x0 ./RTD/src/Clock_Ip_ProgFreqSwitch.o
 .bss           0x20400118        0x0 ./RTD/src/Clock_Ip_Selector.o
 .bss           0x20400118        0x0 ./RTD/src/Clock_Ip_Specific.o
 .bss           0x20400118        0x0 ./RTD/src/Det.o
 .bss           0x20400118        0x0 ./RTD/src/Det_stub.o
 .bss           0x20400118        0x0 ./RTD/src/FlexCAN_Ip.o
 .bss           0x20400118        0x0 ./RTD/src/FlexCAN_Ip_HwAccess.o
 .bss           0x20400118        0x0 ./RTD/src/FlexCAN_Ip_Irq.o
 .bss           0x20400118        0x0 ./RTD/src/Igf_Port_Ip.o
 .bss           0x20400118        0x0 ./RTD/src/Lpspi_Ip.o
 .bss           0x20400118        0x0 ./RTD/src/Lpspi_Ip_Irq.o
 .bss           0x20400118        0x0 ./RTD/src/Lpuart_Uart_Ip.o
 .bss           0x20400118        0x0 ./RTD/src/Lpuart_Uart_Ip_Irq.o
 .bss           0x20400118        0x0 ./RTD/src/OsIf_Interrupts.o
 .bss           0x20400118        0x0 ./RTD/src/OsIf_Timer.o
 .bss           0x20400118        0x0 ./RTD/src/OsIf_Timer_System.o
 .bss           0x20400118        0x0 ./RTD/src/OsIf_Timer_System_Internal_Systick.o
 .bss           0x20400118        0x0 ./RTD/src/SchM_Adc.o
 .bss           0x20400118        0x0 ./RTD/src/SchM_Can_43_FLEXCAN.o
 .bss           0x20400118        0x0 ./RTD/src/SchM_Dio.o
 .bss           0x20400118        0x0 ./RTD/src/SchM_Mcu.o
 .bss           0x20400118        0x0 ./RTD/src/SchM_Port.o
 .bss           0x20400118        0x0 ./RTD/src/SchM_Spi.o
 .bss           0x20400118        0x0 ./RTD/src/SchM_Uart.o
 .bss           0x20400118        0x0 ./RTD/src/Siul2_Dio_Ip.o
 .bss           0x20400118        0x0 ./RTD/src/Siul2_Port_Ip.o
 .bss           0x20400118        0x0 ./RTD/src/Tspc_Port_Ip.o
 .bss           0x20400118        0x0 ./board/Siul2_Port_Ip_Cfg.o
 .bss           0x20400118        0x0 ./board/Tspc_Port_Ip_Cfg.o
 .bss           0x20400118        0x0 ./generate/src/Adc_Sar_Ip_BOARD_InitPeripherals_PBcfg.o
 .bss           0x20400118        0x0 ./generate/src/Clock_Ip_Cfg.o
 .bss           0x20400118        0x0 ./generate/src/FlexCAN_Ip_Sa_BOARD_InitPeripherals_PBcfg.o
 .bss           0x20400118        0x0 ./generate/src/Igf_Port_Ip_Cfg.o
 .bss           0x20400118        0x0 ./generate/src/Lpspi_Ip_Sa_BOARD_InitPeripherals_PBcfg.o
 .bss           0x20400118        0x0 ./generate/src/Lpuart_Uart_Ip_Sa_BOARD_InitPeripherals_PBcfg.o
 .bss           0x20400118        0x0 ./generate/src/OsIf_Cfg.o
 .bss           0x20400118        0x0 ./src/EAL/EAL_DIO/eal_dio.o
 .bss           0x20400118        0x5 ./src/EAL/EAL_DIO/eal_dio_cfg.o
                0x20400118                eal_dio_Output_st
                0x2040011c                eal_dio_Input_st
 .bss           0x2040011d        0x0 ./src/HAL/HAL_ADC/hal_adc.o
 .bss           0x2040011d        0x0 ./src/HAL/HAL_CAN/hal_can.o
 .bss           0x2040011d        0x0 ./src/HAL/HAL_DIO/hal_dio.o
 .bss           0x2040011d        0x0 ./src/HAL/HAL_IIC/hal_iic.o
 .bss           0x2040011d        0x0 ./src/HAL/HAL_SPI/hal_spi.o
 .bss           0x2040011d        0x0 ./src/HAL/HAL_UART/hal_uart.o
 .bss           0x2040011d        0x0 ./src/RTE/rte.o
 .bss           0x2040011d        0x0 ./src/SER/Init/ser_init.o
 *fill*         0x2040011d        0x3 
 .bss           0x20400120        0x4 ./src/main.o
                0x20400120                exit_code
 .bss           0x20400124        0x0 c:/nxp/s32ds.3.5/s32ds/build_tools/gcc_v10.2/gcc-10.2-arm32-eabi/bin/../lib/gcc/arm-none-eabi/10.2.0/../../../../arm-none-eabi/lib/thumb/v7e-m+fp/hard\libc_nano.a(lib_a-memmove.o)
 .bss           0x20400124        0x0 c:/nxp/s32ds.3.5/s32ds/build_tools/gcc_v10.2/gcc-10.2-arm32-eabi/bin/../lib/gcc/arm-none-eabi/10.2.0/../../../../arm-none-eabi/lib/thumb/v7e-m+fp/hard\libc_nano.a(lib_a-memset.o)
 *(.bss*)
                0x20400130                . = ALIGN (0x10)
 *fill*         0x20400124        0xc 
 *(.mcal_bss)
 .mcal_bss      0x20400130        0x4 ./Project_Settings/Startup_Code/system.o
                0x20400130                RESET_CATCH_CORE
 .mcal_bss      0x20400134      0x348 ./RTD/src/Adc_Sar_Ip.o
 .mcal_bss      0x2040047c       0x85 ./RTD/src/Clock_Ip.o
                0x20400480                Clock_Ip_FreqIds
                0x204004fc                Clock_Ip_pxConfig
 *fill*         0x20400501        0x3 
 .mcal_bss      0x20400504       0x10 ./RTD/src/Clock_Ip_Monitor.o
 .mcal_bss      0x20400514        0x4 ./RTD/src/Clock_Ip_ProgFreqSwitch.o
 .mcal_bss      0x20400518        0xc ./RTD/src/Clock_Ip_Specific.o
 .mcal_bss      0x20400524       0x10 ./RTD/src/FlexCAN_Ip.o
 .mcal_bss      0x20400534       0xa0 ./RTD/src/FlexCAN_Ip_HwAccess.o
 .mcal_bss      0x204005d4       0x3c ./RTD/src/Lpspi_Ip.o
                0x204005d4                Lpspi_Ip_apxStateStructureArray
 .mcal_bss      0x20400610        0x8 ./RTD/src/Siul2_Port_Ip.o
 .mcal_bss      0x20400618      0x430 ./generate/src/FlexCAN_Ip_Sa_BOARD_InitPeripherals_PBcfg.o
                0x20400618                FlexCAN_BOARD_InitPeripherals_State0
                0x20400a48                . = ALIGN (0x4)
                0x20400a48                __sram_bss_end = .

.heap           0x20400a48     0x1000 load address 0x0040ff24
                0x00000000                . = (. + ALIGN (0x4))
                0x20400a48                _end = .
                0x20400a48                end = .
                0x20400a48                _heap_start = .
                0x00001000                . = (. + HEAP_SIZE)
 *fill*         0x20400a48     0x1000 
                0x20401a48                _heap_end = .

.acfls_code_ram
                0x20403f00        0x0
                0x20403f00                acfls_code_ram_start = .
 *(.acfls_code_ram)
                0x20403f00                acfls_code_ram_stop = .
                0x0040f57c                __non_cacheable_data_rom = __sram_data_rom_end

.non_cacheable_data
                0x20404000      0x104 load address 0x0040f57c
                0x20404000                . = ALIGN (0x4)
                0x20404000                __non_cacheable_data_start__ = .
 *(.int_results)
                0x20404100                . = (. + 0x100)
 *fill*         0x20404000      0x100 
                0x20404100                . = ALIGN (0x4)
 *(.mcal_data_no_cacheable)
                0x20404100                . = ALIGN (0x4)
 *(.mcal_const_no_cacheable)
                0x20404100                . = ALIGN (0x4)
                0x20404100                HSE_LOOP_ADDR = .
                0x20404100        0x4 LONG 0x0
                0x20404104                __non_cacheable_data_end__ = .
                0x0040f680                __non_cacheable_data_rom_end = (__non_cacheable_data_rom + (__non_cacheable_data_end__ - __non_cacheable_data_start__))

.igot.plt       0x20404104        0x0 load address 0x0040f680
 .igot.plt      0x20404104        0x0 ./Project_Settings/Startup_Code/Vector_Table.o

.non_cacheable_bss
                0x20404104     0x1708 load address 0x0040f680
                0x20404110                . = ALIGN (0x10)
 *fill*         0x20404104        0xc 
                0x20404110                __non_cacheable_bss_start = .
 *(.mcal_bss_no_cacheable)
 .mcal_bss_no_cacheable
                0x20404110       0x3c ./RTD/src/Det.o
                0x20404110                Det_TransientModuleId
                0x20404118                Det_ApiId
                0x2040411c                Det_TransientInstanceId
                0x20404120                Det_ErrorId
                0x20404124                Det_TransientApiId
                0x20404128                Det_RuntimeModuleId
                0x20404130                Det_TransientFaultId
                0x20404134                Det_RuntimeInstanceId
                0x20404138                Det_RuntimeApiId
                0x2040413c                Det_ModuleId
                0x20404144                Det_RuntimeErrorId
                0x20404148                Det_InstanceId
 .mcal_bss_no_cacheable
                0x2040414c       0x40 ./RTD/src/Lpuart_Uart_Ip.o
                0x2040414c                Lpuart_Uart_Ip_apStateStructure
                0x2040417c                Lpuart_Uart_Ip_apUserConfig
 .mcal_bss_no_cacheable
                0x2040418c      0xc40 ./RTD/src/SchM_Adc.o
 .mcal_bss_no_cacheable
                0x20404dcc      0x2a0 ./RTD/src/SchM_Can_43_FLEXCAN.o
 .mcal_bss_no_cacheable
                0x2040506c       0x40 ./RTD/src/SchM_Dio.o
 .mcal_bss_no_cacheable
                0x204050ac       0x60 ./RTD/src/SchM_Mcu.o
 .mcal_bss_no_cacheable
                0x2040510c      0x380 ./RTD/src/SchM_Port.o
 .mcal_bss_no_cacheable
                0x2040548c      0x260 ./RTD/src/SchM_Spi.o
 .mcal_bss_no_cacheable
                0x204056ec      0x120 ./RTD/src/SchM_Uart.o
                0x2040580c                . = ALIGN (0x4)
                0x2040580c                __non_cacheable_bss_end = .
                0x0040f680                __shareable_data_rom = __non_cacheable_data_rom_end

.shareable_data
                0x2040c000        0x0 load address 0x0040f680
                0x2040c000                . = ALIGN (0x4)
                0x2040c000                __shareable_data_start__ = .
 *(.mcal_shared_data)
                0x2040c000                . = ALIGN (0x4)
                0x2040c000                __shareable_data_end__ = .
                0x0040f680                __shareable_data_rom_end = (__shareable_data_rom + (__shareable_data_end__ - __shareable_data_start__))

.int_vector     0x20000000      0x408
                0x20000000                . = ALIGN (0x800)
                0x20000000                __interrupts_ram_start = .
                0x20000408                . = (. + (__interrupts_init_end - __interrupts_init_start))
 *fill*         0x20000000      0x408 
                0x20000408                . = ALIGN (0x4)
                0x20000408                __interrupts_ram_end = .
                0x0040f680                __tcm_data_rom = __shareable_data_rom_end

.data_tcm_data  0x20000408        0x0 load address 0x0040f680
                0x20000408                . = ALIGN (0x4)
                0x20000408                __dtcm_data_start__ = .
 *(.dtcm_data*)
                0x20000408                . = ALIGN (0x4)
                0x20000408                __dtcm_data_end__ = .
                0x0040f680                __tcm_data_rom_end = (__tcm_data_rom + (__dtcm_data_end__ - __dtcm_data_start__))

.bss_tcm_data   0x20000408        0x0
                0x20000408                . = ALIGN (0x4)
                0x20000408                __dtcm_bss_start__ = .
 *(.dtcm_bss*)
                0x20000408                . = ALIGN (0x4)
                0x20000408                __dtcm_bss_end__ = .
                0x0040f680                __tcm_code_rom_start = __tcm_data_rom_end

.itcm_text      0x00000000        0x0 load address 0x0040f680
                0x00000000                . = ALIGN (0x4)
                0x00000000                __itcm_start__ = .
 *(.itcm_text*)
                0x00000000                . = ALIGN (0x4)
                0x00000000                __itcm_end__ = .
                0x0040f680                __tcm_code_rom_end = (__tcm_code_rom_start + (__itcm_end__ - __itcm_start__))

.shareable_bss  0x2040c000        0x0
                0x2040c000                . = ALIGN (0x10)
                0x2040c000                __shareable_bss_start = .
 *(.mcal_shared_bss)
                0x2040c000                . = ALIGN (0x4)
                0x2040c000                __shareable_bss_end = .
                0x2000f000                __Stack_dtcm_end = ORIGIN (int_stack_dtcm)
                0x20010000                __Stack_dtcm_start = (ORIGIN (int_stack_dtcm) + LENGTH (int_stack_dtcm))
                0x20400000                __INT_SRAM_START = ORIGIN (int_sram_c0)
                0x20406000                __INT_SRAM_END = ORIGIN (ram_end_c0)
                0x00000000                __INT_ITCM_START = ORIGIN (int_itcm)
                0x00008000                __INT_ITCM_END = (ORIGIN (int_itcm) + LENGTH (int_itcm))
                0x20000000                __INT_DTCM_START = ORIGIN (int_dtcm)
                0x20010000                __INT_DTCM_END = ((ORIGIN (int_dtcm) + LENGTH (int_dtcm)) + LENGTH (int_stack_dtcm))
                0x2040c000                __RAM_SHAREABLE_START = ORIGIN (int_sram_shareable)
                0x20410000                __RAM_SHAREABLE_END = (ORIGIN (int_sram_shareable) + LENGTH (int_sram_shareable))
                0x0000000e                __RAM_SHAREABLE_SIZE = 0xe
                0x0040f680                __ROM_SHAREABLE_START = __shareable_data_rom
                0x0040f680                __ROM_SHAREABLE_END = __shareable_data_rom_end
                0x20404000                __RAM_NO_CACHEABLE_START = ORIGIN (int_sram_no_cacheable_c0)
                0x20406000                __RAM_NO_CACHEABLE_END = (ORIGIN (int_sram_no_cacheable_c0) + LENGTH (int_sram_no_cacheable_c0))
                0x0000000d                __RAM_NO_CACHEABLE_SIZE = 0xd
                0x0040f57c                __ROM_NO_CACHEABLE_START = __non_cacheable_data_rom
                0x0040f680                __ROM_NO_CACHEABLE_END = __non_cacheable_data_rom_end
                0x20400000                __RAM_CACHEABLE_START = ORIGIN (int_sram_c0)
                0x20404000                __RAM_CACHEABLE_END = ORIGIN (int_sram_no_cacheable_c0)
                0x0000000e                __RAM_CACHEABLE_SIZE = 0xe
                0x0040f4dc                __ROM_CACHEABLE_START = __sram_data_rom
                0x0040f57c                __ROM_CACHEABLE_END = __sram_data_rom_end
                0x00400000                __ROM_CODE_START = ORIGIN (int_flash_c0)
                0x10000000                __ROM_DATA_START = 0x10000000
                0x204000a0                __BSS_SRAM_START = __sram_bss_start
                0x20400a48                __BSS_SRAM_END = __sram_bss_end
                0x000009a8                __BSS_SRAM_SIZE = (__sram_bss_end - __sram_bss_start)
                0x20404110                __BSS_SRAM_NC_START = __non_cacheable_bss_start
                0x000016fc                __BSS_SRAM_NC_SIZE = (__non_cacheable_bss_end - __non_cacheable_bss_start)
                0x2040580c                __BSS_SRAM_NC_END = __non_cacheable_bss_end
                0x2040c000                __BSS_SRAM_SH_START = __shareable_bss_start
                0x00000000                __BSS_SRAM_SH_SIZE = (__shareable_bss_end - __shareable_bss_start)
                0x2040c000                __BSS_SRAM_SH_END = __shareable_bss_end
                0x20000000                __RAM_INTERRUPT_START = __interrupts_ram_start
                0x00400800                __INIT_INTERRUPT_START = __interrupts_init_start
                0x00400c08                __INIT_INTERRUPT_END = __interrupts_init_end
                0x00000000                __RAM_ITCM_START = __itcm_start__
                0x0040f680                __ROM_ITCM_START = __tcm_code_rom_start
                0x0040f680                __ROM_ITCM_END = __tcm_code_rom_end
                0x20000408                __RAM_DTCM_DATA_START = __dtcm_data_start__
                0x0040f680                __ROM_DTCM_DATA_START = __tcm_data_rom
                0x0040f680                __ROM_DTCM_END = __tcm_data_rom_end
                0x0040f474                __INIT_TABLE = __init_table
                0x0040f4c0                __ZERO_TABLE = __zero_table
                0x00000001                __RAM_INIT = 0x1
                0x00000001                __ITCM_INIT = 0x1
                0x00000001                __DTCM_INIT = 0x1
                0x0040dac8                Fls_ACEraseRomStart = __acfls_code_rom_start
                0x0040db10                Fls_ACEraseRomEnd = __acfls_code_rom_end
                0x00000012                Fls_ACEraseSize = ((__acfls_code_rom_end - __acfls_code_rom_start) / 0x4)
                0x0040dac8                Fls_ACWriteRomStart = __acfls_code_rom_start
                0x0040db10                Fls_ACWriteRomEnd = __acfls_code_rom_end
                0x00000012                Fls_ACWriteSize = ((__acfls_code_rom_end - __acfls_code_rom_start) / 0x4)
                0x20403f00                _ERASE_FUNC_ADDRESS_ = ADDR (.acfls_code_ram)
                0x20403f00                _WRITE_FUNC_ADDRESS_ = ADDR (.acfls_code_ram)
                0x00400800                __ENTRY_VTABLE = __INIT_INTERRUPT_START
                0x00400800                __CORE0_VTOR = __INIT_INTERRUPT_START
                0x00500000                __CORE1_VTOR = ORIGIN (int_flash_c1)