Archive member included to satisfy reference by file (symbol)

c:/nxp/s32ds.3.5/s32ds/build_tools/gcc_v10.2/gcc-10.2-arm32-eabi/bin/../lib/gcc/arm-none-eabi/10.2.0/../../../../arm-none-eabi/lib/thumb/v7e-m+fp/hard\libc_nano.a(lib_a-memmove.o)
                              ./RTD/src/Siul2_Port_Ip.o (memmove)
c:/nxp/s32ds.3.5/s32ds/build_tools/gcc_v10.2/gcc-10.2-arm32-eabi/bin/../lib/gcc/arm-none-eabi/10.2.0/../../../../arm-none-eabi/lib/thumb/v7e-m+fp/hard\libc_nano.a(lib_a-memset.o)
                              ./Project_Settings/Startup_Code/startup.o (memset)

Discarded input sections

 .group         0x00000000        0xc ./Project_Settings/Startup_Code/exceptions.o
 .group         0x00000000        0xc ./Project_Settings/Startup_Code/exceptions.o
 .group         0x00000000        0xc ./Project_Settings/Startup_Code/exceptions.o
 .group         0x00000000        0xc ./Project_Settings/Startup_Code/exceptions.o
 .group         0x00000000        0xc ./Project_Settings/Startup_Code/exceptions.o
 .group         0x00000000        0xc ./Project_Settings/Startup_Code/exceptions.o
 .group         0x00000000        0xc ./Project_Settings/Startup_Code/exceptions.o
 .group         0x00000000        0xc ./Project_Settings/Startup_Code/exceptions.o
 .group         0x00000000        0xc ./Project_Settings/Startup_Code/exceptions.o
 .group         0x00000000        0xc ./Project_Settings/Startup_Code/exceptions.o
 .group         0x00000000        0xc ./Project_Settings/Startup_Code/exceptions.o
 .group         0x00000000        0xc ./Project_Settings/Startup_Code/exceptions.o
 .group         0x00000000        0xc ./Project_Settings/Startup_Code/exceptions.o
 .group         0x00000000        0xc ./Project_Settings/Startup_Code/exceptions.o
 .group         0x00000000        0xc ./Project_Settings/Startup_Code/exceptions.o
 .group         0x00000000        0xc ./Project_Settings/Startup_Code/exceptions.o
 .group         0x00000000        0xc ./Project_Settings/Startup_Code/exceptions.o
 .group         0x00000000        0xc ./Project_Settings/Startup_Code/exceptions.o
 .group         0x00000000        0xc ./Project_Settings/Startup_Code/exceptions.o
 .group         0x00000000        0xc ./Project_Settings/Startup_Code/exceptions.o
 .group         0x00000000        0xc ./Project_Settings/Startup_Code/exceptions.o
 .group         0x00000000        0xc ./Project_Settings/Startup_Code/exceptions.o
 .group         0x00000000        0xc ./Project_Settings/Startup_Code/exceptions.o
 .group         0x00000000        0xc ./Project_Settings/Startup_Code/exceptions.o
 .group         0x00000000        0xc ./Project_Settings/Startup_Code/exceptions.o
 .group         0x00000000        0xc ./Project_Settings/Startup_Code/exceptions.o
 .group         0x00000000        0xc ./Project_Settings/Startup_Code/nvic.o
 .group         0x00000000        0xc ./Project_Settings/Startup_Code/nvic.o
 .group         0x00000000        0xc ./Project_Settings/Startup_Code/nvic.o
 .group         0x00000000        0xc ./Project_Settings/Startup_Code/nvic.o
 .group         0x00000000        0xc ./Project_Settings/Startup_Code/nvic.o
 .group         0x00000000        0xc ./Project_Settings/Startup_Code/nvic.o
 .group         0x00000000        0xc ./Project_Settings/Startup_Code/nvic.o
 .group         0x00000000        0xc ./Project_Settings/Startup_Code/nvic.o
 .group         0x00000000        0xc ./Project_Settings/Startup_Code/nvic.o
 .group         0x00000000        0xc ./Project_Settings/Startup_Code/nvic.o
 .group         0x00000000        0xc ./Project_Settings/Startup_Code/nvic.o
 .group         0x00000000        0xc ./Project_Settings/Startup_Code/nvic.o
 .group         0x00000000        0xc ./Project_Settings/Startup_Code/nvic.o
 .group         0x00000000        0xc ./Project_Settings/Startup_Code/nvic.o
 .group         0x00000000        0xc ./Project_Settings/Startup_Code/nvic.o
 .group         0x00000000        0xc ./Project_Settings/Startup_Code/nvic.o
 .group         0x00000000        0xc ./Project_Settings/Startup_Code/nvic.o
 .group         0x00000000        0xc ./Project_Settings/Startup_Code/nvic.o
 .group         0x00000000        0xc ./Project_Settings/Startup_Code/nvic.o
 .group         0x00000000        0xc ./Project_Settings/Startup_Code/nvic.o
 .group         0x00000000        0xc ./Project_Settings/Startup_Code/nvic.o
 .group         0x00000000        0xc ./Project_Settings/Startup_Code/nvic.o
 .group         0x00000000        0xc ./Project_Settings/Startup_Code/nvic.o
 .group         0x00000000        0xc ./Project_Settings/Startup_Code/nvic.o
 .group         0x00000000        0xc ./Project_Settings/Startup_Code/nvic.o
 .group         0x00000000        0xc ./Project_Settings/Startup_Code/nvic.o
 .group         0x00000000        0xc ./Project_Settings/Startup_Code/nvic.o
 .group         0x00000000        0xc ./Project_Settings/Startup_Code/nvic.o
 .group         0x00000000        0xc ./Project_Settings/Startup_Code/nvic.o
[...]
Memory Configuration

Name             Origin             Length             Attributes
int_flash_c0     0x00400000         0x00100000
int_flash_c1     0x00500000         0x000d4000
int_itcm         0x00000000         0x00008000
int_dtcm         0x20000000         0x0000f000
int_stack_dtcm   0x2000f000         0x00001000
int_sram_c0      0x20400000         0x00003f00
int_sram_fls_rsv_c0 0x20403f00         0x00000100
int_sram_no_cacheable_c0 0x20404000         0x00002000
ram_end_c0       0x20406000         0x00000000
int_sram_c1      0x20406000         0x00001f00
int_sram_fls_rsv_c1 0x20407f00         0x00000100
int_sram_no_cacheable_c1 0x20408000         0x00004000
ram_end_c1       0x2040c000         0x00000000
int_sram_shareable 0x2040c000         0x00004000
ram_rsvd2        0x20410000         0x00000000
*default*        0x00000000         0xffffffff

Linker script and memory map

LOAD ./Project_Settings/Startup_Code/Vector_Table.o
LOAD ./Project_Settings/Startup_Code/exceptions.o
LOAD ./Project_Settings/Startup_Code/nvic.o
LOAD ./Project_Settings/Startup_Code/startup.o
LOAD ./Project_Settings/Startup_Code/startup_cm7.o
LOAD ./Project_Settings/Startup_Code/system.o
LOAD ./RTD/src/Clock_Ip.o
LOAD ./RTD/src/Clock_Ip_Data.o
LOAD ./RTD/src/Clock_Ip_Divider.o
LOAD ./RTD/src/Clock_Ip_DividerTrigger.o
LOAD ./RTD/src/Clock_Ip_ExtOsc.o
LOAD ./RTD/src/Clock_Ip_FracDiv.o
LOAD ./RTD/src/Clock_Ip_Frequency.o
LOAD ./RTD/src/Clock_Ip_Gate.o
LOAD ./RTD/src/Clock_Ip_IntOsc.o
LOAD ./RTD/src/Clock_Ip_Irq.o
LOAD ./RTD/src/Clock_Ip_Monitor.o
LOAD ./RTD/src/Clock_Ip_Pll.o
LOAD ./RTD/src/Clock_Ip_ProgFreqSwitch.o
LOAD ./RTD/src/Clock_Ip_Selector.o
LOAD ./RTD/src/Clock_Ip_Specific.o
LOAD ./RTD/src/Igf_Port_Ip.o
LOAD ./RTD/src/OsIf_Timer.o
LOAD ./RTD/src/OsIf_Timer_System.o
LOAD ./RTD/src/SchM_Mcu.o
LOAD ./RTD/src/SchM_Port.o
LOAD ./RTD/src/Siul2_Port_Ip.o
LOAD ./RTD/src/Tspc_Port_Ip.o
LOAD ./board/Siul2_Port_Ip_Cfg.o
LOAD ./board/Tspc_Port_Ip_Cfg.o
LOAD ./generate/src/Clock_Ip_Cfg.o
LOAD ./generate/src/Igf_Port_Ip_Cfg.o
LOAD ./generate/src/OsIf_Cfg.o
LOAD ./src/main.o
LOAD c:/nxp/s32ds.3.5/s32ds/build_tools/gcc_v10.2/gcc-10.2-arm32-eabi/bin/../lib/gcc/arm-none-eabi/10.2.0/../../../../arm-none-eabi/lib/thumb/v7e-m+fp/hard\libc_nano.a
LOAD c:/nxp/s32ds.3.5/s32ds/build_tools/gcc_v10.2/gcc-10.2-arm32-eabi/bin/../lib/gcc/arm-none-eabi/10.2.0/../../../../arm-none-eabi/lib/thumb/v7e-m+fp/hard\libm.a
LOAD c:/nxp/s32ds.3.5/s32ds/build_tools/gcc_v10.2/gcc-10.2-arm32-eabi/bin/../lib/gcc/arm-none-eabi/10.2.0/thumb/v7e-m+fp/hard\libgcc.a
START GROUP
LOAD c:/nxp/s32ds.3.5/s32ds/build_tools/gcc_v10.2/gcc-10.2-arm32-eabi/bin/../lib/gcc/arm-none-eabi/10.2.0/thumb/v7e-m+fp/hard\libgcc.a
LOAD c:/nxp/s32ds.3.5/s32ds/build_tools/gcc_v10.2/gcc-10.2-arm32-eabi/bin/../lib/gcc/arm-none-eabi/10.2.0/../../../../arm-none-eabi/lib/thumb/v7e-m+fp/hard\libg_nano.a
LOAD c:/nxp/s32ds.3.5/s32ds/build_tools/gcc_v10.2/gcc-10.2-arm32-eabi/bin/../lib/gcc/arm-none-eabi/10.2.0/../../../../arm-none-eabi/lib/thumb/v7e-m+fp/hard\libc_nano.a
END GROUP
START GROUP
LOAD c:/nxp/s32ds.3.5/s32ds/build_tools/gcc_v10.2/gcc-10.2-arm32-eabi/bin/../lib/gcc/arm-none-eabi/10.2.0/thumb/v7e-m+fp/hard\libgcc.a
LOAD c:/nxp/s32ds.3.5/s32ds/build_tools/gcc_v10.2/gcc-10.2-arm32-eabi/bin/../lib/gcc/arm-none-eabi/10.2.0/../../../../arm-none-eabi/lib/thumb/v7e-m+fp/hard\libc_nano.a
LOAD c:/nxp/s32ds.3.5/s32ds/build_tools/gcc_v10.2/gcc-10.2-arm32-eabi/bin/../lib/gcc/arm-none-eabi/10.2.0/../../../../arm-none-eabi/lib/thumb/v7e-m+fp/hard\libnosys.a
END GROUP
START GROUP
LOAD c:/nxp/s32ds.3.5/s32ds/build_tools/gcc_v10.2/gcc-10.2-arm32-eabi/bin/../lib/gcc/arm-none-eabi/10.2.0/thumb/v7e-m+fp/hard\libgcc.a
LOAD c:/nxp/s32ds.3.5/s32ds/build_tools/gcc_v10.2/gcc-10.2-arm32-eabi/bin/../lib/gcc/arm-none-eabi/10.2.0/../../../../arm-none-eabi/lib/thumb/v7e-m+fp/hard\libc_nano.a
LOAD c:/nxp/s32ds.3.5/s32ds/build_tools/gcc_v10.2/gcc-10.2-arm32-eabi/bin/../lib/gcc/arm-none-eabi/10.2.0/../../../../arm-none-eabi/lib/thumb/v7e-m+fp/hard\libnosys.a
END GROUP
                0x00001000                HEAP_SIZE = DEFINED (__heap_size__)?__heap_size__:0x1000

.flash          0x00500000     0x4ccc
                0x00500000                . = ALIGN (0x800)
                0x00500000                __text_start = .
                0x00500000                __interrupts_init_start = .
 *(.intc_vector)
 .intc_vector   0x00500000      0x408 ./Project_Settings/Startup_Code/Vector_Table.o
                0x00500000                VTABLE
                0x00500408                . = ALIGN (0x4)
                0x00500408                __interrupts_init_end = .
 *(.core_loop)
 .core_loop     0x00500408        0xc ./Project_Settings/Startup_Code/startup_cm7.o
                0x00500408                _core_loop
                0x00500414                . = ALIGN (0x4)
 *(.startup)
 *fill*         0x00500414        0xc 
 .startup       0x00500420      0x190 ./Project_Settings/Startup_Code/startup_cm7.o
                0x00500420                Reset_Handler
                0x00500420                _start
                0x00500540                MCAL_LTB_TRACE_OFF
                0x00500542                _end_of_eunit_test
                0x005005b0                . = ALIGN (0x4)
 *(.text.startup)
 .text.startup  0x005005b0       0x10 ./src/main.o
                0x005005b0                main
                0x005005c0                . = ALIGN (0x4)
 *(.text)
 .text          0x005005c0        0x0 ./Project_Settings/Startup_Code/Vector_Table.o
 .text          0x005005c0        0x0 ./Project_Settings/Startup_Code/exceptions.o
 .text          0x005005c0        0x0 ./Project_Settings/Startup_Code/nvic.o
 .text          0x005005c0        0x0 ./Project_Settings/Startup_Code/startup.o
 .text          0x005005c0        0x0 ./Project_Settings/Startup_Code/startup_cm7.o
 .text          0x005005c0       0x10 ./Project_Settings/Startup_Code/system.o
                0x005005c0                Sys_GetCoreID
 .text          0x005005d0        0x0 ./RTD/src/Clock_Ip.o
 .text          0x005005d0        0x0 ./RTD/src/Clock_Ip_Data.o
 .text          0x005005d0        0x0 ./RTD/src/Clock_Ip_Divider.o
 .text          0x005005d0        0x0 ./RTD/src/Clock_Ip_DividerTrigger.o
 .text          0x005005d0        0x0 ./RTD/src/Clock_Ip_ExtOsc.o
 .text          0x005005d0        0x0 ./RTD/src/Clock_Ip_FracDiv.o
 .text          0x005005d0        0x0 ./RTD/src/Clock_Ip_Frequency.o
 .text          0x005005d0        0x0 ./RTD/src/Clock_Ip_Gate.o
 .text          0x005005d0        0x0 ./RTD/src/Clock_Ip_IntOsc.o
 .text          0x005005d0        0x0 ./RTD/src/Clock_Ip_Irq.o
 .text          0x005005d0        0x0 ./RTD/src/Clock_Ip_Monitor.o
 .text          0x005005d0        0x0 ./RTD/src/Clock_Ip_Pll.o
 .text          0x005005d0        0x0 ./RTD/src/Clock_Ip_ProgFreqSwitch.o
 .text          0x005005d0        0x0 ./RTD/src/Clock_Ip_Selector.o
 .text          0x005005d0        0x0 ./RTD/src/Clock_Ip_Specific.o
 .text          0x005005d0        0x0 ./RTD/src/Igf_Port_Ip.o
 .text          0x005005d0        0x0 ./RTD/src/OsIf_Timer.o
 .text          0x005005d0        0x0 ./RTD/src/OsIf_Timer_System.o
 .text          0x005005d0        0x6 ./RTD/src/SchM_Mcu.o
                0x005005d0                Mcu_schm_read_msr
 .text          0x005005d6        0x6 ./RTD/src/SchM_Port.o
                0x005005d6                Port_schm_read_msr
 .text          0x005005dc       0x14 ./RTD/src/Siul2_Port_Ip.o
 .text          0x005005f0        0x0 ./RTD/src/Tspc_Port_Ip.o
 .text          0x005005f0        0x0 ./board/Siul2_Port_Ip_Cfg.o
 .text          0x005005f0        0x0 ./board/Tspc_Port_Ip_Cfg.o
 .text          0x005005f0        0x0 ./generate/src/Clock_Ip_Cfg.o
 .text          0x005005f0        0x0 ./generate/src/Igf_Port_Ip_Cfg.o
 .text          0x005005f0        0x0 ./generate/src/OsIf_Cfg.o
 .text          0x005005f0        0x0 ./src/main.o
 .text          0x005005f0        0x0 c:/nxp/s32ds.3.5/s32ds/build_tools/gcc_v10.2/gcc-10.2-arm32-eabi/bin/../lib/gcc/arm-none-eabi/10.2.0/../../../../arm-none-eabi/lib/thumb/v7e-m+fp/hard\libc_nano.a(lib_a-memmove.o)
 .text          0x005005f0        0x0 c:/nxp/s32ds.3.5/s32ds/build_tools/gcc_v10.2/gcc-10.2-arm32-eabi/bin/../lib/gcc/arm-none-eabi/10.2.0/../../../../arm-none-eabi/lib/thumb/v7e-m+fp/hard\libc_nano.a(lib_a-memset.o)
 *(.text*)
 .text.memmove  0x005005f0       0x34 c:/nxp/s32ds.3.5/s32ds/build_tools/gcc_v10.2/gcc-10.2-arm32-eabi/bin/../lib/gcc/arm-none-eabi/10.2.0/../../../../arm-none-eabi/lib/thumb/v7e-m+fp/hard\libc_nano.a(lib_a-memmove.o)
                0x005005f0                memmove
 .text.memset   0x00500624       0x10 c:/nxp/s32ds.3.5/s32ds/build_tools/gcc_v10.2/gcc-10.2-arm32-eabi/bin/../lib/gcc/arm-none-eabi/10.2.0/../../../../arm-none-eabi/lib/thumb/v7e-m+fp/hard\libc_nano.a(lib_a-memset.o)
                0x00500624                memset
                0x00500634                . = ALIGN (0x4)
 *(.mcal_text)
 .mcal_text     0x00500634       0x14 ./Project_Settings/Startup_Code/exceptions.o
                0x00500634                NMI_Handler
                0x00500636                HardFault_Handler
                0x00500638                MemManage_Handler
                0x0050063a                BusFault_Handler
                0x0050063c                UsageFault_Handler
                0x0050063e                SVC_Handler
                0x00500640                DebugMon_Handler
                0x00500642                PendSV_Handler
                0x00500644                SysTick_Handler
                0x00500646                undefined_handler
 .mcal_text     0x00500648       0x52 ./Project_Settings/Startup_Code/nvic.o
                0x00500648                NVIC_SetPriorityGrouping
                0x0050065c                NVIC_EnableIRQ
                0x00500674                NVIC_DisableIRQ
                0x0050068c                NVIC_SetPriority
 *fill*         0x0050069a        0x2 
 .mcal_text     0x0050069c       0xe8 ./Project_Settings/Startup_Code/startup.o
                0x0050069c                init_data_bss
                0x00500728                init_data_bss_core2
 .mcal_text     0x00500784      0x2ec ./Project_Settings/Startup_Code/system.o
                0x00500784                startup_go_to_user_mode
                0x00500786                default_interrupt_routine
                0x00500788                SystemInit
 .mcal_text     0x00500a70      0x88c ./RTD/src/Clock_Ip.o
                0x00500a72                Clock_Ip_InitClock
                0x00501020                Clock_Ip_GetPllStatus
                0x005010c4                Clock_Ip_DistributePll
                0x005011b0                Clock_Ip_Init
                0x005011d4                Clock_Ip_DisableClockMonitor
                0x005011f8                Clock_Ip_InstallNotificationsCallback
                0x00501204                Clock_Ip_DisableModuleClock
                0x0050122c                Clock_Ip_EnableModuleClock
                0x00501254                Clock_Ip_DisableFircInStandby
                0x0050126c                Clock_Ip_EnableFircInStandby
                0x00501284                Clock_Ip_DisableSircInStandby
                0x0050129c                Clock_Ip_EnableSircInStandby
                0x005012b4                Clock_Ip_ReportClockErrors
                0x005012c0                Clock_Ip_StartTimeout
                0x005012e0                Clock_Ip_TimeoutExpired
 .mcal_text     0x005012fc      0x120 ./RTD/src/Clock_Ip_Divider.o
 .mcal_text     0x0050141c       0x9c ./RTD/src/Clock_Ip_DividerTrigger.o
 .mcal_text     0x005014b8      0x1c4 ./RTD/src/Clock_Ip_ExtOsc.o
 .mcal_text     0x0050167c        0x6 ./RTD/src/Clock_Ip_FracDiv.o
 .mcal_text     0x00501682        0x2 ./RTD/src/Clock_Ip_Frequency.o
                0x00501682                Clock_Ip_SetExternalSignalFrequency
 .mcal_text     0x00501684      0x128 ./RTD/src/Clock_Ip_Gate.o
 .mcal_text     0x005017ac      0x104 ./RTD/src/Clock_Ip_IntOsc.o
 .mcal_text     0x005018b0        0x4 ./RTD/src/Clock_Ip_Irq.o
                0x005018b0                Mcu_Cmu_ClockFail_IRQHandler
 .mcal_text     0x005018b4      0x204 ./RTD/src/Clock_Ip_Monitor.o
                0x00501a60                Clock_Ip_CMU_GetInterruptStatus
                0x00501a74                Clock_Ip_CMU_ClockFailInt
 .mcal_text     0x00501ab8      0x17c ./RTD/src/Clock_Ip_Pll.o
 .mcal_text     0x00501c34      0x154 ./RTD/src/Clock_Ip_ProgFreqSwitch.o
 .mcal_text     0x00501d88      0x3dc ./RTD/src/Clock_Ip_Selector.o
                0x00502138                Clock_Ip_SetRtcRtccClksel_TrustedCall
 .mcal_text     0x00502164      0x2c8 ./RTD/src/Clock_Ip_Specific.o
                0x00502164                Clock_Ip_McMeEnterKey
                0x00502178                Clock_Ip_PowerClockIpModules
                0x00502378                DisableFircInStandbyMode
                0x00502388                EnableFircInStandbyMode
                0x005023a4                DisableSircInStandbyMode
                0x005023b4                EnableSircInStandbyMode
                0x005023d0                Clock_Ip_Command
                0x00502420                Clock_Ip_FLASH_SetFlashIWS
                0x00502424                Clock_Ip_SetFlashWaitStates
                0x00502428                Clock_Ip_SetRamWaitStates
 .mcal_text     0x0050242c       0x1e ./RTD/src/OsIf_Timer.o
                0x0050242c                OsIf_Init
                0x00502434                OsIf_GetCounter
                0x00502438                OsIf_GetElapsed
                0x00502440                OsIf_SetTimerFrequency
                0x00502442                OsIf_MicrosToTicks
 *fill*         0x0050244a        0x2 
 .mcal_text     0x0050244c      0x12c ./RTD/src/SchM_Mcu.o
                0x0050244c                SchM_Enter_Mcu_MCU_EXCLUSIVE_AREA_00
                0x00502480                SchM_Exit_Mcu_MCU_EXCLUSIVE_AREA_00
                0x005024b0                SchM_Enter_Mcu_MCU_EXCLUSIVE_AREA_01
                0x005024e4                SchM_Exit_Mcu_MCU_EXCLUSIVE_AREA_01
                0x00502514                SchM_Enter_Mcu_MCU_EXCLUSIVE_AREA_02
                0x00502548                SchM_Exit_Mcu_MCU_EXCLUSIVE_AREA_02
 .mcal_text     0x00502578      0xaf0 ./RTD/src/SchM_Port.o
                0x00502578                SchM_Enter_Port_PORT_EXCLUSIVE_AREA_00
                0x005025ac                SchM_Exit_Port_PORT_EXCLUSIVE_AREA_00
                0x005025dc                SchM_Enter_Port_PORT_EXCLUSIVE_AREA_01
                0x00502610                SchM_Exit_Port_PORT_EXCLUSIVE_AREA_01
                0x00502640                SchM_Enter_Port_PORT_EXCLUSIVE_AREA_02
                0x00502674                SchM_Exit_Port_PORT_EXCLUSIVE_AREA_02
                0x005026a4                SchM_Enter_Port_PORT_EXCLUSIVE_AREA_03
                0x005026d8                SchM_Exit_Port_PORT_EXCLUSIVE_AREA_03
                0x00502708                SchM_Enter_Port_PORT_EXCLUSIVE_AREA_04
                0x0050273c                SchM_Exit_Port_PORT_EXCLUSIVE_AREA_04
                0x0050276c                SchM_Enter_Port_PORT_EXCLUSIVE_AREA_05
                0x005027a0                SchM_Exit_Port_PORT_EXCLUSIVE_AREA_05
                0x005027d0                SchM_Enter_Port_PORT_EXCLUSIVE_AREA_06
                0x00502804                SchM_Exit_Port_PORT_EXCLUSIVE_AREA_06
                0x00502834                SchM_Enter_Port_PORT_EXCLUSIVE_AREA_07
                0x00502868                SchM_Exit_Port_PORT_EXCLUSIVE_AREA_07
                0x00502898                SchM_Enter_Port_PORT_EXCLUSIVE_AREA_08
                0x005028cc                SchM_Exit_Port_PORT_EXCLUSIVE_AREA_08
                0x005028fc                SchM_Enter_Port_PORT_EXCLUSIVE_AREA_09
                0x00502930                SchM_Exit_Port_PORT_EXCLUSIVE_AREA_09
                0x00502960                SchM_Enter_Port_PORT_EXCLUSIVE_AREA_10
                0x00502994                SchM_Exit_Port_PORT_EXCLUSIVE_AREA_10
                0x005029c4                SchM_Enter_Port_PORT_EXCLUSIVE_AREA_11
                0x005029f8                SchM_Exit_Port_PORT_EXCLUSIVE_AREA_11
                0x00502a28                SchM_Enter_Port_PORT_EXCLUSIVE_AREA_12
                0x00502a5c                SchM_Exit_Port_PORT_EXCLUSIVE_AREA_12
                0x00502a8c                SchM_Enter_Port_PORT_EXCLUSIVE_AREA_13
                0x00502ac0                SchM_Exit_Port_PORT_EXCLUSIVE_AREA_13
                0x00502af0                SchM_Enter_Port_PORT_EXCLUSIVE_AREA_14
                0x00502b24                SchM_Exit_Port_PORT_EXCLUSIVE_AREA_14
                0x00502b54                SchM_Enter_Port_PORT_EXCLUSIVE_AREA_15
                0x00502b88                SchM_Exit_Port_PORT_EXCLUSIVE_AREA_15
                0x00502bb8                SchM_Enter_Port_PORT_EXCLUSIVE_AREA_16
                0x00502bec                SchM_Exit_Port_PORT_EXCLUSIVE_AREA_16
                0x00502c1c                SchM_Enter_Port_PORT_EXCLUSIVE_AREA_17
                0x00502c50                SchM_Exit_Port_PORT_EXCLUSIVE_AREA_17
                0x00502c80                SchM_Enter_Port_PORT_EXCLUSIVE_AREA_18
                0x00502cb4                SchM_Exit_Port_PORT_EXCLUSIVE_AREA_18
                0x00502ce4                SchM_Enter_Port_PORT_EXCLUSIVE_AREA_19
                0x00502d18                SchM_Exit_Port_PORT_EXCLUSIVE_AREA_19
                0x00502d48                SchM_Enter_Port_PORT_EXCLUSIVE_AREA_20
                0x00502d7c                SchM_Exit_Port_PORT_EXCLUSIVE_AREA_20
                0x00502dac                SchM_Enter_Port_PORT_EXCLUSIVE_AREA_21
                0x00502de0                SchM_Exit_Port_PORT_EXCLUSIVE_AREA_21
                0x00502e10                SchM_Enter_Port_PORT_EXCLUSIVE_AREA_22
                0x00502e44                SchM_Exit_Port_PORT_EXCLUSIVE_AREA_22
                0x00502e74                SchM_Enter_Port_PORT_EXCLUSIVE_AREA_23
                0x00502ea8                SchM_Exit_Port_PORT_EXCLUSIVE_AREA_23
                0x00502ed8                SchM_Enter_Port_PORT_EXCLUSIVE_AREA_24
                0x00502f0c                SchM_Exit_Port_PORT_EXCLUSIVE_AREA_24
                0x00502f3c                SchM_Enter_Port_PORT_EXCLUSIVE_AREA_25
                0x00502f70                SchM_Exit_Port_PORT_EXCLUSIVE_AREA_25
                0x00502fa0                SchM_Enter_Port_PORT_EXCLUSIVE_AREA_26
                0x00502fd4                SchM_Exit_Port_PORT_EXCLUSIVE_AREA_26
                0x00503004                SchM_Enter_Port_PORT_EXCLUSIVE_AREA_27
                0x00503038                SchM_Exit_Port_PORT_EXCLUSIVE_AREA_27
 .mcal_text     0x00503068      0x458 ./RTD/src/Siul2_Port_Ip.o
                0x005031bc                Siul2_Port_Ip_Init
                0x005031ec                Siul2_Port_Ip_SetPullSel
                0x00503248                Siul2_Port_Ip_SetOutputBuffer
                0x005032ae                Siul2_Port_Ip_SetInputBuffer
                0x0050331e                Siul2_Port_Ip_SetPinDirection
                0x00503396                Siul2_Port_Ip_RevertPinConfiguration
                0x005033f8                Siul2_Port_Ip_GetPinConfiguration
 .mcal_text     0x005034c0       0xd0 ./RTD/src/Tspc_Port_Ip.o
                0x005034c0                Tspc_Port_Ip_EnableObeGroup
                0x005034f0                Tspc_Port_Ip_ConfigureObeGroup
                0x00503590                . = ALIGN (0x4)
 *(.acmcu_code_rom)
                0x00503590                . = ALIGN (0x4)
                0x00503590                __acfls_code_rom_start = .
 *(.acfls_code_rom)
 .acfls_code_rom
                0x00503590       0x40 ./RTD/src/Clock_Ip_Specific.o
                0x00503590                Clock_Ip_PRAMCSetRamIWS
 .acfls_code_rom.__stub
                0x005035d0        0x8 linker stubs
                0x005035d8                . = ALIGN (0x4)
                0x005035d8                __acfls_code_rom_end = .
 *(.init)
                0x005035d8                . = ALIGN (0x4)
 *(.fini)
                0x005035d8                . = ALIGN (0x4)
 *(.rodata)
 .rodata        0x005035d8        0x3 ./RTD/src/Clock_Ip_IntOsc.o
 *fill*         0x005035db        0x1 
 .rodata        0x005035dc        0x4 ./RTD/src/Siul2_Port_Ip.o
                0x005035dc                Port_au32Siul2BaseAddr
 *(.rodata*)
                0x005035e0                . = ALIGN (0x4)
 *(.mcal_const_cfg)
 .mcal_const_cfg
                0x005035e0      0x548 ./generate/src/Clock_Ip_Cfg.o
                0x005035e0                Clock_Ip_aClockConfig
                0x00503b28                . = ALIGN (0x4)
 *(.mcal_const)
 .mcal_const    0x00503b28     0x101c ./RTD/src/Clock_Ip_Data.o
                0x00503b28                Clock_Ip_axGateInfo
                0x00504200                Clock_Ip_axFeatureExtensions
                0x00504420                Clock_Ip_aeHwDfsName
                0x00504424                Clock_Ip_aeHwPllName
                0x00504428                Clock_Ip_aeSourceTypeClockName
                0x00504480                Clock_Ip_apxMcMeTriggerPartitions
                0x00504490                Clock_Ip_apxMcMeGetPartitions
                0x005044a0                Clock_Ip_apxMcMeSetPartitions
                0x005044b0                Clock_Ip_axCmuInfo
                0x00504520                Clock_Ip_aeCmuNames
                0x0050453c                Clock_Ip_apxCmu
                0x00504558                Clock_Ip_apxPll
                0x00504568                Clock_Ip_apxXosc
                0x00504570                Clock_Ip_apxCgmPcfs
                0x00504574                Clock_Ip_apxCgm
                0x005045c4                Clock_Ip_au16SelectorEntryRtcHardwareValue
                0x005045f0                Clock_Ip_au16SelectorEntryHardwareValue
                0x0050461c                Clock_Ip_au8SoftwareMuxResetValue
                0x00504697                Clock_Ip_au8ClockFeatures
                0x00504aea                Clock_Ip_au8CmuCallbackIndex
                0x00504af3                Clock_Ip_au8PcfsCallbackIndex
                0x00504afc                Clock_Ip_au8SelectorCallbackIndex
                0x00504b05                Clock_Ip_au8PllCallbackIndex
                0x00504b0e                Clock_Ip_au8FractionalDividerCallbackIndex
                0x00504b17                Clock_Ip_au8GateCallbackIndex
                0x00504b20                Clock_Ip_au8IrcoscCallbackIndex
                0x00504b29                Clock_Ip_au8XoscCallbackIndex
                0x00504b32                Clock_Ip_au8DividerTriggerCallbackIndex
                0x00504b3b                Clock_Ip_au8DividerCallbackIndex
 .mcal_const    0x00504b44       0x10 ./RTD/src/Clock_Ip_Divider.o
                0x00504b44                Clock_Ip_axDividerCallbacks
 .mcal_const    0x00504b54       0x10 ./RTD/src/Clock_Ip_DividerTrigger.o
                0x00504b54                Clock_Ip_axDividerTriggerCallbacks
 .mcal_const    0x00504b64       0x3c ./RTD/src/Clock_Ip_ExtOsc.o
                0x00504b64                Clock_Ip_axExtOscCallbacks
 .mcal_const    0x00504ba0        0xc ./RTD/src/Clock_Ip_FracDiv.o
                0x00504ba0                Clock_Ip_axFracDivCallbacks
 .mcal_const    0x00504bac       0x10 ./RTD/src/Clock_Ip_Gate.o
                0x00504bac                Clock_Ip_axGateCallbacks
 .mcal_const    0x00504bbc       0x30 ./RTD/src/Clock_Ip_IntOsc.o
                0x00504bbc                Clock_Ip_axIntOscCallbacks
 .mcal_const    0x00504bec       0x20 ./RTD/src/Clock_Ip_Monitor.o
                0x00504bec                Clock_Ip_axCmuCallbacks
 .mcal_const    0x00504c0c       0x28 ./RTD/src/Clock_Ip_Pll.o
                0x00504c0c                Clock_Ip_axPllCallbacks
 .mcal_const    0x00504c34        0x8 ./RTD/src/Clock_Ip_ProgFreqSwitch.o
                0x00504c34                Clock_Ip_axPcfsCallbacks
 .mcal_const    0x00504c3c       0x28 ./RTD/src/Clock_Ip_Selector.o
                0x00504c3c                Clock_Ip_axSelectorCallbacks
                0x00504c64                . = ALIGN (0x4)
                0x00504c64                __init_table = .
 *(.init_table)
 .init_table    0x00504c64       0x4c ./Project_Settings/Startup_Code/startup_cm7.o
                0x00504cb0                . = ALIGN (0x4)
                0x00504cb0                __zero_table = .
 *(.zero_table)
 .zero_table    0x00504cb0       0x1c ./Project_Settings/Startup_Code/startup_cm7.o

.glue_7         0x00504ccc        0x0
 .glue_7        0x00504ccc        0x0 linker stubs

.glue_7t        0x00504ccc        0x0
 .glue_7t       0x00504ccc        0x0 linker stubs

.vfp11_veneer   0x00504ccc        0x0
 .vfp11_veneer  0x00504ccc        0x0 linker stubs

.v4_bx          0x00504ccc        0x0
 .v4_bx         0x00504ccc        0x0 linker stubs

.iplt           0x00504ccc        0x0
 .iplt          0x00504ccc        0x0 ./Project_Settings/Startup_Code/Vector_Table.o

.rel.dyn        0x00504ccc        0x0
 .rel.iplt      0x00504ccc        0x0 ./Project_Settings/Startup_Code/Vector_Table.o
                0x00504ccc                . = ALIGN (0x4)
                0x00504ccc                __text_end = .
                0x00504ccc                __sram_data_rom = __text_end

.sram_data      0x20406000       0x94 load address 0x00504ccc
                0x20406000                . = ALIGN (0x4)
                0x20406000                __sram_data_begin__ = .
                0x20406000                . = ALIGN (0x4)
 *(.ramcode)
 .ramcode       0x20406000       0x90 ./RTD/src/Clock_Ip_Specific.o
                0x20406090                . = ALIGN (0x4)
 *(.data)
 .data          0x20406090        0x0 ./Project_Settings/Startup_Code/Vector_Table.o
 .data          0x20406090        0x0 ./Project_Settings/Startup_Code/exceptions.o
 .data          0x20406090        0x0 ./Project_Settings/Startup_Code/nvic.o
 .data          0x20406090        0x0 ./Project_Settings/Startup_Code/startup.o
 .data          0x20406090        0x0 ./Project_Settings/Startup_Code/startup_cm7.o
 .data          0x20406090        0x0 ./Project_Settings/Startup_Code/system.o
 .data          0x20406090        0x4 ./RTD/src/Clock_Ip.o
 .data          0x20406094        0x0 ./RTD/src/Clock_Ip_Data.o
 .data          0x20406094        0x0 ./RTD/src/Clock_Ip_Divider.o
 .data          0x20406094        0x0 ./RTD/src/Clock_Ip_DividerTrigger.o
 .data          0x20406094        0x0 ./RTD/src/Clock_Ip_ExtOsc.o
 .data          0x20406094        0x0 ./RTD/src/Clock_Ip_FracDiv.o
 .data          0x20406094        0x0 ./RTD/src/Clock_Ip_Frequency.o
 .data          0x20406094        0x0 ./RTD/src/Clock_Ip_Gate.o
 .data          0x20406094        0x0 ./RTD/src/Clock_Ip_IntOsc.o
 .data          0x20406094        0x0 ./RTD/src/Clock_Ip_Irq.o
 .data          0x20406094        0x0 ./RTD/src/Clock_Ip_Monitor.o
 .data          0x20406094        0x0 ./RTD/src/Clock_Ip_Pll.o
 .data          0x20406094        0x0 ./RTD/src/Clock_Ip_ProgFreqSwitch.o
 .data          0x20406094        0x0 ./RTD/src/Clock_Ip_Selector.o
 .data          0x20406094        0x0 ./RTD/src/Clock_Ip_Specific.o
 .data          0x20406094        0x0 ./RTD/src/Igf_Port_Ip.o
 .data          0x20406094        0x0 ./RTD/src/OsIf_Timer.o
 .data          0x20406094        0x0 ./RTD/src/OsIf_Timer_System.o
 .data          0x20406094        0x0 ./RTD/src/SchM_Mcu.o
 .data          0x20406094        0x0 ./RTD/src/SchM_Port.o
 .data          0x20406094        0x0 ./RTD/src/Siul2_Port_Ip.o
 .data          0x20406094        0x0 ./RTD/src/Tspc_Port_Ip.o
 .data          0x20406094        0x0 ./board/Siul2_Port_Ip_Cfg.o
 .data          0x20406094        0x0 ./board/Tspc_Port_Ip_Cfg.o
 .data          0x20406094        0x0 ./generate/src/Clock_Ip_Cfg.o
 .data          0x20406094        0x0 ./generate/src/Igf_Port_Ip_Cfg.o
 .data          0x20406094        0x0 ./generate/src/OsIf_Cfg.o
 .data          0x20406094        0x0 ./src/main.o
 .data          0x20406094        0x0 c:/nxp/s32ds.3.5/s32ds/build_tools/gcc_v10.2/gcc-10.2-arm32-eabi/bin/../lib/gcc/arm-none-eabi/10.2.0/../../../../arm-none-eabi/lib/thumb/v7e-m+fp/hard\libc_nano.a(lib_a-memmove.o)
 .data          0x20406094        0x0 c:/nxp/s32ds.3.5/s32ds/build_tools/gcc_v10.2/gcc-10.2-arm32-eabi/bin/../lib/gcc/arm-none-eabi/10.2.0/../../../../arm-none-eabi/lib/thumb/v7e-m+fp/hard\libc_nano.a(lib_a-memset.o)
 *(.data*)
                0x20406094                . = ALIGN (0x4)
 *(.mcal_data)
                0x20406094                . = ALIGN (0x4)
                0x20406094                __sram_data_end__ = .
                0x00504d60                __sram_data_rom_end = (__sram_data_rom + (__sram_data_end__ - __sram_data_begin__))

.sram_bss       0x20406094      0x140 load address 0x00504d60
                0x204060a0                . = ALIGN (0x10)
 *fill*         0x20406094        0xc 
                0x204060a0                __sram_bss_start = .
 *(.bss)
 .bss           0x204060a0        0x0 ./Project_Settings/Startup_Code/Vector_Table.o
 .bss           0x204060a0        0x0 ./Project_Settings/Startup_Code/exceptions.o
 .bss           0x204060a0        0x0 ./Project_Settings/Startup_Code/nvic.o
 .bss           0x204060a0        0x0 ./Project_Settings/Startup_Code/startup.o
 .bss           0x204060a0        0x0 ./Project_Settings/Startup_Code/startup_cm7.o
 .bss           0x204060a0       0x78 ./Project_Settings/Startup_Code/system.o
                0x204060a0                rbar
                0x204060dc                rasr
 .bss           0x20406118        0x0 ./RTD/src/Clock_Ip.o
 .bss           0x20406118        0x0 ./RTD/src/Clock_Ip_Data.o
 .bss           0x20406118        0x0 ./RTD/src/Clock_Ip_Divider.o
 .bss           0x20406118        0x0 ./RTD/src/Clock_Ip_DividerTrigger.o
 .bss           0x20406118        0x0 ./RTD/src/Clock_Ip_ExtOsc.o
 .bss           0x20406118        0x0 ./RTD/src/Clock_Ip_FracDiv.o
 .bss           0x20406118        0x0 ./RTD/src/Clock_Ip_Frequency.o
 .bss           0x20406118        0x0 ./RTD/src/Clock_Ip_Gate.o
 .bss           0x20406118        0x0 ./RTD/src/Clock_Ip_IntOsc.o
 .bss           0x20406118        0x0 ./RTD/src/Clock_Ip_Irq.o
 .bss           0x20406118        0x0 ./RTD/src/Clock_Ip_Monitor.o
 .bss           0x20406118        0x0 ./RTD/src/Clock_Ip_Pll.o
 .bss           0x20406118        0x0 ./RTD/src/Clock_Ip_ProgFreqSwitch.o
 .bss           0x20406118        0x0 ./RTD/src/Clock_Ip_Selector.o
 .bss           0x20406118        0x0 ./RTD/src/Clock_Ip_Specific.o
 .bss           0x20406118        0x0 ./RTD/src/Igf_Port_Ip.o
 .bss           0x20406118        0x0 ./RTD/src/OsIf_Timer.o
 .bss           0x20406118        0x0 ./RTD/src/OsIf_Timer_System.o
 .bss           0x20406118        0x0 ./RTD/src/SchM_Mcu.o
 .bss           0x20406118        0x0 ./RTD/src/SchM_Port.o
 .bss           0x20406118        0x0 ./RTD/src/Siul2_Port_Ip.o
 .bss           0x20406118        0x0 ./RTD/src/Tspc_Port_Ip.o
 .bss           0x20406118        0x0 ./board/Siul2_Port_Ip_Cfg.o
 .bss           0x20406118        0x0 ./board/Tspc_Port_Ip_Cfg.o
 .bss           0x20406118        0x0 ./generate/src/Clock_Ip_Cfg.o
 .bss           0x20406118        0x0 ./generate/src/Igf_Port_Ip_Cfg.o
 .bss           0x20406118        0x0 ./generate/src/OsIf_Cfg.o
 .bss           0x20406118        0x4 ./src/main.o
                0x20406118                exit_code
 .bss           0x2040611c        0x0 c:/nxp/s32ds.3.5/s32ds/build_tools/gcc_v10.2/gcc-10.2-arm32-eabi/bin/../lib/gcc/arm-none-eabi/10.2.0/../../../../arm-none-eabi/lib/thumb/v7e-m+fp/hard\libc_nano.a(lib_a-memmove.o)
 .bss           0x2040611c        0x0 c:/nxp/s32ds.3.5/s32ds/build_tools/gcc_v10.2/gcc-10.2-arm32-eabi/bin/../lib/gcc/arm-none-eabi/10.2.0/../../../../arm-none-eabi/lib/thumb/v7e-m+fp/hard\libc_nano.a(lib_a-memset.o)
 *(.bss*)
                0x20406120                . = ALIGN (0x10)
 *fill*         0x2040611c        0x4 
 *(.mcal_bss)
 .mcal_bss      0x20406120        0x4 ./Project_Settings/Startup_Code/system.o
                0x20406120                RESET_CATCH_CORE
 .mcal_bss      0x20406124       0x85 ./RTD/src/Clock_Ip.o
                0x20406128                Clock_Ip_FreqIds
                0x204061a4                Clock_Ip_pxConfig
 *fill*         0x204061a9        0x3 
 .mcal_bss      0x204061ac       0x10 ./RTD/src/Clock_Ip_Monitor.o
 .mcal_bss      0x204061bc        0x4 ./RTD/src/Clock_Ip_ProgFreqSwitch.o
 .mcal_bss      0x204061c0        0xc ./RTD/src/Clock_Ip_Specific.o
 .mcal_bss      0x204061cc        0x8 ./RTD/src/Siul2_Port_Ip.o
                0x204061d4                . = ALIGN (0x4)
                0x204061d4                __sram_bss_end = .

.heap           0x204061d4     0x1000 load address 0x00504ea0
                0x00000000                . = (. + ALIGN (0x4))
                0x204061d4                _end = .
                0x204061d4                end = .
                0x204061d4                _heap_start = .
                0x00001000                . = (. + HEAP_SIZE)
 *fill*         0x204061d4     0x1000 
                0x204071d4                _heap_end = .

.acfls_code_ram
                0x20407f00        0x0
                0x20407f00                acfls_code_ram_start = .
 *(.acfls_code_ram)
                0x20407f00                acfls_code_ram_stop = .
                0x00504d60                __non_cacheable_data_rom = __sram_data_rom_end

.non_cacheable_data
                0x20408000      0x104 load address 0x00504d60
                0x20408000                . = ALIGN (0x4)
                0x20408000                __non_cacheable_data_start__ = .
 *(.int_results)
                0x20408100                . = (. + 0x100)
 *fill*         0x20408000      0x100 
                0x20408100                . = ALIGN (0x4)
 *(.mcal_data_no_cacheable)
                0x20408100                . = ALIGN (0x4)
 *(.mcal_const_no_cacheable)
                0x20408100                . = ALIGN (0x4)
                0x20408100                HSE_LOOP_ADDR = .
                0x20408100        0x4 LONG 0x0
                0x20408104                __non_cacheable_data_end__ = .
                0x00504e64                __non_cacheable_data_rom_end = (__non_cacheable_data_rom + (__non_cacheable_data_end__ - __non_cacheable_data_start__))

.igot.plt       0x20408104        0x0 load address 0x00504e64
 .igot.plt      0x20408104        0x0 ./Project_Settings/Startup_Code/Vector_Table.o

.non_cacheable_bss
                0x20408104      0x3ec load address 0x00504e64
                0x20408110                . = ALIGN (0x10)
 *fill*         0x20408104        0xc 
                0x20408110                __non_cacheable_bss_start = .
 *(.mcal_bss_no_cacheable)
 .mcal_bss_no_cacheable
                0x20408110       0x60 ./RTD/src/SchM_Mcu.o
 .mcal_bss_no_cacheable
                0x20408170      0x380 ./RTD/src/SchM_Port.o
                0x204084f0                . = ALIGN (0x4)
                0x204084f0                __non_cacheable_bss_end = .
                0x00504e64                __shareable_data_rom = __non_cacheable_data_rom_end

.shareable_data
                0x2040c000        0x0 load address 0x00504e64
                0x2040c000                . = ALIGN (0x4)
                0x2040c000                __shareable_data_start__ = .
 *(.mcal_shared_data)
                0x2040c000                . = ALIGN (0x4)
                0x2040c000                __shareable_data_end__ = .
                0x00504e64                __shareable_data_rom_end = (__shareable_data_rom + (__shareable_data_end__ - __shareable_data_start__))

.int_vector     0x20000000      0x408
                0x20000000                . = ALIGN (0x800)
                0x20000000                __interrupts_ram_start = .
                0x20000408                . = (. + (__interrupts_init_end - __interrupts_init_start))
 *fill*         0x20000000      0x408 
                0x20000408                . = ALIGN (0x4)
                0x20000408                __interrupts_ram_end = .
                0x00504e64                __tcm_data_rom = __shareable_data_rom_end

.data_tcm_data  0x20000408        0x0 load address 0x00504e64
                0x20000408                . = ALIGN (0x4)
                0x20000408                __dtcm_data_start__ = .
 *(.dtcm_data*)
                0x20000408                . = ALIGN (0x4)
                0x20000408                __dtcm_data_end__ = .
                0x00504e64                __tcm_data_rom_end = (__tcm_data_rom + (__dtcm_data_end__ - __dtcm_data_start__))

.bss_tcm_data   0x20000408        0x0
                0x20000408                . = ALIGN (0x4)
                0x20000408                __dtcm_bss_start__ = .
 *(.dtcm_bss*)
                0x20000408                . = ALIGN (0x4)
                0x20000408                __dtcm_bss_end__ = .
                0x00504e64                __tcm_code_rom_start = __tcm_data_rom_end

.itcm_text      0x00000000        0x0 load address 0x00504e64
                0x00000000                . = ALIGN (0x4)
                0x00000000                __itcm_start__ = .
 *(.itcm_text*)
                0x00000000                . = ALIGN (0x4)
                0x00000000                __itcm_end__ = .
                0x00504e64                __tcm_code_rom_end = (__tcm_code_rom_start + (__itcm_end__ - __itcm_start__))

.shareable_bss  0x2040c000        0x0
                0x2040c000                . = ALIGN (0x10)
                0x2040c000                __shareable_bss_start = .
 *(.mcal_shared_bss)
                0x2040c000                . = ALIGN (0x4)
                0x2040c000                __shareable_bss_end = .
                0x2000f000                __Stack_dtcm_end = ORIGIN (int_stack_dtcm)
                0x20010000                __Stack_dtcm_start = (ORIGIN (int_stack_dtcm) + LENGTH (int_stack_dtcm))
                0x20406000                __INT_SRAM_START = ORIGIN (int_sram_c1)
                0x2040c000                __INT_SRAM_END = ORIGIN (ram_end_c1)
                0x00000000                __INT_ITCM_START = ORIGIN (int_itcm)
                0x00008000                __INT_ITCM_END = (ORIGIN (int_itcm) + LENGTH (int_itcm))
                0x20000000                __INT_DTCM_START = ORIGIN (int_dtcm)
                0x20010000                __INT_DTCM_END = ((ORIGIN (int_dtcm) + LENGTH (int_dtcm)) + LENGTH (int_stack_dtcm))
                0x2040c000                __RAM_SHAREABLE_START = ORIGIN (int_sram_shareable)
                0x20406000                __RAM_SHAREABLE_END = ORIGIN (ram_end_c0)
                0x0000000e                __RAM_SHAREABLE_SIZE = 0xe
                0x00000000                __ROM_SHAREABLE_START = 0x0
                0x00000000                __ROM_SHAREABLE_END = 0x0
                0x20408000                __RAM_NO_CACHEABLE_START = ORIGIN (int_sram_no_cacheable_c1)
                0x2040c000                __RAM_NO_CACHEABLE_END = ORIGIN (ram_end_c1)
                0x0000000e                __RAM_NO_CACHEABLE_SIZE = 0xe
                0x00504d60                __ROM_NO_CACHEABLE_START = __non_cacheable_data_rom
                0x00504e64                __ROM_NO_CACHEABLE_END = __non_cacheable_data_rom_end
                0x20406000                __RAM_CACHEABLE_START = ORIGIN (int_sram_c1)
                0x20408000                __RAM_CACHEABLE_END = ORIGIN (int_sram_no_cacheable_c1)
                0x0000000d                __RAM_CACHEABLE_SIZE = 0xd
                0x00504ccc                __ROM_CACHEABLE_START = __sram_data_rom
                0x00504d60                __ROM_CACHEABLE_END = __sram_data_rom_end
                0x00500000                __ROM_CODE_START = ORIGIN (int_flash_c1)
                0x10000000                __ROM_DATA_START = 0x10000000
                0x204060a0                __BSS_SRAM_START = __sram_bss_start
                0x204061d4                __BSS_SRAM_END = __sram_bss_end
                0x00000134                __BSS_SRAM_SIZE = (__sram_bss_end - __sram_bss_start)
                0x20408110                __BSS_SRAM_NC_START = __non_cacheable_bss_start
                0x000003e0                __BSS_SRAM_NC_SIZE = (__non_cacheable_bss_end - __non_cacheable_bss_start)
                0x204084f0                __BSS_SRAM_NC_END = __non_cacheable_bss_end
                0x00000000                __BSS_SRAM_SH_START = 0x0
                0x00000000                __BSS_SRAM_SH_SIZE = 0x0
                0x00000000                __BSS_SRAM_SH_END = 0x0
                0x20000000                __RAM_INTERRUPT_START = __interrupts_ram_start
                0x00500000                __INIT_INTERRUPT_START = __interrupts_init_start
                0x00500408                __INIT_INTERRUPT_END = __interrupts_init_end
                0x00000000                __RAM_ITCM_START = __itcm_start__
                0x00504e64                __ROM_ITCM_START = __tcm_code_rom_start
                0x00504e64                __ROM_ITCM_END = __tcm_code_rom_end
                0x20000408                __RAM_DTCM_DATA_START = __dtcm_data_start__
                0x00504e64                __ROM_DTCM_DATA_START = __tcm_data_rom
                0x00504e64                __ROM_DTCM_END = __tcm_data_rom_end
                0x00504c64                __INIT_TABLE = __init_table
                0x00504cb0                __ZERO_TABLE = __zero_table
                0x00000001                __RAM_INIT = 0x1
                0x00000001                __ITCM_INIT = 0x1
                0x00000001                __DTCM_INIT = 0x1
                0x00503590                Fls_ACEraseRomStart = __acfls_code_rom_start
                0x005035d8                Fls_ACEraseRomEnd = __acfls_code_rom_end
                0x00000012                Fls_ACEraseSize = ((__acfls_code_rom_end - __acfls_code_rom_start) / 0x4)
                0x00503590                Fls_ACWriteRomStart = __acfls_code_rom_start
                0x005035d8                Fls_ACWriteRomEnd = __acfls_code_rom_end
                0x00000012                Fls_ACWriteSize = ((__acfls_code_rom_end - __acfls_code_rom_start) / 0x4)
                0x20407f00                _ERASE_FUNC_ADDRESS_ = ADDR (.acfls_code_ram)
                0x20407f00                _WRITE_FUNC_ADDRESS_ = ADDR (.acfls_code_ram)

/DISCARD/
 *(.boot_header)
                0x00500000                __ENTRY_VTABLE = __INIT_INTERRUPT_START
                0x00400800                __CORE0_VTOR = (ORIGIN (int_flash_c0) + 0x800)
                0x00500000                __CORE1_VTOR = __INIT_INTERRUPT_START
                0x00500000                __CORE2_VTOR = __INIT_INTERRUPT_START
                0x00000000                __INDEX_COPY_CORE2 = 0x0
OUTPUT(VCU_BSW_S32K322_M7_1.elf elf32-littlearm)
LOAD linker stubs

.ARM.attributes
                0x00000000       0x30
 .ARM.attributes
                0x00000000       0x20 ./Project_Settings/Startup_Code/Vector_Table.o
 .ARM.attributes
                0x00000020       0x34 ./Project_Settings/Startup_Code/exceptions.o
 .ARM.attributes
                0x00000054       0x34 ./Project_Settings/Startup_Code/nvic.o
 .ARM.attributes
                0x00000088       0x34 ./Project_Settings/Startup_Code/startup.o
 .ARM.attributes
                0x000000bc       0x1f ./Project_Settings/Startup_Code/startup_cm7.o
 .ARM.attributes
                0x000000db       0x34 ./Project_Settings/Startup_Code/system.o
 .ARM.attributes
                0x0000010f       0x34 ./RTD/src/Clock_Ip.o
 .ARM.attributes
                0x00000143       0x39 ./RTD/src/Clock_Ip_Data.o
 .ARM.attributes
                0x0000017c       0x34 ./RTD/src/Clock_Ip_Divider.o
 .ARM.attributes
                0x000001b0       0x34 ./RTD/src/Clock_Ip_DividerTrigger.o
 .ARM.attributes
                0x000001e4       0x34 ./RTD/src/Clock_Ip_ExtOsc.o
 .ARM.attributes
                0x00000218       0x34 ./RTD/src/Clock_Ip_FracDiv.o
 .ARM.attributes
                0x0000024c       0x34 ./RTD/src/Clock_Ip_Frequency.o
 .ARM.attributes
                0x00000280       0x34 ./RTD/src/Clock_Ip_Gate.o
 .ARM.attributes
                0x000002b4       0x34 ./RTD/src/Clock_Ip_IntOsc.o
 .ARM.attributes
                0x000002e8       0x34 ./RTD/src/Clock_Ip_Irq.o
 .ARM.attributes
                0x0000031c       0x34 ./RTD/src/Clock_Ip_Monitor.o
 .ARM.attributes
                0x00000350       0x34 ./RTD/src/Clock_Ip_Pll.o
 .ARM.attributes
                0x00000384       0x34 ./RTD/src/Clock_Ip_ProgFreqSwitch.o
 .ARM.attributes
                0x000003b8       0x34 ./RTD/src/Clock_Ip_Selector.o
 .ARM.attributes
                0x000003ec       0x34 ./RTD/src/Clock_Ip_Specific.o
 .ARM.attributes
                0x00000420       0x39 ./RTD/src/Igf_Port_Ip.o
 .ARM.attributes
                0x00000459       0x34 ./RTD/src/OsIf_Timer.o
 .ARM.attributes
                0x0000048d       0x39 ./RTD/src/OsIf_Timer_System.o
 .ARM.attributes
                0x000004c6       0x34 ./RTD/src/SchM_Mcu.o
 .ARM.attributes
                0x000004fa       0x34 ./RTD/src/SchM_Port.o
 .ARM.attributes
                0x0000052e       0x34 ./RTD/src/Siul2_Port_Ip.o
 .ARM.attributes
                0x00000562       0x34 ./RTD/src/Tspc_Port_Ip.o
 .ARM.attributes
                0x00000596       0x39 ./board/Siul2_Port_Ip_Cfg.o
 .ARM.attributes
                0x000005cf       0x39 ./board/Tspc_Port_Ip_Cfg.o
 .ARM.attributes
                0x00000608       0x39 ./generate/src/Clock_Ip_Cfg.o
 .ARM.attributes
                0x00000641       0x39 ./generate/src/Igf_Port_Ip_Cfg.o
 .ARM.attributes
                0x0000067a       0x39 ./generate/src/OsIf_Cfg.o
 .ARM.attributes
                0x000006b3       0x34 ./src/main.o
 .ARM.attributes
                0x000006e7       0x34 c:/nxp/s32ds.3.5/s32ds/build_tools/gcc_v10.2/gcc-10.2-arm32-eabi/bin/../lib/gcc/arm-none-eabi/10.2.0/../../../../arm-none-eabi/lib/thumb/v7e-m+fp/hard\libc_nano.a(lib_a-memmove.o)
 .ARM.attributes
                0x0000071b       0x34 c:/nxp/s32ds.3.5/s32ds/build_tools/gcc_v10.2/gcc-10.2-arm32-eabi/bin/../lib/gcc/arm-none-eabi/10.2.0/../../../../arm-none-eabi/lib/thumb/v7e-m+fp/hard\libc_nano.a(lib_a-memset.o)

.comment        0x00000000       0x88
 .comment       0x00000000       0x88 ./Project_Settings/Startup_Code/exceptions.o
                                 0x89 (size before relaxing)
 .comment       0x00000088       0x89 ./Project_Settings/Startup_Code/nvic.o
 .comment       0x00000088       0x89 ./Project_Settings/Startup_Code/startup.o
 .comment       0x00000088       0x89 ./Project_Settings/Startup_Code/system.o
 .comment       0x00000088       0x89 ./RTD/src/Clock_Ip.o
 .comment       0x00000088       0x89 ./RTD/src/Clock_Ip_Data.o
 .comment       0x00000088       0x89 ./RTD/src/Clock_Ip_Divider.o
 .comment       0x00000088       0x89 ./RTD/src/Clock_Ip_DividerTrigger.o
 .comment       0x00000088       0x89 ./RTD/src/Clock_Ip_ExtOsc.o
 .comment       0x00000088       0x89 ./RTD/src/Clock_Ip_FracDiv.o
 .comment       0x00000088       0x89 ./RTD/src/Clock_Ip_Frequency.o
 .comment       0x00000088       0x89 ./RTD/src/Clock_Ip_Gate.o
 .comment       0x00000088       0x89 ./RTD/src/Clock_Ip_IntOsc.o
 .comment       0x00000088       0x89 ./RTD/src/Clock_Ip_Irq.o
 .comment       0x00000088       0x89 ./RTD/src/Clock_Ip_Monitor.o
 .comment       0x00000088       0x89 ./RTD/src/Clock_Ip_Pll.o
 .comment       0x00000088       0x89 ./RTD/src/Clock_Ip_ProgFreqSwitch.o
 .comment       0x00000088       0x89 ./RTD/src/Clock_Ip_Selector.o
 .comment       0x00000088       0x89 ./RTD/src/Clock_Ip_Specific.o
 .comment       0x00000088       0x89 ./RTD/src/Igf_Port_Ip.o
 .comment       0x00000088       0x89 ./RTD/src/OsIf_Timer.o
 .comment       0x00000088       0x89 ./RTD/src/OsIf_Timer_System.o
 .comment       0x00000088       0x89 ./RTD/src/SchM_Mcu.o
 .comment       0x00000088       0x89 ./RTD/src/SchM_Port.o
 .comment       0x00000088       0x89 ./RTD/src/Siul2_Port_Ip.o
 .comment       0x00000088       0x89 ./RTD/src/Tspc_Port_Ip.o
 .comment       0x00000088       0x89 ./board/Siul2_Port_Ip_Cfg.o
 .comment       0x00000088       0x89 ./board/Tspc_Port_Ip_Cfg.o
 .comment       0x00000088       0x89 ./generate/src/Clock_Ip_Cfg.o
 .comment       0x00000088       0x89 ./generate/src/Igf_Port_Ip_Cfg.o
 .comment       0x00000088       0x89 ./generate/src/OsIf_Cfg.o
 .comment       0x00000088       0x89 ./src/main.o
 .comment       0x00000088       0x89 c:/nxp/s32ds.3.5/s32ds/build_tools/gcc_v10.2/gcc-10.2-arm32-eabi/bin/../lib/gcc/arm-none-eabi/10.2.0/../../../../arm-none-eabi/lib/thumb/v7e-m+fp/hard\libc_nano.a(lib_a-memmove.o)
 .comment       0x00000088       0x89 c:/nxp/s32ds.3.5/s32ds/build_tools/gcc_v10.2/gcc-10.2-arm32-eabi/bin/../lib/gcc/arm-none-eabi/10.2.0/../../../../arm-none-eabi/lib/thumb/v7e-m+fp/hard\libc_nano.a(lib_a-memset.o)

.debug_info     0x00000000    0x13a93
 .debug_info    0x00000000      0x139 ./Project_Settings/Startup_Code/exceptions.o
 .debug_info    0x00000139      0x76a ./Project_Settings/Startup_Code/nvic.o
 .debug_info    0x000008a3      0x36f ./Project_Settings/Startup_Code/startup.o
 .debug_info    0x00000c12       0x22 ./Project_Settings/Startup_Code/startup_cm7.o
 .debug_info    0x00000c34      0xc18 ./Project_Settings/Startup_Code/system.o
 .debug_info    0x0000184c     0x1f54 ./RTD/src/Clock_Ip.o
 .debug_info    0x000037a0     0x163a ./RTD/src/Clock_Ip_Data.o
 .debug_info    0x00004dda      0x9d0 ./RTD/src/Clock_Ip_Divider.o
 .debug_info    0x000057aa      0x7ae ./RTD/src/Clock_Ip_DividerTrigger.o
 .debug_info    0x00005f58      0xa5d ./RTD/src/Clock_Ip_ExtOsc.o
 .debug_info    0x000069b5      0x571 ./RTD/src/Clock_Ip_FracDiv.o
 .debug_info    0x00006f26      0x3df ./RTD/src/Clock_Ip_Frequency.o
 .debug_info    0x00007305      0x992 ./RTD/src/Clock_Ip_Gate.o
 .debug_info    0x00007c97      0xd13 ./RTD/src/Clock_Ip_IntOsc.o
 .debug_info    0x000089aa       0xb2 ./RTD/src/Clock_Ip_Irq.o
 .debug_info    0x00008a5c     0x1339 ./RTD/src/Clock_Ip_Monitor.o
 .debug_info    0x00009d95      0xa7d ./RTD/src/Clock_Ip_Pll.o
 .debug_info    0x0000a812      0xf4e ./RTD/src/Clock_Ip_ProgFreqSwitch.o
 .debug_info    0x0000b760      0xff5 ./RTD/src/Clock_Ip_Selector.o
 .debug_info    0x0000c755     0x1894 ./RTD/src/Clock_Ip_Specific.o
 .debug_info    0x0000dfe9       0x7d ./RTD/src/Igf_Port_Ip.o
 .debug_info    0x0000e066      0x2c7 ./RTD/src/OsIf_Timer.o
 .debug_info    0x0000e32d       0x7d ./RTD/src/OsIf_Timer_System.o
 .debug_info    0x0000e3aa      0x39b ./RTD/src/SchM_Mcu.o
 .debug_info    0x0000e745     0x17a0 ./RTD/src/SchM_Port.o
 .debug_info    0x0000fee5     0x27fb ./RTD/src/Siul2_Port_Ip.o
 .debug_info    0x000126e0      0x347 ./RTD/src/Tspc_Port_Ip.o
 .debug_info    0x00012a27       0x7d ./board/Siul2_Port_Ip_Cfg.o
 .debug_info    0x00012aa4       0x7d ./board/Tspc_Port_Ip_Cfg.o
 .debug_info    0x00012b21      0xda2 ./generate/src/Clock_Ip_Cfg.o
 .debug_info    0x000138c3       0x7d ./generate/src/Igf_Port_Ip_Cfg.o
 .debug_info    0x00013940       0x7d ./generate/src/OsIf_Cfg.o
 .debug_info    0x000139bd       0xd6 ./src/main.o

.debug_abbrev   0x00000000     0x2e0e
 .debug_abbrev  0x00000000       0x47 ./Project_Settings/Startup_Code/exceptions.o
 .debug_abbrev  0x00000047      0x102 ./Project_Settings/Startup_Code/nvic.o
 .debug_abbrev  0x00000149      0x119 ./Project_Settings/Startup_Code/startup.o
 .debug_abbrev  0x00000262       0x12 ./Project_Settings/Startup_Code/startup_cm7.o
 .debug_abbrev  0x00000274      0x229 ./Project_Settings/Startup_Code/system.o
 .debug_abbrev  0x0000049d      0x39d ./RTD/src/Clock_Ip.o
 .debug_abbrev  0x0000083a      0x14c ./RTD/src/Clock_Ip_Data.o
 .debug_abbrev  0x00000986      0x21e ./RTD/src/Clock_Ip_Divider.o
 .debug_abbrev  0x00000ba4      0x1b0 ./RTD/src/Clock_Ip_DividerTrigger.o
 .debug_abbrev  0x00000d54      0x283 ./RTD/src/Clock_Ip_ExtOsc.o
 .debug_abbrev  0x00000fd7      0x163 ./RTD/src/Clock_Ip_FracDiv.o
 .debug_abbrev  0x0000113a       0x92 ./RTD/src/Clock_Ip_Frequency.o
 .debug_abbrev  0x000011cc      0x1ac ./RTD/src/Clock_Ip_Gate.o
 .debug_abbrev  0x00001378      0x25d ./RTD/src/Clock_Ip_IntOsc.o
 .debug_abbrev  0x000015d5       0x6a ./RTD/src/Clock_Ip_Irq.o
 .debug_abbrev  0x0000163f      0x27d ./RTD/src/Clock_Ip_Monitor.o
 .debug_abbrev  0x000018bc      0x231 ./RTD/src/Clock_Ip_Pll.o
 .debug_abbrev  0x00001aed      0x1aa ./RTD/src/Clock_Ip_ProgFreqSwitch.o
 .debug_abbrev  0x00001c97      0x2f8 ./RTD/src/Clock_Ip_Selector.o
 .debug_abbrev  0x00001f8f      0x31b ./RTD/src/Clock_Ip_Specific.o
 .debug_abbrev  0x000022aa       0x29 ./RTD/src/Igf_Port_Ip.o
 .debug_abbrev  0x000022d3      0x1a7 ./RTD/src/OsIf_Timer.o
 .debug_abbrev  0x0000247a       0x29 ./RTD/src/OsIf_Timer_System.o
 .debug_abbrev  0x000024a3      0x124 ./RTD/src/SchM_Mcu.o
 .debug_abbrev  0x000025c7      0x124 ./RTD/src/SchM_Port.o
 .debug_abbrev  0x000026eb      0x385 ./RTD/src/Siul2_Port_Ip.o
 .debug_abbrev  0x00002a70      0x185 ./RTD/src/Tspc_Port_Ip.o
 .debug_abbrev  0x00002bf5       0x29 ./board/Siul2_Port_Ip_Cfg.o
 .debug_abbrev  0x00002c1e       0x29 ./board/Tspc_Port_Ip_Cfg.o
 .debug_abbrev  0x00002c47      0x103 ./generate/src/Clock_Ip_Cfg.o
 .debug_abbrev  0x00002d4a       0x29 ./generate/src/Igf_Port_Ip_Cfg.o
 .debug_abbrev  0x00002d73       0x29 ./generate/src/OsIf_Cfg.o
 .debug_abbrev  0x00002d9c       0x72 ./src/main.o

.debug_aranges  0x00000000      0x908
 .debug_aranges
                0x00000000       0x68 ./Project_Settings/Startup_Code/exceptions.o
 .debug_aranges
                0x00000068       0x38 ./Project_Settings/Startup_Code/nvic.o
 .debug_aranges
                0x000000a0       0x28 ./Project_Settings/Startup_Code/startup.o
 .debug_aranges
                0x000000c8       0x28 ./Project_Settings/Startup_Code/startup_cm7.o
 .debug_aranges
                0x000000f0       0x38 ./Project_Settings/Startup_Code/system.o
 .debug_aranges
                0x00000128       0x98 ./RTD/src/Clock_Ip.o
 .debug_aranges
                0x000001c0       0x18 ./RTD/src/Clock_Ip_Data.o
 .debug_aranges
                0x000001d8       0x38 ./RTD/src/Clock_Ip_Divider.o
 .debug_aranges
                0x00000210       0x30 ./RTD/src/Clock_Ip_DividerTrigger.o
 .debug_aranges
                0x00000240       0x60 ./RTD/src/Clock_Ip_ExtOsc.o
 .debug_aranges
                0x000002a0       0x28 ./RTD/src/Clock_Ip_FracDiv.o
 .debug_aranges
                0x000002c8       0x20 ./RTD/src/Clock_Ip_Frequency.o
 .debug_aranges
                0x000002e8       0x38 ./RTD/src/Clock_Ip_Gate.o
 .debug_aranges
                0x00000320       0x60 ./RTD/src/Clock_Ip_IntOsc.o
 .debug_aranges
                0x00000380       0x20 ./RTD/src/Clock_Ip_Irq.o
 .debug_aranges
                0x000003a0       0x60 ./RTD/src/Clock_Ip_Monitor.o
 .debug_aranges
                0x00000400       0x50 ./RTD/src/Clock_Ip_Pll.o
 .debug_aranges
                0x00000450       0x28 ./RTD/src/Clock_Ip_ProgFreqSwitch.o
 .debug_aranges
                0x00000478       0x58 ./RTD/src/Clock_Ip_Selector.o
 .debug_aranges
                0x000004d0       0x78 ./RTD/src/Clock_Ip_Specific.o
 .debug_aranges
                0x00000548       0x18 ./RTD/src/Igf_Port_Ip.o
 .debug_aranges
                0x00000560       0x40 ./RTD/src/OsIf_Timer.o
 .debug_aranges
                0x000005a0       0x18 ./RTD/src/OsIf_Timer_System.o
 .debug_aranges
                0x000005b8       0x50 ./RTD/src/SchM_Mcu.o
 .debug_aranges
                0x00000608      0x1e0 ./RTD/src/SchM_Port.o
 .debug_aranges
                0x000007e8       0x60 ./RTD/src/Siul2_Port_Ip.o
 .debug_aranges
                0x00000848       0x28 ./RTD/src/Tspc_Port_Ip.o
 .debug_aranges
                0x00000870       0x18 ./board/Siul2_Port_Ip_Cfg.o
 .debug_aranges
                0x00000888       0x18 ./board/Tspc_Port_Ip_Cfg.o
 .debug_aranges
                0x000008a0       0x18 ./generate/src/Clock_Ip_Cfg.o
 .debug_aranges
                0x000008b8       0x18 ./generate/src/Igf_Port_Ip_Cfg.o
 .debug_aranges
                0x000008d0       0x18 ./generate/src/OsIf_Cfg.o
 .debug_aranges
                0x000008e8       0x20 ./src/main.o

.debug_ranges   0x00000000      0x840
 .debug_ranges  0x00000000       0x58 ./Project_Settings/Startup_Code/exceptions.o
 .debug_ranges  0x00000058       0x28 ./Project_Settings/Startup_Code/nvic.o
 .debug_ranges  0x00000080       0x18 ./Project_Settings/Startup_Code/startup.o
 .debug_ranges  0x00000098       0x20 ./Project_Settings/Startup_Code/startup_cm7.o
 .debug_ranges  0x000000b8       0x78 ./Project_Settings/Startup_Code/system.o
 .debug_ranges  0x00000130      0x110 ./RTD/src/Clock_Ip.o
 .debug_ranges  0x00000240       0x28 ./RTD/src/Clock_Ip_Divider.o
 .debug_ranges  0x00000268       0x20 ./RTD/src/Clock_Ip_DividerTrigger.o
 .debug_ranges  0x00000288       0x50 ./RTD/src/Clock_Ip_ExtOsc.o
 .debug_ranges  0x000002d8       0x18 ./RTD/src/Clock_Ip_FracDiv.o
 .debug_ranges  0x000002f0       0x10 ./RTD/src/Clock_Ip_Frequency.o
 .debug_ranges  0x00000300       0x28 ./RTD/src/Clock_Ip_Gate.o
 .debug_ranges  0x00000328       0x50 ./RTD/src/Clock_Ip_IntOsc.o
 .debug_ranges  0x00000378       0x10 ./RTD/src/Clock_Ip_Irq.o
 .debug_ranges  0x00000388       0x50 ./RTD/src/Clock_Ip_Monitor.o
 .debug_ranges  0x000003d8       0x40 ./RTD/src/Clock_Ip_Pll.o
 .debug_ranges  0x00000418       0x18 ./RTD/src/Clock_Ip_ProgFreqSwitch.o
 .debug_ranges  0x00000430       0x78 ./RTD/src/Clock_Ip_Selector.o
 .debug_ranges  0x000004a8       0x80 ./RTD/src/Clock_Ip_Specific.o
 .debug_ranges  0x00000528       0x30 ./RTD/src/OsIf_Timer.o
 .debug_ranges  0x00000558       0x40 ./RTD/src/SchM_Mcu.o
 .debug_ranges  0x00000598      0x1d0 ./RTD/src/SchM_Port.o
 .debug_ranges  0x00000768       0x80 ./RTD/src/Siul2_Port_Ip.o
 .debug_ranges  0x000007e8       0x48 ./RTD/src/Tspc_Port_Ip.o
 .debug_ranges  0x00000830       0x10 ./src/main.o

.debug_macro    0x00000000    0x4ee8f
 .debug_macro   0x00000000      0x164 ./Project_Settings/Startup_Code/exceptions.o
 .debug_macro   0x00000164      0xaa8 ./Project_Settings/Startup_Code/exceptions.o
 .debug_macro   0x00000c0c       0x22 ./Project_Settings/Startup_Code/exceptions.o
 .debug_macro   0x00000c2e       0x56 ./Project_Settings/Startup_Code/exceptions.o
 .debug_macro   0x00000c84       0x51 ./Project_Settings/Startup_Code/exceptions.o
 .debug_macro   0x00000cd5      0x103 ./Project_Settings/Startup_Code/exceptions.o
 .debug_macro   0x00000dd8       0x6a ./Project_Settings/Startup_Code/exceptions.o
 .debug_macro   0x00000e42      0x1df ./Project_Settings/Startup_Code/exceptions.o
 .debug_macro   0x00001021       0x22 ./Project_Settings/Startup_Code/exceptions.o
 .debug_macro   0x00001043      0x16d ./Project_Settings/Startup_Code/exceptions.o
 .debug_macro   0x000011b0       0x82 ./Project_Settings/Startup_Code/exceptions.o
 .debug_macro   0x00001232      0x97b ./Project_Settings/Startup_Code/exceptions.o
 .debug_macro   0x00001bad       0x3a ./Project_Settings/Startup_Code/exceptions.o
 .debug_macro   0x00001be7       0xcc ./Project_Settings/Startup_Code/exceptions.o
 .debug_macro   0x00001cb3       0x67 ./Project_Settings/Startup_Code/exceptions.o
 .debug_macro   0x00001d1a       0x94 ./Project_Settings/Startup_Code/exceptions.o
 .debug_macro   0x00001dae       0xc8 ./Project_Settings/Startup_Code/exceptions.o
 .debug_macro   0x00001e76      0x11e ./Project_Settings/Startup_Code/exceptions.o
 .debug_macro   0x00001f94       0x52 ./Project_Settings/Startup_Code/exceptions.o
 .debug_macro   0x00001fe6       0x16 ./Project_Settings/Startup_Code/exceptions.o
 .debug_macro   0x00001ffc       0x7c ./Project_Settings/Startup_Code/exceptions.o
 .debug_macro   0x00002078      0x130 ./Project_Settings/Startup_Code/exceptions.o
 .debug_macro   0x000021a8       0x6a ./Project_Settings/Startup_Code/exceptions.o
 .debug_macro   0x00002212       0x58 ./Project_Settings/Startup_Code/exceptions.o
 .debug_macro   0x0000226a       0x57 ./Project_Settings/Startup_Code/exceptions.o
 .debug_macro   0x000022c1       0x50 ./Project_Settings/Startup_Code/exceptions.o
 .debug_macro   0x00002311       0x50 ./Project_Settings/Startup_Code/exceptions.o
 .debug_macro   0x00002361      0x3b6 ./Project_Settings/Startup_Code/nvic.o
 .debug_macro   0x00002717     0x51db ./Project_Settings/Startup_Code/nvic.o
 .debug_macro   0x000078f2      0xa02 ./Project_Settings/Startup_Code/nvic.o
 .debug_macro   0x000082f4      0xd0a ./Project_Settings/Startup_Code/nvic.o
 .debug_macro   0x00008ffe      0x180 ./Project_Settings/Startup_Code/nvic.o
 .debug_macro   0x0000917e       0xf8 ./Project_Settings/Startup_Code/nvic.o
 .debug_macro   0x00009276      0x370 ./Project_Settings/Startup_Code/nvic.o
 .debug_macro   0x000095e6      0x159 ./Project_Settings/Startup_Code/nvic.o
 .debug_macro   0x0000973f      0xc36 ./Project_Settings/Startup_Code/nvic.o
 .debug_macro   0x0000a375     0x2215 ./Project_Settings/Startup_Code/nvic.o
 .debug_macro   0x0000c58a      0x2ea ./Project_Settings/Startup_Code/nvic.o
 .debug_macro   0x0000c874       0x8e ./Project_Settings/Startup_Code/nvic.o
 .debug_macro   0x0000c902     0xcead ./Project_Settings/Startup_Code/nvic.o
 .debug_macro   0x000197af      0xdd9 ./Project_Settings/Startup_Code/nvic.o
 .debug_macro   0x0001a588     0x7375 ./Project_Settings/Startup_Code/nvic.o
 .debug_macro   0x000218fd      0xbb9 ./Project_Settings/Startup_Code/nvic.o
 .debug_macro   0x000224b6      0xca5 ./Project_Settings/Startup_Code/nvic.o
 .debug_macro   0x0002315b      0xb4d ./Project_Settings/Startup_Code/nvic.o
 .debug_macro   0x00023ca8       0x5d ./Project_Settings/Startup_Code/nvic.o
 .debug_macro   0x00023d05      0xac7 ./Project_Settings/Startup_Code/nvic.o
 .debug_macro   0x000247cc     0x14c1 ./Project_Settings/Startup_Code/nvic.o
 .debug_macro   0x00025c8d      0x867 ./Project_Settings/Startup_Code/nvic.o
 .debug_macro   0x000264f4       0xe8 ./Project_Settings/Startup_Code/nvic.o
 .debug_macro   0x000265dc       0xd6 ./Project_Settings/Startup_Code/nvic.o
 .debug_macro   0x000266b2      0x106 ./Project_Settings/Startup_Code/nvic.o
 .debug_macro   0x000267b8      0x507 ./Project_Settings/Startup_Code/nvic.o
 .debug_macro   0x00026cbf      0x76c ./Project_Settings/Startup_Code/nvic.o
 .debug_macro   0x0002742b      0xe1f ./Project_Settings/Startup_Code/nvic.o
 .debug_macro   0x0002824a      0x923 ./Project_Settings/Startup_Code/nvic.o
 .debug_macro   0x00028b6d     0x107d ./Project_Settings/Startup_Code/nvic.o
 .debug_macro   0x00029bea      0x2da ./Project_Settings/Startup_Code/nvic.o
 .debug_macro   0x00029ec4     0x1095 ./Project_Settings/Startup_Code/nvic.o
 .debug_macro   0x0002af59     0x1c65 ./Project_Settings/Startup_Code/nvic.o
 .debug_macro   0x0002cbbe      0x54c ./Project_Settings/Startup_Code/nvic.o
 .debug_macro   0x0002d10a      0x300 ./Project_Settings/Startup_Code/nvic.o
 .debug_macro   0x0002d40a      0xce3 ./Project_Settings/Startup_Code/nvic.o
 .debug_macro   0x0002e0ed     0x15d2 ./Project_Settings/Startup_Code/nvic.o
 .debug_macro   0x0002f6bf      0x537 ./Project_Settings/Startup_Code/nvic.o
 .debug_macro   0x0002fbf6      0x242 ./Project_Settings/Startup_Code/nvic.o
 .debug_macro   0x0002fe38      0x20a ./Project_Settings/Startup_Code/nvic.o
 .debug_macro   0x00030042      0x3fa ./Project_Settings/Startup_Code/nvic.o
 .debug_macro   0x0003043c       0x5c ./Project_Settings/Startup_Code/nvic.o
 .debug_macro   0x00030498      0xbd1 ./Project_Settings/Startup_Code/nvic.o
 .debug_macro   0x00031069       0x48 ./Project_Settings/Startup_Code/nvic.o
 .debug_macro   0x000310b1      0x23c ./Project_Settings/Startup_Code/nvic.o
 .debug_macro   0x000312ed      0xb27 ./Project_Settings/Startup_Code/nvic.o
 .debug_macro   0x00031e14      0x2f5 ./Project_Settings/Startup_Code/nvic.o
 .debug_macro   0x00032109       0xd6 ./Project_Settings/Startup_Code/nvic.o
 .debug_macro   0x000321df       0x5e ./Project_Settings/Startup_Code/nvic.o
 .debug_macro   0x0003223d     0x6929 ./Project_Settings/Startup_Code/nvic.o
 .debug_macro   0x00038b66      0xf35 ./Project_Settings/Startup_Code/nvic.o
 .debug_macro   0x00039a9b       0xfe ./Project_Settings/Startup_Code/nvic.o
 .debug_macro   0x00039b99      0x2d4 ./Project_Settings/Startup_Code/nvic.o
 .debug_macro   0x00039e6d       0xcc ./Project_Settings/Startup_Code/nvic.o
 .debug_macro   0x00039f39       0xb3 ./Project_Settings/Startup_Code/nvic.o
 .debug_macro   0x00039fec      0x1c2 ./Project_Settings/Startup_Code/nvic.o
 .debug_macro   0x0003a1ae      0x56e ./Project_Settings/Startup_Code/nvic.o
 .debug_macro   0x0003a71c      0x3f8 ./Project_Settings/Startup_Code/nvic.o
 .debug_macro   0x0003ab14      0x338 ./Project_Settings/Startup_Code/nvic.o
 .debug_macro   0x0003ae4c      0x4c8 ./Project_Settings/Startup_Code/nvic.o
 .debug_macro   0x0003b314      0xd67 ./Project_Settings/Startup_Code/nvic.o
 .debug_macro   0x0003c07b     0x1b52 ./Project_Settings/Startup_Code/nvic.o
 .debug_macro   0x0003dbcd      0xcd9 ./Project_Settings/Startup_Code/nvic.o
 .debug_macro   0x0003e8a6      0x136 ./Project_Settings/Startup_Code/nvic.o
 .debug_macro   0x0003e9dc      0x392 ./Project_Settings/Startup_Code/nvic.o
 .debug_macro   0x0003ed6e       0x2e ./Project_Settings/Startup_Code/nvic.o
 .debug_macro   0x0003ed9c       0xe8 ./Project_Settings/Startup_Code/startup.o
 .debug_macro   0x0003ee84      0x226 ./Project_Settings/Startup_Code/system.o
 .debug_macro   0x0003f0aa       0x52 ./Project_Settings/Startup_Code/system.o
 .debug_macro   0x0003f0fc       0x50 ./Project_Settings/Startup_Code/system.o
 .debug_macro   0x0003f14c       0x50 ./Project_Settings/Startup_Code/system.o
 .debug_macro   0x0003f19c      0x525 ./RTD/src/Clock_Ip.o
 .debug_macro   0x0003f6c1     0x108f ./RTD/src/Clock_Ip.o
 .debug_macro   0x00040750      0x492 ./RTD/src/Clock_Ip.o
 .debug_macro   0x00040be2       0x2e ./RTD/src/Clock_Ip.o
 .debug_macro   0x00040c10       0x4d ./RTD/src/Clock_Ip.o
 .debug_macro   0x00040c5d       0x50 ./RTD/src/Clock_Ip.o
 .debug_macro   0x00040cad       0x50 ./RTD/src/Clock_Ip.o
 .debug_macro   0x00040cfd       0x50 ./RTD/src/Clock_Ip.o
 .debug_macro   0x00040d4d       0x50 ./RTD/src/Clock_Ip.o
 .debug_macro   0x00040d9d       0x34 ./RTD/src/Clock_Ip.o
 .debug_macro   0x00040dd1       0xdc ./RTD/src/Clock_Ip.o
 .debug_macro   0x00040ead      0x170 ./RTD/src/Clock_Ip.o
 .debug_macro   0x0004101d       0x50 ./RTD/src/Clock_Ip.o
 .debug_macro   0x0004106d       0x50 ./RTD/src/Clock_Ip.o
 .debug_macro   0x000410bd       0x50 ./RTD/src/Clock_Ip.o
 .debug_macro   0x0004110d       0x50 ./RTD/src/Clock_Ip.o
 .debug_macro   0x0004115d       0x50 ./RTD/src/Clock_Ip.o
 .debug_macro   0x000411ad       0x50 ./RTD/src/Clock_Ip.o
 .debug_macro   0x000411fd       0xa5 ./RTD/src/Clock_Ip.o
 .debug_macro   0x000412a2       0x50 ./RTD/src/Clock_Ip.o
 .debug_macro   0x000412f2       0x50 ./RTD/src/Clock_Ip.o
 .debug_macro   0x00041342       0x50 ./RTD/src/Clock_Ip.o
 .debug_macro   0x00041392       0x50 ./RTD/src/Clock_Ip.o
 .debug_macro   0x000413e2       0x50 ./RTD/src/Clock_Ip.o
 .debug_macro   0x00041432       0x50 ./RTD/src/Clock_Ip.o
 .debug_macro   0x00041482       0x35 ./RTD/src/Clock_Ip.o
 .debug_macro   0x000414b7       0x50 ./RTD/src/Clock_Ip.o
 .debug_macro   0x00041507       0x50 ./RTD/src/Clock_Ip.o
 .debug_macro   0x00041557       0x50 ./RTD/src/Clock_Ip.o
 .debug_macro   0x000415a7       0x50 ./RTD/src/Clock_Ip.o
 .debug_macro   0x000415f7       0x50 ./RTD/src/Clock_Ip.o
 .debug_macro   0x00041647       0x50 ./RTD/src/Clock_Ip.o
 .debug_macro   0x00041697      0x8bc ./RTD/src/Clock_Ip_Data.o
 .debug_macro   0x00041f53      0x448 ./RTD/src/Clock_Ip_Divider.o
 .debug_macro   0x0004239b      0x446 ./RTD/src/Clock_Ip_DividerTrigger.o
 .debug_macro   0x000427e1      0x448 ./RTD/src/Clock_Ip_ExtOsc.o
 .debug_macro   0x00042c29      0x446 ./RTD/src/Clock_Ip_FracDiv.o
 .debug_macro   0x0004306f      0x3dc ./RTD/src/Clock_Ip_Frequency.o
 .debug_macro   0x0004344b      0x448 ./RTD/src/Clock_Ip_Gate.o
 .debug_macro   0x00043893      0x456 ./RTD/src/Clock_Ip_IntOsc.o
 .debug_macro   0x00043ce9      0x404 ./RTD/src/Clock_Ip_Irq.o
 .debug_macro   0x000440ed      0x4c3 ./RTD/src/Clock_Ip_Monitor.o
 .debug_macro   0x000445b0       0x3a ./RTD/src/Clock_Ip_Monitor.o
 .debug_macro   0x000445ea       0x50 ./RTD/src/Clock_Ip_Monitor.o
 .debug_macro   0x0004463a       0x50 ./RTD/src/Clock_Ip_Monitor.o
 .debug_macro   0x0004468a       0x50 ./RTD/src/Clock_Ip_Monitor.o
 .debug_macro   0x000446da       0x50 ./RTD/src/Clock_Ip_Monitor.o
 .debug_macro   0x0004472a      0x456 ./RTD/src/Clock_Ip_Pll.o
 .debug_macro   0x00044b80      0x4a6 ./RTD/src/Clock_Ip_ProgFreqSwitch.o
 .debug_macro   0x00045026      0x448 ./RTD/src/Clock_Ip_Selector.o
 .debug_macro   0x0004546e      0x564 ./RTD/src/Clock_Ip_Specific.o
 .debug_macro   0x000459d2       0x50 ./RTD/src/Clock_Ip_Specific.o
 .debug_macro   0x00045a22       0x50 ./RTD/src/Clock_Ip_Specific.o
 .debug_macro   0x00045a72       0x50 ./RTD/src/Clock_Ip_Specific.o
 .debug_macro   0x00045ac2       0x50 ./RTD/src/Clock_Ip_Specific.o
 .debug_macro   0x00045b12       0x50 ./RTD/src/Clock_Ip_Specific.o
 .debug_macro   0x00045b62       0x50 ./RTD/src/Clock_Ip_Specific.o
 .debug_macro   0x00045bb2      0x20c ./RTD/src/Igf_Port_Ip.o
 .debug_macro   0x00045dbe       0x34 ./RTD/src/Igf_Port_Ip.o
 .debug_macro   0x00045df2       0x34 ./RTD/src/Igf_Port_Ip.o
 .debug_macro   0x00045e26     0x6923 ./RTD/src/Igf_Port_Ip.o
 .debug_macro   0x0004c749       0xd4 ./RTD/src/Igf_Port_Ip.o
 .debug_macro   0x0004c81d       0x3a ./RTD/src/Igf_Port_Ip.o
 .debug_macro   0x0004c857       0x5e ./RTD/src/Igf_Port_Ip.o
 .debug_macro   0x0004c8b5       0x34 ./RTD/src/Igf_Port_Ip.o
 .debug_macro   0x0004c8e9       0x2e ./RTD/src/Igf_Port_Ip.o
 .debug_macro   0x0004c917       0x3a ./RTD/src/Igf_Port_Ip.o
 .debug_macro   0x0004c951      0x220 ./RTD/src/OsIf_Timer.o
 .debug_macro   0x0004cb71       0x70 ./RTD/src/OsIf_Timer.o
 .debug_macro   0x0004cbe1      0x1b1 ./RTD/src/OsIf_Timer_System.o
 .debug_macro   0x0004cd92       0x3a ./RTD/src/OsIf_Timer_System.o
 .debug_macro   0x0004cdcc      0x22b ./RTD/src/SchM_Mcu.o
 .debug_macro   0x0004cff7       0x50 ./RTD/src/SchM_Mcu.o
 .debug_macro   0x0004d047       0x50 ./RTD/src/SchM_Mcu.o
 .debug_macro   0x0004d097      0x22f ./RTD/src/SchM_Port.o
 .debug_macro   0x0004d2c6      0x2b4 ./RTD/src/Siul2_Port_Ip.o
 .debug_macro   0x0004d57a       0x97 ./RTD/src/Siul2_Port_Ip.o
 .debug_macro   0x0004d611       0x50 ./RTD/src/Siul2_Port_Ip.o
 .debug_macro   0x0004d661       0x50 ./RTD/src/Siul2_Port_Ip.o
 .debug_macro   0x0004d6b1      0x1ff ./RTD/src/Siul2_Port_Ip.o
 .debug_macro   0x0004d8b0       0x50 ./RTD/src/Siul2_Port_Ip.o
 .debug_macro   0x0004d900       0x50 ./RTD/src/Siul2_Port_Ip.o
 .debug_macro   0x0004d950       0x50 ./RTD/src/Siul2_Port_Ip.o
 .debug_macro   0x0004d9a0       0x50 ./RTD/src/Siul2_Port_Ip.o
 .debug_macro   0x0004d9f0       0x50 ./RTD/src/Siul2_Port_Ip.o
 .debug_macro   0x0004da40       0x50 ./RTD/src/Siul2_Port_Ip.o
 .debug_macro   0x0004da90      0x25a ./RTD/src/Tspc_Port_Ip.o
 .debug_macro   0x0004dcea       0x34 ./RTD/src/Tspc_Port_Ip.o
 .debug_macro   0x0004dd1e      0x568 ./RTD/src/Tspc_Port_Ip.o
 .debug_macro   0x0004e286       0x34 ./RTD/src/Tspc_Port_Ip.o
 .debug_macro   0x0004e2ba       0x3c ./RTD/src/Tspc_Port_Ip.o
 .debug_macro   0x0004e2f6      0x14f ./board/Siul2_Port_Ip_Cfg.o
 .debug_macro   0x0004e445      0x137 ./board/Tspc_Port_Ip_Cfg.o
 .debug_macro   0x0004e57c      0x40a ./generate/src/Clock_Ip_Cfg.o
 .debug_macro   0x0004e986      0x1e9 ./generate/src/Igf_Port_Ip_Cfg.o
 .debug_macro   0x0004eb6f      0x182 ./generate/src/OsIf_Cfg.o
 .debug_macro   0x0004ecf1       0x5e ./generate/src/OsIf_Cfg.o
 .debug_macro   0x0004ed4f      0x140 ./src/main.o

.debug_line     0x00000000    0x10150
 .debug_line    0x00000000      0x5a9 ./Project_Settings/Startup_Code/exceptions.o
 .debug_line    0x000005a9      0x95e ./Project_Settings/Startup_Code/nvic.o
 .debug_line    0x00000f07      0x5b6 ./Project_Settings/Startup_Code/startup.o
 .debug_line    0x000014bd      0x123 ./Project_Settings/Startup_Code/startup_cm7.o
 .debug_line    0x000015e0      0x93f ./Project_Settings/Startup_Code/system.o
 .debug_line    0x00001f1f     0x1475 ./RTD/src/Clock_Ip.o
 .debug_line    0x00003394      0x62b ./RTD/src/Clock_Ip_Data.o
 .debug_line    0x000039bf      0x805 ./RTD/src/Clock_Ip_Divider.o
 .debug_line    0x000041c4      0x746 ./RTD/src/Clock_Ip_DividerTrigger.o
 .debug_line    0x0000490a      0x8b6 ./RTD/src/Clock_Ip_ExtOsc.o
 .debug_line    0x000051c0      0x652 ./RTD/src/Clock_Ip_FracDiv.o
 .debug_line    0x00005812      0x64c ./RTD/src/Clock_Ip_Frequency.o
 .debug_line    0x00005e5e      0x7da ./RTD/src/Clock_Ip_Gate.o
 .debug_line    0x00006638      0x7b1 ./RTD/src/Clock_Ip_IntOsc.o
 .debug_line    0x00006de9      0x63f ./RTD/src/Clock_Ip_Irq.o
 .debug_line    0x00007428      0x96c ./RTD/src/Clock_Ip_Monitor.o
 .debug_line    0x00007d94      0x883 ./RTD/src/Clock_Ip_Pll.o
 .debug_line    0x00008617      0x863 ./RTD/src/Clock_Ip_ProgFreqSwitch.o
 .debug_line    0x00008e7a      0xbff ./RTD/src/Clock_Ip_Selector.o
 .debug_line    0x00009a79      0xa97 ./RTD/src/Clock_Ip_Specific.o
 .debug_line    0x0000a510      0x5ac ./RTD/src/Igf_Port_Ip.o
 .debug_line    0x0000aabc      0x540 ./RTD/src/OsIf_Timer.o
 .debug_line    0x0000affc      0x4f6 ./RTD/src/OsIf_Timer_System.o
 .debug_line    0x0000b4f2      0x6af ./RTD/src/SchM_Mcu.o
 .debug_line    0x0000bba1     0x1444 ./RTD/src/SchM_Port.o
 .debug_line    0x0000cfe5      0xc77 ./RTD/src/Siul2_Port_Ip.o
 .debug_line    0x0000dc5c      0x793 ./RTD/src/Tspc_Port_Ip.o
 .debug_line    0x0000e3ef      0x486 ./board/Siul2_Port_Ip_Cfg.o
 .debug_line    0x0000e875      0x40a ./board/Tspc_Port_Ip_Cfg.o
 .debug_line    0x0000ec7f      0x62f ./generate/src/Clock_Ip_Cfg.o
 .debug_line    0x0000f2ae      0x596 ./generate/src/Igf_Port_Ip_Cfg.o
 .debug_line    0x0000f844      0x4aa ./generate/src/OsIf_Cfg.o
 .debug_line    0x0000fcee      0x462 ./src/main.o

.debug_str      0x00000000   0x1fecf2
 .debug_str     0x00000000     0x80ae ./Project_Settings/Startup_Code/exceptions.o
                               0x82b9 (size before relaxing)
 .debug_str     0x000080ae   0x1e66ad ./Project_Settings/Startup_Code/nvic.o
                             0x1ed398 (size before relaxing)
 .debug_str     0x001ee75b      0x11b ./Project_Settings/Startup_Code/startup.o
                               0x620c (size before relaxing)
 .debug_str     0x001ee876       0x3b ./Project_Settings/Startup_Code/startup_cm7.o
                                 0x7e (size before relaxing)
 .debug_str     0x001ee8b1      0x772 ./Project_Settings/Startup_Code/system.o
                              0x16b5e (size before relaxing)
 .debug_str     0x001ef023     0x4de7 ./RTD/src/Clock_Ip.o
                              0x363b4 (size before relaxing)
 .debug_str     0x001f3e0a     0x1e41 ./RTD/src/Clock_Ip_Data.o
                              0x36b4b (size before relaxing)
 .debug_str     0x001f5c4b      0x239 ./RTD/src/Clock_Ip_Divider.o
                              0x35029 (size before relaxing)
 .debug_str     0x001f5e84      0x201 ./RTD/src/Clock_Ip_DividerTrigger.o
                              0x34fdb (size before relaxing)
 .debug_str     0x001f6085      0x2f8 ./RTD/src/Clock_Ip_ExtOsc.o
                              0x35092 (size before relaxing)
 .debug_str     0x001f637d      0x181 ./RTD/src/Clock_Ip_FracDiv.o
                              0x34ccf (size before relaxing)
 .debug_str     0x001f64fe       0x2b ./RTD/src/Clock_Ip_Frequency.o
                              0x34a77 (size before relaxing)
 .debug_str     0x001f6529      0x221 ./RTD/src/Clock_Ip_Gate.o
                              0x35058 (size before relaxing)
 .debug_str     0x001f674a      0x38b ./RTD/src/Clock_Ip_IntOsc.o
                              0x3536b (size before relaxing)
 .debug_str     0x001f6ad5      0x154 ./RTD/src/Clock_Ip_Irq.o
                              0x34532 (size before relaxing)
 .debug_str     0x001f6c29      0x787 ./RTD/src/Clock_Ip_Monitor.o
                              0x35af6 (size before relaxing)
 .debug_str     0x001f73b0      0x2f8 ./RTD/src/Clock_Ip_Pll.o
                              0x351eb (size before relaxing)
 .debug_str     0x001f76a8      0x2f7 ./RTD/src/Clock_Ip_ProgFreqSwitch.o
                              0x35427 (size before relaxing)
 .debug_str     0x001f799f      0x2ec ./RTD/src/Clock_Ip_Selector.o
                              0x35142 (size before relaxing)
 .debug_str     0x001f7c8b      0x4e3 ./RTD/src/Clock_Ip_Specific.o
                              0x35d2e (size before relaxing)
 .debug_str     0x001f816e     0x1111 ./RTD/src/Igf_Port_Ip.o
                              0x4e549 (size before relaxing)
 .debug_str     0x001f927f      0x41c ./RTD/src/OsIf_Timer.o
                               0x8840 (size before relaxing)
 .debug_str     0x001f969b      0x14c ./RTD/src/OsIf_Timer_System.o
                               0x872c (size before relaxing)
 .debug_str     0x001f97e7      0x381 ./RTD/src/SchM_Mcu.o
                               0x8963 (size before relaxing)
 .debug_str     0x001f9b68     0x106b ./RTD/src/SchM_Port.o
                               0x9749 (size before relaxing)
 .debug_str     0x001fabd3     0x33e8 ./RTD/src/Siul2_Port_Ip.o
                              0x5181b (size before relaxing)
 .debug_str     0x001fdfbb      0x5d9 ./RTD/src/Tspc_Port_Ip.o
                              0x5105a (size before relaxing)
 .debug_str     0x001fe594      0x143 ./board/Siul2_Port_Ip_Cfg.o
                              0x4c038 (size before relaxing)
 .debug_str     0x001fe6d7      0x13b ./board/Tspc_Port_Ip_Cfg.o
                               0x8d52 (size before relaxing)
 .debug_str     0x001fe812      0x287 ./generate/src/Clock_Ip_Cfg.o
                              0x3521f (size before relaxing)
 .debug_str     0x001fea99      0x13a ./generate/src/Igf_Port_Ip_Cfg.o
                              0x4e2d0 (size before relaxing)
 .debug_str     0x001febd3      0x102 ./generate/src/OsIf_Cfg.o
                               0x843d (size before relaxing)
 .debug_str     0x001fecd5       0x1d ./src/main.o
                               0x8031 (size before relaxing)

.debug_frame    0x00000000     0x12a0
 .debug_frame   0x00000000       0xb0 ./Project_Settings/Startup_Code/exceptions.o
 .debug_frame   0x000000b0       0x50 ./Project_Settings/Startup_Code/nvic.o
 .debug_frame   0x00000100       0x54 ./Project_Settings/Startup_Code/startup.o
 .debug_frame   0x00000154       0x60 ./Project_Settings/Startup_Code/system.o
 .debug_frame   0x000001b4      0x1b8 ./RTD/src/Clock_Ip.o
 .debug_frame   0x0000036c       0x70 ./RTD/src/Clock_Ip_Divider.o
 .debug_frame   0x000003dc       0x50 ./RTD/src/Clock_Ip_DividerTrigger.o
 .debug_frame   0x0000042c      0x108 ./RTD/src/Clock_Ip_ExtOsc.o
 .debug_frame   0x00000534       0x30 ./RTD/src/Clock_Ip_FracDiv.o
 .debug_frame   0x00000564       0x20 ./RTD/src/Clock_Ip_Frequency.o
 .debug_frame   0x00000584       0x6c ./RTD/src/Clock_Ip_Gate.o
 .debug_frame   0x000005f0       0xc4 ./RTD/src/Clock_Ip_IntOsc.o
 .debug_frame   0x000006b4       0x20 ./RTD/src/Clock_Ip_Irq.o
 .debug_frame   0x000006d4       0xd0 ./RTD/src/Clock_Ip_Monitor.o
 .debug_frame   0x000007a4       0xa4 ./RTD/src/Clock_Ip_Pll.o
 .debug_frame   0x00000848       0x40 ./RTD/src/Clock_Ip_ProgFreqSwitch.o
 .debug_frame   0x00000888       0xf8 ./RTD/src/Clock_Ip_Selector.o
 .debug_frame   0x00000980       0xf4 ./RTD/src/Clock_Ip_Specific.o
 .debug_frame   0x00000a74       0x60 ./RTD/src/OsIf_Timer.o
 .debug_frame   0x00000ad4       0xb0 ./RTD/src/SchM_Mcu.o
 .debug_frame   0x00000b84      0x560 ./RTD/src/SchM_Port.o
 .debug_frame   0x000010e4      0x144 ./RTD/src/Siul2_Port_Ip.o
 .debug_frame   0x00001228       0x58 ./RTD/src/Tspc_Port_Ip.o
 .debug_frame   0x00001280       0x20 ./src/main.o

.debug_loc      0x00000000     0x3dd8
 .debug_loc     0x00000000       0xb9 ./Project_Settings/Startup_Code/nvic.o
 .debug_loc     0x000000b9      0x3b7 ./Project_Settings/Startup_Code/startup.o
 .debug_loc     0x00000470      0x262 ./Project_Settings/Startup_Code/system.o
 .debug_loc     0x000006d2      0x7e3 ./RTD/src/Clock_Ip.o
 .debug_loc     0x00000eb5      0x185 ./RTD/src/Clock_Ip_Divider.o
 .debug_loc     0x0000103a       0x7b ./RTD/src/Clock_Ip_DividerTrigger.o
 .debug_loc     0x000010b5      0x16b ./RTD/src/Clock_Ip_ExtOsc.o
 .debug_loc     0x00001220       0x25 ./RTD/src/Clock_Ip_FracDiv.o
 .debug_loc     0x00001245      0x143 ./RTD/src/Clock_Ip_Gate.o
 .debug_loc     0x00001388      0x108 ./RTD/src/Clock_Ip_IntOsc.o
 .debug_loc     0x00001490      0x4bd ./RTD/src/Clock_Ip_Monitor.o
 .debug_loc     0x0000194d      0x236 ./RTD/src/Clock_Ip_Pll.o
 .debug_loc     0x00001b83      0x447 ./RTD/src/Clock_Ip_ProgFreqSwitch.o
 .debug_loc     0x00001fca      0x513 ./RTD/src/Clock_Ip_Selector.o
 .debug_loc     0x000024dd      0x29b ./RTD/src/Clock_Ip_Specific.o
 .debug_loc     0x00002778       0x99 ./RTD/src/OsIf_Timer.o
 .debug_loc     0x00002811      0x111 ./RTD/src/SchM_Mcu.o
 .debug_loc     0x00002922      0x945 ./RTD/src/SchM_Port.o
 .debug_loc     0x00003267      0x9f7 ./RTD/src/Siul2_Port_Ip.o
 .debug_loc     0x00003c5e      0x17a ./RTD/src/Tspc_Port_Ip.o
